Archive member included because of file (symbol)

irq/irq_code.a(irqUart.o)     uart.o (uart1ISR)
../startup/libea_startup_thumb.a(consol.o)
                              testAdc.o (consolSendNumber)
../startup/libea_startup_thumb.a(startup.o)
                              (_startup)
../startup/libea_startup_thumb.a(framework.o)
                              ../startup/libea_startup_thumb.a(startup.o) (exceptionHandlerInit)
../pre_emptive_os/pre_emptive_os.a(kernel.o)
                              main.o (osInit)
../pre_emptive_os/pre_emptive_os.a(prioqueue.o)
                              ../pre_emptive_os/pre_emptive_os.a(kernel.o) (initPrioQueue)
../pre_emptive_os/pre_emptive_os.a(timer.o)
                              ../pre_emptive_os/pre_emptive_os.a(kernel.o) (timerTick)
../pre_emptive_os/pre_emptive_os.a(stack_usage.o)
                              ../pre_emptive_os/pre_emptive_os.a(kernel.o) (createStackPattern)
../pre_emptive_os/pre_emptive_os.a(a7hal.o)
                              ../pre_emptive_os/pre_emptive_os.a(kernel.o) (stkFrameInit_oshal)
../pre_emptive_os/pre_emptive_os.a(a7hal_a.o)
                              ../pre_emptive_os/pre_emptive_os.a(kernel.o) (startHighProc_oshal)
../pre_emptive_os/pre_emptive_os.a(count_sem.o)
                              ../pre_emptive_os/pre_emptive_os.a(timer.o) (osSemInit)
../pre_emptive_os/pre_emptive_os.a(event.o)
                              ../pre_emptive_os/pre_emptive_os.a(count_sem.o) (eventInit)
pff2/pff2_sd.a(pff.o)         main.o (pf_mount)
pff2/pff2_sd.a(diskio.o)      pff2/pff2_sd.a(pff.o) (disk_readp)
pff2/pff2_sd.a(sd.o)          pff2/pff2_sd.a(diskio.o) (sdResp8bError)
pff2/pff2_sd.a(spi.o)         pff2/pff2_sd.a(diskio.o) (setSpiSpeed)
/cygdrive/c/Embedded/GNUARM/bin/../lib/gcc/arm-elf/4.1.1/interwork/libgcc.a(_udivsi3.o)
                              lcd.o (__udivsi3)
/cygdrive/c/Embedded/GNUARM/bin/../lib/gcc/arm-elf/4.1.1/interwork/libgcc.a(_divsi3.o)
                              ../pre_emptive_os/pre_emptive_os.a(stack_usage.o) (__divsi3)
/cygdrive/c/Embedded/GNUARM/bin/../lib/gcc/arm-elf/4.1.1/interwork/libgcc.a(_umodsi3.o)
                              lcd.o (__umodsi3)
/cygdrive/c/Embedded/GNUARM/bin/../lib/gcc/arm-elf/4.1.1/interwork/libgcc.a(_dvmd_tls.o)
                              /cygdrive/c/Embedded/GNUARM/bin/../lib/gcc/arm-elf/4.1.1/interwork/libgcc.a(_udivsi3.o) (__div0)
/cygdrive/c/Embedded/GNUARM/bin/../lib/gcc/arm-elf/4.1.1/interwork/libgcc.a(_call_via_rX.o)
                              ../pre_emptive_os/pre_emptive_os.a(timer.o) (_call_via_r4)
/cygdrive/c/Embedded/GNUARM/bin/../lib/gcc/arm-elf/4.1.1/../../../../arm-elf/lib/interwork/libc.a(atoi.o)
                              ../startup/libea_startup_thumb.a(consol.o) (atoi)
/cygdrive/c/Embedded/GNUARM/bin/../lib/gcc/arm-elf/4.1.1/../../../../arm-elf/lib/interwork/libc.a(memcpy.o)
                              ../startup/libea_startup_thumb.a(consol.o) (memcpy)
/cygdrive/c/Embedded/GNUARM/bin/../lib/gcc/arm-elf/4.1.1/../../../../arm-elf/lib/interwork/libc.a(printf.o)
                              pff2/pff2_sd.a(sd.o) (printf)
/cygdrive/c/Embedded/GNUARM/bin/../lib/gcc/arm-elf/4.1.1/../../../../arm-elf/lib/interwork/libc.a(puts.o)
                              pff2/pff2_sd.a(sd.o) (puts)
/cygdrive/c/Embedded/GNUARM/bin/../lib/gcc/arm-elf/4.1.1/../../../../arm-elf/lib/interwork/libc.a(strlen.o)
                              ../startup/libea_startup_thumb.a(consol.o) (strlen)
/cygdrive/c/Embedded/GNUARM/bin/../lib/gcc/arm-elf/4.1.1/../../../../arm-elf/lib/interwork/libc.a(strtol.o)
                              /cygdrive/c/Embedded/GNUARM/bin/../lib/gcc/arm-elf/4.1.1/../../../../arm-elf/lib/interwork/libc.a(atoi.o) (_strtol_r)
/cygdrive/c/Embedded/GNUARM/bin/../lib/gcc/arm-elf/4.1.1/../../../../arm-elf/lib/interwork/libc.a(vfprintf.o)
                              /cygdrive/c/Embedded/GNUARM/bin/../lib/gcc/arm-elf/4.1.1/../../../../arm-elf/lib/interwork/libc.a(printf.o) (_vfprintf_r)
/cygdrive/c/Embedded/GNUARM/bin/../lib/gcc/arm-elf/4.1.1/../../../../arm-elf/lib/interwork/libc.a(wcrtomb.o)
                              /cygdrive/c/Embedded/GNUARM/bin/../lib/gcc/arm-elf/4.1.1/../../../../arm-elf/lib/interwork/libc.a(vfprintf.o) (_wcrtomb_r)
/cygdrive/c/Embedded/GNUARM/bin/../lib/gcc/arm-elf/4.1.1/../../../../arm-elf/lib/interwork/libc.a(wcsrtombs.o)
                              /cygdrive/c/Embedded/GNUARM/bin/../lib/gcc/arm-elf/4.1.1/../../../../arm-elf/lib/interwork/libc.a(vfprintf.o) (_wcsrtombs_r)
/cygdrive/c/Embedded/GNUARM/bin/../lib/gcc/arm-elf/4.1.1/../../../../arm-elf/lib/interwork/libc.a(wctomb_r.o)
                              /cygdrive/c/Embedded/GNUARM/bin/../lib/gcc/arm-elf/4.1.1/../../../../arm-elf/lib/interwork/libc.a(wcrtomb.o) (_wctomb_r)
/cygdrive/c/Embedded/GNUARM/bin/../lib/gcc/arm-elf/4.1.1/../../../../arm-elf/lib/interwork/libc.a(wsetup.o)
[...]
Memory Configuration

Name             Origin             Length             Attributes
FLASH            0x00000000         0x00080000         xr
RAM              0x40000000         0x00008000         rw
*default*        0x00000000         0xffffffff

Linker script and memory map

LOAD main.o
LOAD eeprom.o
LOAD i2c.o
LOAD uart.o
LOAD testAdc.o
LOAD testLcd.o
LOAD testRGB.o
LOAD lcd.o
LOAD lcd_hw.o
LOAD key.o
LOAD irq/irq_code.a
LOAD ../startup/libea_startup_thumb.a
LOAD ../pre_emptive_os/pre_emptive_os.a
LOAD usb/libusb.a
LOAD pff2/pff2_sd.a
START GROUP
LOAD /cygdrive/c/Embedded/GNUARM/bin/../lib/gcc/arm-elf/4.1.1/interwork/libgcc.a
LOAD /cygdrive/c/Embedded/GNUARM/bin/../lib/gcc/arm-elf/4.1.1/../../../../arm-elf/lib/interwork/libc.a
END GROUP

.text           0x00000000     0xd018
 *startup.o(.text)
 .text          0x00000000      0x1d8 ../startup/libea_startup_thumb.a(startup.o)
                0x00000000                _startup
 *(.text)
 .text          0x000001d8      0x4a8 main.o
                0x000002a8                appTick
                0x000002b8                main
 .text          0x00000680      0x23c eeprom.o
                0x000007d0                lm75Read
                0x00000680                eepromWrite
                0x000006ec                eepromPoll
                0x00000844                eepromPageRead
                0x00000738                eepromStartRead
 .text          0x000008bc      0x3a0 i2c.o
                0x000008d4                i2cInit
                0x00000b18                i2cRead
                0x00000a44                i2cWriteWithWait
                0x00000920                i2cStart
                0x0000096c                i2cStop
                0x000008bc                i2cCheckStatus
                0x000009c0                i2cGetChar
                0x00000acc                i2cRepeatStart
                0x00000bb8                i2cWrite
                0x00000a18                i2cWaitTransmit
                0x00000a74                i2cMyWrite
                0x00000994                i2cPutChar
 .text          0x00000c5c      0x204 uart.o
                0x00000d80                uart1SendChar
                0x00000e04                uart1SendChars
                0x00000e48                uart1SendString
                0x00000e2c                uart1SendCh
                0x00000c5c                initUart1
                0x00000d34                uart1GetChar
                0x00000d64                uart1GetCh
 .text          0x00000e60      0x2b4 testAdc.o
                0x00000e98                testAdc
 .text          0x00001114        0x0 testLcd.o
 .text          0x00001114        0x0 testRGB.o
 .text          0x00001114      0x5e0 lcd.o
                0x00001114                lcdColor
                0x000012f8                lcdPutsNumber
                0x00001350                lcdWindow
                0x00001590                lcdClrscr
                0x00001458                lcdRectBrd
                0x00001294                lcdPutchar
                0x0000156c                lcdContrast
                0x000015e4                lcdOff
                0x00001600                lcdInit
                0x000013a8                lcdIcon
                0x000011cc                lcdData
                0x00001128                lcdWrdata
                0x00001508                lcdRect
                0x00001150                lcdWrcmd
                0x00001338                lcdPuts
                0x00001380                lcdGotoxy
 .text          0x000016f4       0xd8 lcd_hw.o
                0x000016f4                sendToLCD
                0x00001790                initSpiForLcd
                0x00001770                selectLCD
 .text          0x000017cc      0x240 key.o
                0x0000182c                checkKey2
                0x00001838                sampleKey
                0x000019ac                initKeyProc
                0x0000181c                checkKey
                0x000017cc                getKeys
 .text          0x00001a0c      0x1e4 irq/irq_code.a(irqUart.o)
                0x00001a0c                uart1ISR
                0x00001be8                restoreIrq
                0x00001bc8                disIrq
 .text          0x00001bf0      0x67c ../startup/libea_startup_thumb.a(consol.o)
                0x000020a8                consolGetIntNum
                0x00001ce4                consolSendCh
                0x00001eb0                consolGetString
                0x00001d54                consolSendNumber
                0x00001e6c                consolGetCh
                0x00001cc4                consolSendChar
                0x00001f28                simplePrintf
                0x00001d28                consolSendString
                0x00002188                consolScanf
                0x00001e8c                consolGetChar
                0x00001c74                consolInit
 .text          0x0000226c      0x2c0 ../startup/libea_startup_thumb.a(framework.o)
                0x00002398                InicjalizacjaKonsoli
                0x000022e4                lowLevelInit
                0x0000226c                exceptionHandlerInit
 .text          0x0000252c      0x4f8 ../pre_emptive_os/pre_emptive_os.a(kernel.o)
                0x000028a8                osTick
                0x0000296c                rmvFromRdyList
                0x000026c8                osGetHighPrioProc
                0x00002988                osSuspend
                0x000025dc                osInit
                0x000029bc                osDeleteProcess
                0x00002608                osISREnter
                0x000026e4                schedule
                0x0000262c                osCreateProcess
                0x00002828                addToRdyList
                0x00002578                addToTimeList
                0x0000283c                osResume
                0x0000252c                osPid
                0x000029ec                osSleep
                0x00002750                osISRExit
                0x000027b8                osStart
                0x000027e4                rmvFromTimeList
                0x00002904                osStartProcess
 .text          0x00002a24      0x124 ../pre_emptive_os/pre_emptive_os.a(prioqueue.o)
                0x00002a24                initPrioQueue
                0x00002a8c                rmvFromPrioQueue
                0x00002a44                addToPrioQueue
                0x00002b28                isEmptyPrioQueue
                0x00002af0                getHighPrioQueue
 .text          0x00002b48      0x218 ../pre_emptive_os/pre_emptive_os.a(timer.o)
                0x00002b48                timerTick
                0x00002cbc                osInitTimers
                0x00002c58                osDeleteTimer
                0x00002c2c                osCreateTimer
 .text          0x00002d60       0xa4 ../pre_emptive_os/pre_emptive_os.a(stack_usage.o)
                0x00002d60                osStackUsage
                0x00002da4                createStackPattern
                0x00002dc4                checkStackLimit
 .text          0x00002e04      0x1ec ../pre_emptive_os/pre_emptive_os.a(a7hal.o)
                0x00002e3c                stkFrameInit_oshal
                0x00002e04                timerIsr_oshal
                0x00002f1c                halRestoreInterrupts_oshal
                0x00002f24                initTimer_oshal
                0x00002f0c                halEnableInterrupts_oshal
                0x00002fbc                handleIRQs_oshal
                0x00002eec                halDisableInterrupts_oshal
 .text          0x00002ff0       0xc4 ../pre_emptive_os/pre_emptive_os.a(a7hal_a.o)
                0x00002ffc                startHighProc_oshal
                0x00003024                ctxSwitchIsr_oshal
                0x00003004                ctxSwitch_oshal
                0x00003044                generalIRQ_oshal
 .text          0x000030b4      0x144 ../pre_emptive_os/pre_emptive_os.a(count_sem.o)
                0x00003154                osSemGive
                0x000031b8                osSemTryTake
                0x000030b4                osSemInit
                0x000030c8                osSemTake
 .text          0x000031f8       0xd8 ../pre_emptive_os/pre_emptive_os.a(event.o)
                0x00003208                eventWait
                0x000031f8                eventInit
                0x00003270                eventIsEmpty
                0x00003240                eventWaitReturn
                0x00003280                eventSignal
 .text          0x000032d0      0xe90 pff2/pff2_sd.a(pff.o)
                0x000039c8                pf_readdir
                0x000035cc                pf_lseek
                0x00003714                pf_read
                0x00003e60                pf_open
                0x00003dc4                pf_opendir
                0x00003f28                pf_mount
 .text          0x00004160      0x1f0 pff2/pff2_sd.a(diskio.o)
                0x00004160                disk_readp
                0x000042f4                disk_initialize
 .text          0x00004350      0x2c0 pff2/pff2_sd.a(sd.o)
                0x0000440c                sdCommand
                0x00004350                sdResp8bError
                0x0000457c                sdInit
                0x00004354                sdResp8b
                0x000043b8                sdResp16b
                0x00004484                sdState
 .text          0x00004610      0x148 pff2/pff2_sd.a(spi.o)
                0x0000462c                my_spiSend
                0x000046dc                initSpi
                0x00004610                setSpiSpeed
                0x0000467c                spiSend
 .text          0x00004758      0x114 /cygdrive/c/Embedded/GNUARM/bin/../lib/gcc/arm-elf/4.1.1/interwork/libgcc.a(_udivsi3.o)
                0x00004758                __udivsi3
                0x00004758                __aeabi_uidiv
                0x00004854                __aeabi_uidivmod
 .text          0x0000486c      0x144 /cygdrive/c/Embedded/GNUARM/bin/../lib/gcc/arm-elf/4.1.1/interwork/libgcc.a(_divsi3.o)
                0x0000486c                __aeabi_idiv
                0x0000486c                __divsi3
                0x00004998                __aeabi_idivmod
 .text          0x000049b0       0xd0 /cygdrive/c/Embedded/GNUARM/bin/../lib/gcc/arm-elf/4.1.1/interwork/libgcc.a(_umodsi3.o)
                0x000049b0                __umodsi3
 .text          0x00004a80        0x4 /cygdrive/c/Embedded/GNUARM/bin/../lib/gcc/arm-elf/4.1.1/interwork/libgcc.a(_dvmd_tls.o)
                0x00004a80                __aeabi_ldiv0
                0x00004a80                __div0
                0x00004a80                __aeabi_idiv0
 .text          0x00004a84       0x3c /cygdrive/c/Embedded/GNUARM/bin/../lib/gcc/arm-elf/4.1.1/interwork/libgcc.a(_call_via_rX.o)
                0x00004a8c                _call_via_r2
                0x00004a9c                _call_via_r6
                0x00004a98                _call_via_r5
                0x00004a90                _call_via_r3
                0x00004ab0                _call_via_fp
                0x00004aa4                _call_via_r8
                0x00004aa0                _call_via_r7
                0x00004a84                _call_via_r0
                0x00004aac                _call_via_sl
                0x00004ab8                _call_via_sp
                0x00004aa8                _call_via_r9
                0x00004a94                _call_via_r4
                0x00004a88                _call_via_r1
                0x00004ab4                _call_via_ip
                0x00004abc                _call_via_lr
 .text          0x00004ac0       0x30 /cygdrive/c/Embedded/GNUARM/bin/../lib/gcc/arm-elf/4.1.1/../../../../arm-elf/lib/interwork/libc.a(atoi.o)
                0x00004ac0                _atoi_r
                0x00004ad8                atoi
 .text          0x00004af0       0x9c /cygdrive/c/Embedded/GNUARM/bin/../lib/gcc/arm-elf/4.1.1/../../../../arm-elf/lib/interwork/libc.a(memcpy.o)
                0x00004af0                memcpy
 .text          0x00004b8c       0x74 /cygdrive/c/Embedded/GNUARM/bin/../lib/gcc/arm-elf/4.1.1/../../../../arm-elf/lib/interwork/libc.a(printf.o)
                0x00004b8c                printf
                0x00004bcc                _printf_r
 .text          0x00004c00       0x84 /cygdrive/c/Embedded/GNUARM/bin/../lib/gcc/arm-elf/4.1.1/../../../../arm-elf/lib/interwork/libc.a(puts.o)
                0x00004c00                _puts_r
                0x00004c70                puts
 .text          0x00004c84       0x90 /cygdrive/c/Embedded/GNUARM/bin/../lib/gcc/arm-elf/4.1.1/../../../../arm-elf/lib/interwork/libc.a(strlen.o)
                0x00004c84                strlen
 .text          0x00004d14      0x1f0 /cygdrive/c/Embedded/GNUARM/bin/../lib/gcc/arm-elf/4.1.1/../../../../arm-elf/lib/interwork/libc.a(strtol.o)
                0x00004ed8                strtol
                0x00004d14                _strtol_r
 .text          0x00004f04     0x1f8c /cygdrive/c/Embedded/GNUARM/bin/../lib/gcc/arm-elf/4.1.1/../../../../arm-elf/lib/interwork/libc.a(vfprintf.o)
                0x00004f44                _vfprintf_r
                0x00006e64                vfprintf
 .text          0x00006e90       0x84 /cygdrive/c/Embedded/GNUARM/bin/../lib/gcc/arm-elf/4.1.1/../../../../arm-elf/lib/interwork/libc.a(wcrtomb.o)
                0x00006e90                _wcrtomb_r
                0x00006ee8                wcrtomb
 .text          0x00006f14      0x180 /cygdrive/c/Embedded/GNUARM/bin/../lib/gcc/arm-elf/4.1.1/../../../../arm-elf/lib/interwork/libc.a(wcsrtombs.o)
                0x00006f14                _wcsrtombs_r
                0x00007050                wcsrtombs
 .text          0x00007094      0x41c /cygdrive/c/Embedded/GNUARM/bin/../lib/gcc/arm-elf/4.1.1/../../../../arm-elf/lib/interwork/libc.a(wctomb_r.o)
                0x00007094                _wctomb_r
 .text          0x000074b0      0x100 /cygdrive/c/Embedded/GNUARM/bin/../lib/gcc/arm-elf/4.1.1/../../../../arm-elf/lib/interwork/libc.a(wsetup.o)
                0x000074b0                __swsetup
 .text          0x000075b0        0x0 /cygdrive/c/Embedded/GNUARM/bin/../lib/gcc/arm-elf/4.1.1/../../../../arm-elf/lib/interwork/libc.a(ctype_.o)
 .text          0x000075b0     0x1660 /cygdrive/c/Embedded/GNUARM/bin/../lib/gcc/arm-elf/4.1.1/../../../../arm-elf/lib/interwork/libc.a(dtoa.o)
                0x000077b8                _dtoa_r
 .text          0x00008c10       0xe8 /cygdrive/c/Embedded/GNUARM/bin/../lib/gcc/arm-elf/4.1.1/../../../../arm-elf/lib/interwork/libc.a(fflush.o)
                0x00008c10                fflush
 .text          0x00008cf8      0x2a0 /cygdrive/c/Embedded/GNUARM/bin/../lib/gcc/arm-elf/4.1.1/../../../../arm-elf/lib/interwork/libc.a(findfp.o)
                0x00008d64                __sinit
                0x00008e64                __sfmoreglue
                0x00008e54                _cleanup
                0x00008e3c                _cleanup_r
                0x00008e18                __fp_lock_all
                0x00008d54                __sfp_lock_acquire
                0x00008eb8                __sfp
                0x00008d60                __sinit_lock_release
                0x00008df4                __fp_unlock_all
                0x00008d58                __sfp_lock_release
                0x00008d5c                __sinit_lock_acquire
 .text          0x00008f98      0x3a4 /cygdrive/c/Embedded/GNUARM/bin/../lib/gcc/arm-elf/4.1.1/../../../../arm-elf/lib/interwork/libc.a(freer.o)
                0x00009098                _free_r
                0x00008f98                _malloc_trim_r
 .text          0x0000933c      0x408 /cygdrive/c/Embedded/GNUARM/bin/../lib/gcc/arm-elf/4.1.1/../../../../arm-elf/lib/interwork/libc.a(fvwrite.o)
                0x0000933c                __sfvwrite
 .text          0x00009744      0x114 /cygdrive/c/Embedded/GNUARM/bin/../lib/gcc/arm-elf/4.1.1/../../../../arm-elf/lib/interwork/libc.a(fwalk.o)
                0x000097d0                _fwalk
                0x00009744                _fwalk_reent
 .text          0x00009858        0x0 /cygdrive/c/Embedded/GNUARM/bin/../lib/gcc/arm-elf/4.1.1/../../../../arm-elf/lib/interwork/libc.a(impure.o)
 .text          0x00009858       0xb0 /cygdrive/c/Embedded/GNUARM/bin/../lib/gcc/arm-elf/4.1.1/../../../../arm-elf/lib/interwork/libc.a(locale.o)
                0x00009884                _setlocale_r
                0x00009858                __locale_charset
                0x00009868                _localeconv_r
                0x000098ec                setlocale
                0x00009874                localeconv
 .text          0x00009908      0x158 /cygdrive/c/Embedded/GNUARM/bin/../lib/gcc/arm-elf/4.1.1/../../../../arm-elf/lib/interwork/libc.a(makebuf.o)
                0x00009908                __smakebuf
 .text          0x00009a60      0x774 /cygdrive/c/Embedded/GNUARM/bin/../lib/gcc/arm-elf/4.1.1/../../../../arm-elf/lib/interwork/libc.a(mallocr.o)
                0x00009a60                _malloc_r
 .text          0x0000a1d4      0x100 /cygdrive/c/Embedded/GNUARM/bin/../lib/gcc/arm-elf/4.1.1/../../../../arm-elf/lib/interwork/libc.a(memchr.o)
                0x0000a1d4                memchr
 .text          0x0000a2d4       0xe4 /cygdrive/c/Embedded/GNUARM/bin/../lib/gcc/arm-elf/4.1.1/../../../../arm-elf/lib/interwork/libc.a(memmove.o)
                0x0000a2d4                memmove
 .text          0x0000a3b8       0x98 /cygdrive/c/Embedded/GNUARM/bin/../lib/gcc/arm-elf/4.1.1/../../../../arm-elf/lib/interwork/libc.a(memset.o)
                0x0000a3b8                memset
 .text          0x0000a450        0x8 /cygdrive/c/Embedded/GNUARM/bin/../lib/gcc/arm-elf/4.1.1/../../../../arm-elf/lib/interwork/libc.a(mlock.o)
                0x0000a454                __malloc_unlock
                0x0000a450                __malloc_lock
 .text          0x0000a458      0xc00 /cygdrive/c/Embedded/GNUARM/bin/../lib/gcc/arm-elf/4.1.1/../../../../arm-elf/lib/interwork/libc.a(mprec.o)
                0x0000a750                _mprec_log10
                0x0000a474                _hi0bits
                0x0000a7b8                _Balloc
                0x0000a854                _d2b
                0x0000abc0                _multiply
                0x0000a6d4                _ratio
                0x0000af6c                _s2b
                0x0000ad84                _i2b
                0x0000a4cc                _lo0bits
                0x0000a560                __mcmp
                0x0000ae74                _pow5mult
                0x0000a5c0                _ulp
                0x0000a620                _b2d
                0x0000ada8                _multadd
                0x0000a98c                __mdiff
                0x0000aac0                _lshift
                0x0000a458                _Bfree
 .text          0x0000b058      0x63c /cygdrive/c/Embedded/GNUARM/bin/../lib/gcc/arm-elf/4.1.1/../../../../arm-elf/lib/interwork/libc.a(reallocr.o)
                0x0000b058                _realloc_r
 .text          0x0000b694       0x3c /cygdrive/c/Embedded/GNUARM/bin/../lib/gcc/arm-elf/4.1.1/../../../../arm-elf/lib/interwork/libc.a(s_isinf.o)
                0x0000b694                isinf
 .text          0x0000b6d0       0x30 /cygdrive/c/Embedded/GNUARM/bin/../lib/gcc/arm-elf/4.1.1/../../../../arm-elf/lib/interwork/libc.a(s_isnan.o)
                0x0000b6d0                isnan
 .text          0x0000b700       0x40 /cygdrive/c/Embedded/GNUARM/bin/../lib/gcc/arm-elf/4.1.1/../../../../arm-elf/lib/interwork/libc.a(sbrkr.o)
                0x0000b700                _sbrk_r
 .text          0x0000b740      0x118 /cygdrive/c/Embedded/GNUARM/bin/../lib/gcc/arm-elf/4.1.1/../../../../arm-elf/lib/interwork/libc.a(stdio.o)
                0x0000b760                __sseek
                0x0000b810                __sread
                0x0000b740                __sclose
                0x0000b7ac                __swrite
 .text          0x0000b858       0xd0 /cygdrive/c/Embedded/GNUARM/bin/../lib/gcc/arm-elf/4.1.1/../../../../arm-elf/lib/interwork/libc.a(strcmp.o)
                0x0000b858                strcmp
 .text          0x0000b928      0x748 /cygdrive/c/Embedded/GNUARM/bin/../lib/gcc/arm-elf/4.1.1/../../../../arm-elf/lib/interwork/libc.a(syscalls.o)
                0x0000b958                _getpid
                0x0000bed8                initialise_monitor_handles
                0x0000b974                isatty
                0x0000ba58                _fstat
                0x0000be64                _open
                0x0000b9c0                _sbrk
                0x0000b970                _raise
                0x0000bf98                _times
                0x0000be84                _stat
                0x0000bd00                _lseek
                0x0000b960                _link
                0x0000bb6c                _swiwrite
                0x0000b97c                _rename
                0x0000bc1c                _swilseek
                0x0000bb0c                _swiclose
                0x0000bdb8                _swiopen
                0x0000b968                _unlink
                0x0000bbac                _write
                0x0000c024                _kill
                0x0000bfd8                _gettimeofday
                0x0000bd50                _read
                0x0000c050                _exit
                0x0000b998                _system
                0x0000bd10                _swiread
                0x0000bb5c                _close
 .text          0x0000c070       0x44 /cygdrive/c/Embedded/GNUARM/bin/../lib/gcc/arm-elf/4.1.1/../../../../arm-elf/lib/interwork/libc.a(writer.o)
                0x0000c070                _write_r
 .text          0x0000c0b4       0xa0 /cygdrive/c/Embedded/GNUARM/bin/../lib/gcc/arm-elf/4.1.1/../../../../arm-elf/lib/interwork/libc.a(callocr.o)
                0x0000c0b4                _calloc_r
 .text          0x0000c154       0x3c /cygdrive/c/Embedded/GNUARM/bin/../lib/gcc/arm-elf/4.1.1/../../../../arm-elf/lib/interwork/libc.a(closer.o)
                0x0000c154                _close_r
 .text          0x0000c190       0x10 /cygdrive/c/Embedded/GNUARM/bin/../lib/gcc/arm-elf/4.1.1/../../../../arm-elf/lib/interwork/libc.a(errno.o)
                0x0000c190                __errno
 .text          0x0000c1a0      0x12c /cygdrive/c/Embedded/GNUARM/bin/../lib/gcc/arm-elf/4.1.1/../../../../arm-elf/lib/interwork/libc.a(fclose.o)
                0x0000c1a0                _fclose_r
                0x0000c2b8                fclose
 .text          0x0000c2cc       0x40 /cygdrive/c/Embedded/GNUARM/bin/../lib/gcc/arm-elf/4.1.1/../../../../arm-elf/lib/interwork/libc.a(fstatr.o)
                0x0000c2cc                _fstat_r
 .text          0x0000c30c       0x44 /cygdrive/c/Embedded/GNUARM/bin/../lib/gcc/arm-elf/4.1.1/../../../../arm-elf/lib/interwork/libc.a(lseekr.o)
                0x0000c30c                _lseek_r
 .text          0x0000c350       0x44 /cygdrive/c/Embedded/GNUARM/bin/../lib/gcc/arm-elf/4.1.1/../../../../arm-elf/lib/interwork/libc.a(readr.o)
                0x0000c350                _read_r
 .text          0x0000c394      0x18c /cygdrive/c/Embedded/GNUARM/bin/../lib/gcc/arm-elf/4.1.1/../../../../arm-elf/lib/interwork/libc.a(reent.o)
                0x0000c410                cleanup_glue
                0x0000c43c                _reclaim_reent
                0x0000c394                _wrapup_reent
 .text          0x0000c520      0x430 /cygdrive/c/Embedded/GNUARM/bin/../lib/gcc/arm-elf/4.1.1/interwork/libgcc.a(_addsubdf3.o)
                0x0000c8e4                __floatdidf
                0x0000c864                __floatsidf
                0x0000c83c                __aeabi_ui2d
                0x0000c520                __aeabi_drsub
                0x0000c890                __extendsfdf2
                0x0000c52c                __adddf3
                0x0000c83c                __floatunsidf
                0x0000c52c                __aeabi_dadd
                0x0000c8d0                __aeabi_ul2d
                0x0000c528                __aeabi_dsub
                0x0000c8d0                __floatundidf
                0x0000c864                __aeabi_i2d
                0x0000c8e4                __aeabi_l2d
                0x0000c890                __aeabi_f2d
                0x0000c528                __subdf3
 .text          0x0000c950      0x49c /cygdrive/c/Embedded/GNUARM/bin/../lib/gcc/arm-elf/4.1.1/interwork/libgcc.a(_muldivdf3.o)
                0x0000cbe0                __aeabi_ddiv
                0x0000c950                __aeabi_dmul
                0x0000cbe0                __divdf3
                0x0000c950                __muldf3
 .text          0x0000cdec      0x140 /cygdrive/c/Embedded/GNUARM/bin/../lib/gcc/arm-elf/4.1.1/interwork/libgcc.a(_cmpdf2.o)
                0x0000cee4                __aeabi_dcmple
                0x0000cdfc                __cmpdf2
                0x0000cdfc                __eqdf2
                0x0000cdec                __gtdf2
                0x0000ce9c                __aeabi_cdcmple
                0x0000ce80                __aeabi_cdrcmple
                0x0000cdf4                __ltdf2
                0x0000cecc                __aeabi_dcmplt
                0x0000cdf4                __ledf2
                0x0000cf14                __aeabi_dcmpgt
                0x0000cefc                __aeabi_dcmpge
                0x0000cdfc                __nedf2
                0x0000ceb4                __aeabi_dcmpeq
                0x0000ce9c                __aeabi_cdcmpeq
                0x0000cdec                __gedf2
 .text          0x0000cf2c       0x5c /cygdrive/c/Embedded/GNUARM/bin/../lib/gcc/arm-elf/4.1.1/interwork/libgcc.a(_fixdfsi.o)
                0x0000cf2c                __fixdfsi
                0x0000cf2c                __aeabi_d2iz
 *(.glue_7)
 .glue_7        0x0000cf88        0x0 main.o
 .glue_7        0x0000cf88        0x0 eeprom.o
 .glue_7        0x0000cf88        0x0 i2c.o
 .glue_7        0x0000cf88        0x0 uart.o
 .glue_7        0x0000cf88        0x0 testAdc.o
 .glue_7        0x0000cf88        0x0 testLcd.o
 .glue_7        0x0000cf88        0x0 testRGB.o
 .glue_7        0x0000cf88        0x0 lcd.o
 .glue_7        0x0000cf88        0x0 lcd_hw.o
 .glue_7        0x0000cf88        0x0 key.o
 .glue_7        0x0000cf88        0x0 irq/irq_code.a(irqUart.o)
 .glue_7        0x0000cf88        0x0 ../startup/libea_startup_thumb.a(consol.o)
 .glue_7        0x0000cf88        0x0 ../startup/libea_startup_thumb.a(startup.o)
 .glue_7        0x0000cf88        0x0 ../startup/libea_startup_thumb.a(framework.o)
 .glue_7        0x0000cf88        0x0 ../pre_emptive_os/pre_emptive_os.a(kernel.o)
 .glue_7        0x0000cf88        0x0 ../pre_emptive_os/pre_emptive_os.a(prioqueue.o)
 .glue_7        0x0000cf88        0x0 ../pre_emptive_os/pre_emptive_os.a(timer.o)
 .glue_7        0x0000cf88        0x0 ../pre_emptive_os/pre_emptive_os.a(stack_usage.o)
 .glue_7        0x0000cf88        0x0 ../pre_emptive_os/pre_emptive_os.a(a7hal.o)
 .glue_7        0x0000cf88        0x0 ../pre_emptive_os/pre_emptive_os.a(a7hal_a.o)
 .glue_7        0x0000cf88        0x0 ../pre_emptive_os/pre_emptive_os.a(count_sem.o)
 .glue_7        0x0000cf88        0x0 ../pre_emptive_os/pre_emptive_os.a(event.o)
 .glue_7        0x0000cf88        0x0 pff2/pff2_sd.a(pff.o)
 .glue_7        0x0000cf88        0x0 pff2/pff2_sd.a(diskio.o)
 .glue_7        0x0000cf88        0x0 pff2/pff2_sd.a(sd.o)
 .glue_7        0x0000cf88        0x0 pff2/pff2_sd.a(spi.o)
 .glue_7        0x0000cf88        0x0 /cygdrive/c/Embedded/GNUARM/bin/../lib/gcc/arm-elf/4.1.1/interwork/libgcc.a(_udivsi3.o)
 .glue_7        0x0000cf88        0x0 /cygdrive/c/Embedded/GNUARM/bin/../lib/gcc/arm-elf/4.1.1/interwork/libgcc.a(_divsi3.o)
 .glue_7        0x0000cf88        0x0 /cygdrive/c/Embedded/GNUARM/bin/../lib/gcc/arm-elf/4.1.1/interwork/libgcc.a(_umodsi3.o)
 .glue_7        0x0000cf88        0x0 /cygdrive/c/Embedded/GNUARM/bin/../lib/gcc/arm-elf/4.1.1/interwork/libgcc.a(_dvmd_tls.o)
 .glue_7        0x0000cf88        0x0 /cygdrive/c/Embedded/GNUARM/bin/../lib/gcc/arm-elf/4.1.1/interwork/libgcc.a(_call_via_rX.o)
 .glue_7        0x0000cf88        0x0 /cygdrive/c/Embedded/GNUARM/bin/../lib/gcc/arm-elf/4.1.1/../../../../arm-elf/lib/interwork/libc.a(atoi.o)
 .glue_7        0x0000cf88        0x0 /cygdrive/c/Embedded/GNUARM/bin/../lib/gcc/arm-elf/4.1.1/../../../../arm-elf/lib/interwork/libc.a(memcpy.o)
 .glue_7        0x0000cf88        0x0 /cygdrive/c/Embedded/GNUARM/bin/../lib/gcc/arm-elf/4.1.1/../../../../arm-elf/lib/interwork/libc.a(printf.o)
 .glue_7        0x0000cf88        0x0 /cygdrive/c/Embedded/GNUARM/bin/../lib/gcc/arm-elf/4.1.1/../../../../arm-elf/lib/interwork/libc.a(puts.o)
 .glue_7        0x0000cf88        0x0 /cygdrive/c/Embedded/GNUARM/bin/../lib/gcc/arm-elf/4.1.1/../../../../arm-elf/lib/interwork/libc.a(strlen.o)
 .glue_7        0x0000cf88        0x0 /cygdrive/c/Embedded/GNUARM/bin/../lib/gcc/arm-elf/4.1.1/../../../../arm-elf/lib/interwork/libc.a(strtol.o)
 .glue_7        0x0000cf88        0x0 /cygdrive/c/Embedded/GNUARM/bin/../lib/gcc/arm-elf/4.1.1/../../../../arm-elf/lib/interwork/libc.a(vfprintf.o)
 .glue_7        0x0000cf88        0x0 /cygdrive/c/Embedded/GNUARM/bin/../lib/gcc/arm-elf/4.1.1/../../../../arm-elf/lib/interwork/libc.a(wcrtomb.o)
 .glue_7        0x0000cf88        0x0 /cygdrive/c/Embedded/GNUARM/bin/../lib/gcc/arm-elf/4.1.1/../../../../arm-elf/lib/interwork/libc.a(wcsrtombs.o)
 .glue_7        0x0000cf88        0x0 /cygdrive/c/Embedded/GNUARM/bin/../lib/gcc/arm-elf/4.1.1/../../../../arm-elf/lib/interwork/libc.a(wctomb_r.o)
 .glue_7        0x0000cf88        0x0 /cygdrive/c/Embedded/GNUARM/bin/../lib/gcc/arm-elf/4.1.1/../../../../arm-elf/lib/interwork/libc.a(wsetup.o)
 .glue_7        0x0000cf88        0x0 /cygdrive/c/Embedded/GNUARM/bin/../lib/gcc/arm-elf/4.1.1/../../../../arm-elf/lib/interwork/libc.a(ctype_.o)
 .glue_7        0x0000cf88        0x0 /cygdrive/c/Embedded/GNUARM/bin/../lib/gcc/arm-elf/4.1.1/../../../../arm-elf/lib/interwork/libc.a(dtoa.o)
 .glue_7        0x0000cf88        0x0 /cygdrive/c/Embedded/GNUARM/bin/../lib/gcc/arm-elf/4.1.1/../../../../arm-elf/lib/interwork/libc.a(fflush.o)
 .glue_7        0x0000cf88        0x0 /cygdrive/c/Embedded/GNUARM/bin/../lib/gcc/arm-elf/4.1.1/../../../../arm-elf/lib/interwork/libc.a(findfp.o)
 .glue_7        0x0000cf88        0x0 /cygdrive/c/Embedded/GNUARM/bin/../lib/gcc/arm-elf/4.1.1/../../../../arm-elf/lib/interwork/libc.a(freer.o)
 .glue_7        0x0000cf88        0x0 /cygdrive/c/Embedded/GNUARM/bin/../lib/gcc/arm-elf/4.1.1/../../../../arm-elf/lib/interwork/libc.a(fvwrite.o)
 .glue_7        0x0000cf88        0x0 /cygdrive/c/Embedded/GNUARM/bin/../lib/gcc/arm-elf/4.1.1/../../../../arm-elf/lib/interwork/libc.a(fwalk.o)
 .glue_7        0x0000cf88        0x0 /cygdrive/c/Embedded/GNUARM/bin/../lib/gcc/arm-elf/4.1.1/../../../../arm-elf/lib/interwork/libc.a(impure.o)
 .glue_7        0x0000cf88        0x0 /cygdrive/c/Embedded/GNUARM/bin/../lib/gcc/arm-elf/4.1.1/../../../../arm-elf/lib/interwork/libc.a(locale.o)
 .glue_7        0x0000cf88        0x0 /cygdrive/c/Embedded/GNUARM/bin/../lib/gcc/arm-elf/4.1.1/../../../../arm-elf/lib/interwork/libc.a(makebuf.o)
 .glue_7        0x0000cf88        0x0 /cygdrive/c/Embedded/GNUARM/bin/../lib/gcc/arm-elf/4.1.1/../../../../arm-elf/lib/interwork/libc.a(mallocr.o)
 .glue_7        0x0000cf88        0x0 /cygdrive/c/Embedded/GNUARM/bin/../lib/gcc/arm-elf/4.1.1/../../../../arm-elf/lib/interwork/libc.a(memchr.o)
 .glue_7        0x0000cf88        0x0 /cygdrive/c/Embedded/GNUARM/bin/../lib/gcc/arm-elf/4.1.1/../../../../arm-elf/lib/interwork/libc.a(memmove.o)
 .glue_7        0x0000cf88        0x0 /cygdrive/c/Embedded/GNUARM/bin/../lib/gcc/arm-elf/4.1.1/../../../../arm-elf/lib/interwork/libc.a(memset.o)
 .glue_7        0x0000cf88        0x0 /cygdrive/c/Embedded/GNUARM/bin/../lib/gcc/arm-elf/4.1.1/../../../../arm-elf/lib/interwork/libc.a(mlock.o)
 .glue_7        0x0000cf88        0x0 /cygdrive/c/Embedded/GNUARM/bin/../lib/gcc/arm-elf/4.1.1/../../../../arm-elf/lib/interwork/libc.a(mprec.o)
 .glue_7        0x0000cf88        0x0 /cygdrive/c/Embedded/GNUARM/bin/../lib/gcc/arm-elf/4.1.1/../../../../arm-elf/lib/interwork/libc.a(reallocr.o)
 .glue_7        0x0000cf88        0x0 /cygdrive/c/Embedded/GNUARM/bin/../lib/gcc/arm-elf/4.1.1/../../../../arm-elf/lib/interwork/libc.a(s_isinf.o)
 .glue_7        0x0000cf88        0x0 /cygdrive/c/Embedded/GNUARM/bin/../lib/gcc/arm-elf/4.1.1/../../../../arm-elf/lib/interwork/libc.a(s_isnan.o)
 .glue_7        0x0000cf88        0x0 /cygdrive/c/Embedded/GNUARM/bin/../lib/gcc/arm-elf/4.1.1/../../../../arm-elf/lib/interwork/libc.a(sbrkr.o)
 .glue_7        0x0000cf88        0x0 /cygdrive/c/Embedded/GNUARM/bin/../lib/gcc/arm-elf/4.1.1/../../../../arm-elf/lib/interwork/libc.a(stdio.o)
 .glue_7        0x0000cf88        0x0 /cygdrive/c/Embedded/GNUARM/bin/../lib/gcc/arm-elf/4.1.1/../../../../arm-elf/lib/interwork/libc.a(strcmp.o)
 .glue_7        0x0000cf88        0x0 /cygdrive/c/Embedded/GNUARM/bin/../lib/gcc/arm-elf/4.1.1/../../../../arm-elf/lib/interwork/libc.a(syscalls.o)
 .glue_7        0x0000cf88        0x0 /cygdrive/c/Embedded/GNUARM/bin/../lib/gcc/arm-elf/4.1.1/../../../../arm-elf/lib/interwork/libc.a(writer.o)
 .glue_7        0x0000cf88        0x0 /cygdrive/c/Embedded/GNUARM/bin/../lib/gcc/arm-elf/4.1.1/../../../../arm-elf/lib/interwork/libc.a(callocr.o)
 .glue_7        0x0000cf88        0x0 /cygdrive/c/Embedded/GNUARM/bin/../lib/gcc/arm-elf/4.1.1/../../../../arm-elf/lib/interwork/libc.a(closer.o)
 .glue_7        0x0000cf88        0x0 /cygdrive/c/Embedded/GNUARM/bin/../lib/gcc/arm-elf/4.1.1/../../../../arm-elf/lib/interwork/libc.a(errno.o)
 .glue_7        0x0000cf88        0x0 /cygdrive/c/Embedded/GNUARM/bin/../lib/gcc/arm-elf/4.1.1/../../../../arm-elf/lib/interwork/libc.a(fclose.o)
 .glue_7        0x0000cf88        0x0 /cygdrive/c/Embedded/GNUARM/bin/../lib/gcc/arm-elf/4.1.1/../../../../arm-elf/lib/interwork/libc.a(fstatr.o)
 .glue_7        0x0000cf88        0x0 /cygdrive/c/Embedded/GNUARM/bin/../lib/gcc/arm-elf/4.1.1/../../../../arm-elf/lib/interwork/libc.a(lseekr.o)
 .glue_7        0x0000cf88        0x0 /cygdrive/c/Embedded/GNUARM/bin/../lib/gcc/arm-elf/4.1.1/../../../../arm-elf/lib/interwork/libc.a(readr.o)
 .glue_7        0x0000cf88        0x0 /cygdrive/c/Embedded/GNUARM/bin/../lib/gcc/arm-elf/4.1.1/../../../../arm-elf/lib/interwork/libc.a(reent.o)
 .glue_7        0x0000cf88        0x0 /cygdrive/c/Embedded/GNUARM/bin/../lib/gcc/arm-elf/4.1.1/interwork/libgcc.a(_addsubdf3.o)
 .glue_7        0x0000cf88        0x0 /cygdrive/c/Embedded/GNUARM/bin/../lib/gcc/arm-elf/4.1.1/interwork/libgcc.a(_muldivdf3.o)
 .glue_7        0x0000cf88        0x0 /cygdrive/c/Embedded/GNUARM/bin/../lib/gcc/arm-elf/4.1.1/interwork/libgcc.a(_cmpdf2.o)
 .glue_7        0x0000cf88       0x18 /cygdrive/c/Embedded/GNUARM/bin/../lib/gcc/arm-elf/4.1.1/interwork/libgcc.a(_fixdfsi.o)
                0x0000cf94                __osISRExit_from_arm
                0x0000cf88                __osTick_from_arm
 *(.glue_7t)
 .glue_7t       0x0000cfa0        0x0 main.o
 .glue_7t       0x0000cfa0        0x0 eeprom.o
 .glue_7t       0x0000cfa0        0x0 i2c.o
 .glue_7t       0x0000cfa0        0x0 uart.o
 .glue_7t       0x0000cfa0        0x0 testAdc.o
 .glue_7t       0x0000cfa0        0x0 testLcd.o
 .glue_7t       0x0000cfa0        0x0 testRGB.o
 .glue_7t       0x0000cfa0        0x0 lcd.o
 .glue_7t       0x0000cfa0        0x0 lcd_hw.o
 .glue_7t       0x0000cfa0        0x0 key.o
 .glue_7t       0x0000cfa0        0x0 irq/irq_code.a(irqUart.o)
 .glue_7t       0x0000cfa0        0x0 ../startup/libea_startup_thumb.a(consol.o)
 .glue_7t       0x0000cfa0        0x0 ../startup/libea_startup_thumb.a(startup.o)
 .glue_7t       0x0000cfa0        0x0 ../startup/libea_startup_thumb.a(framework.o)
 .glue_7t       0x0000cfa0        0x0 ../pre_emptive_os/pre_emptive_os.a(kernel.o)
 .glue_7t       0x0000cfa0        0x0 ../pre_emptive_os/pre_emptive_os.a(prioqueue.o)
 .glue_7t       0x0000cfa0        0x0 ../pre_emptive_os/pre_emptive_os.a(timer.o)
 .glue_7t       0x0000cfa0        0x0 ../pre_emptive_os/pre_emptive_os.a(stack_usage.o)
 .glue_7t       0x0000cfa0        0x0 ../pre_emptive_os/pre_emptive_os.a(a7hal.o)
 .glue_7t       0x0000cfa0        0x0 ../pre_emptive_os/pre_emptive_os.a(a7hal_a.o)
 .glue_7t       0x0000cfa0        0x0 ../pre_emptive_os/pre_emptive_os.a(count_sem.o)
 .glue_7t       0x0000cfa0        0x0 ../pre_emptive_os/pre_emptive_os.a(event.o)
 .glue_7t       0x0000cfa0        0x0 pff2/pff2_sd.a(pff.o)
 .glue_7t       0x0000cfa0        0x0 pff2/pff2_sd.a(diskio.o)
 .glue_7t       0x0000cfa0        0x0 pff2/pff2_sd.a(sd.o)
 .glue_7t       0x0000cfa0        0x0 pff2/pff2_sd.a(spi.o)
 .glue_7t       0x0000cfa0        0x0 /cygdrive/c/Embedded/GNUARM/bin/../lib/gcc/arm-elf/4.1.1/interwork/libgcc.a(_udivsi3.o)
 .glue_7t       0x0000cfa0        0x0 /cygdrive/c/Embedded/GNUARM/bin/../lib/gcc/arm-elf/4.1.1/interwork/libgcc.a(_divsi3.o)
 .glue_7t       0x0000cfa0        0x0 /cygdrive/c/Embedded/GNUARM/bin/../lib/gcc/arm-elf/4.1.1/interwork/libgcc.a(_umodsi3.o)
 .glue_7t       0x0000cfa0        0x0 /cygdrive/c/Embedded/GNUARM/bin/../lib/gcc/arm-elf/4.1.1/interwork/libgcc.a(_dvmd_tls.o)
 .glue_7t       0x0000cfa0        0x0 /cygdrive/c/Embedded/GNUARM/bin/../lib/gcc/arm-elf/4.1.1/interwork/libgcc.a(_call_via_rX.o)
 .glue_7t       0x0000cfa0        0x0 /cygdrive/c/Embedded/GNUARM/bin/../lib/gcc/arm-elf/4.1.1/../../../../arm-elf/lib/interwork/libc.a(atoi.o)
 .glue_7t       0x0000cfa0        0x0 /cygdrive/c/Embedded/GNUARM/bin/../lib/gcc/arm-elf/4.1.1/../../../../arm-elf/lib/interwork/libc.a(memcpy.o)
 .glue_7t       0x0000cfa0        0x0 /cygdrive/c/Embedded/GNUARM/bin/../lib/gcc/arm-elf/4.1.1/../../../../arm-elf/lib/interwork/libc.a(printf.o)
 .glue_7t       0x0000cfa0        0x0 /cygdrive/c/Embedded/GNUARM/bin/../lib/gcc/arm-elf/4.1.1/../../../../arm-elf/lib/interwork/libc.a(puts.o)
 .glue_7t       0x0000cfa0        0x0 /cygdrive/c/Embedded/GNUARM/bin/../lib/gcc/arm-elf/4.1.1/../../../../arm-elf/lib/interwork/libc.a(strlen.o)
 .glue_7t       0x0000cfa0        0x0 /cygdrive/c/Embedded/GNUARM/bin/../lib/gcc/arm-elf/4.1.1/../../../../arm-elf/lib/interwork/libc.a(strtol.o)
 .glue_7t       0x0000cfa0        0x0 /cygdrive/c/Embedded/GNUARM/bin/../lib/gcc/arm-elf/4.1.1/../../../../arm-elf/lib/interwork/libc.a(vfprintf.o)
 .glue_7t       0x0000cfa0        0x0 /cygdrive/c/Embedded/GNUARM/bin/../lib/gcc/arm-elf/4.1.1/../../../../arm-elf/lib/interwork/libc.a(wcrtomb.o)
 .glue_7t       0x0000cfa0        0x0 /cygdrive/c/Embedded/GNUARM/bin/../lib/gcc/arm-elf/4.1.1/../../../../arm-elf/lib/interwork/libc.a(wcsrtombs.o)
 .glue_7t       0x0000cfa0        0x0 /cygdrive/c/Embedded/GNUARM/bin/../lib/gcc/arm-elf/4.1.1/../../../../arm-elf/lib/interwork/libc.a(wctomb_r.o)
 .glue_7t       0x0000cfa0        0x0 /cygdrive/c/Embedded/GNUARM/bin/../lib/gcc/arm-elf/4.1.1/../../../../arm-elf/lib/interwork/libc.a(wsetup.o)
 .glue_7t       0x0000cfa0        0x0 /cygdrive/c/Embedded/GNUARM/bin/../lib/gcc/arm-elf/4.1.1/../../../../arm-elf/lib/interwork/libc.a(ctype_.o)
 .glue_7t       0x0000cfa0        0x0 /cygdrive/c/Embedded/GNUARM/bin/../lib/gcc/arm-elf/4.1.1/../../../../arm-elf/lib/interwork/libc.a(dtoa.o)
 .glue_7t       0x0000cfa0        0x0 /cygdrive/c/Embedded/GNUARM/bin/../lib/gcc/arm-elf/4.1.1/../../../../arm-elf/lib/interwork/libc.a(fflush.o)
 .glue_7t       0x0000cfa0        0x0 /cygdrive/c/Embedded/GNUARM/bin/../lib/gcc/arm-elf/4.1.1/../../../../arm-elf/lib/interwork/libc.a(findfp.o)
 .glue_7t       0x0000cfa0        0x0 /cygdrive/c/Embedded/GNUARM/bin/../lib/gcc/arm-elf/4.1.1/../../../../arm-elf/lib/interwork/libc.a(freer.o)
 .glue_7t       0x0000cfa0        0x0 /cygdrive/c/Embedded/GNUARM/bin/../lib/gcc/arm-elf/4.1.1/../../../../arm-elf/lib/interwork/libc.a(fvwrite.o)
 .glue_7t       0x0000cfa0        0x0 /cygdrive/c/Embedded/GNUARM/bin/../lib/gcc/arm-elf/4.1.1/../../../../arm-elf/lib/interwork/libc.a(fwalk.o)
 .glue_7t       0x0000cfa0        0x0 /cygdrive/c/Embedded/GNUARM/bin/../lib/gcc/arm-elf/4.1.1/../../../../arm-elf/lib/interwork/libc.a(impure.o)
 .glue_7t       0x0000cfa0        0x0 /cygdrive/c/Embedded/GNUARM/bin/../lib/gcc/arm-elf/4.1.1/../../../../arm-elf/lib/interwork/libc.a(locale.o)
 .glue_7t       0x0000cfa0        0x0 /cygdrive/c/Embedded/GNUARM/bin/../lib/gcc/arm-elf/4.1.1/../../../../arm-elf/lib/interwork/libc.a(makebuf.o)
 .glue_7t       0x0000cfa0        0x0 /cygdrive/c/Embedded/GNUARM/bin/../lib/gcc/arm-elf/4.1.1/../../../../arm-elf/lib/interwork/libc.a(mallocr.o)
 .glue_7t       0x0000cfa0        0x0 /cygdrive/c/Embedded/GNUARM/bin/../lib/gcc/arm-elf/4.1.1/../../../../arm-elf/lib/interwork/libc.a(memchr.o)
 .glue_7t       0x0000cfa0        0x0 /cygdrive/c/Embedded/GNUARM/bin/../lib/gcc/arm-elf/4.1.1/../../../../arm-elf/lib/interwork/libc.a(memmove.o)
 .glue_7t       0x0000cfa0        0x0 /cygdrive/c/Embedded/GNUARM/bin/../lib/gcc/arm-elf/4.1.1/../../../../arm-elf/lib/interwork/libc.a(memset.o)
 .glue_7t       0x0000cfa0        0x0 /cygdrive/c/Embedded/GNUARM/bin/../lib/gcc/arm-elf/4.1.1/../../../../arm-elf/lib/interwork/libc.a(mlock.o)
 .glue_7t       0x0000cfa0        0x0 /cygdrive/c/Embedded/GNUARM/bin/../lib/gcc/arm-elf/4.1.1/../../../../arm-elf/lib/interwork/libc.a(mprec.o)
 .glue_7t       0x0000cfa0        0x0 /cygdrive/c/Embedded/GNUARM/bin/../lib/gcc/arm-elf/4.1.1/../../../../arm-elf/lib/interwork/libc.a(reallocr.o)
 .glue_7t       0x0000cfa0        0x0 /cygdrive/c/Embedded/GNUARM/bin/../lib/gcc/arm-elf/4.1.1/../../../../arm-elf/lib/interwork/libc.a(s_isinf.o)
 .glue_7t       0x0000cfa0        0x0 /cygdrive/c/Embedded/GNUARM/bin/../lib/gcc/arm-elf/4.1.1/../../../../arm-elf/lib/interwork/libc.a(s_isnan.o)
 .glue_7t       0x0000cfa0        0x0 /cygdrive/c/Embedded/GNUARM/bin/../lib/gcc/arm-elf/4.1.1/../../../../arm-elf/lib/interwork/libc.a(sbrkr.o)
 .glue_7t       0x0000cfa0        0x0 /cygdrive/c/Embedded/GNUARM/bin/../lib/gcc/arm-elf/4.1.1/../../../../arm-elf/lib/interwork/libc.a(stdio.o)
 .glue_7t       0x0000cfa0        0x0 /cygdrive/c/Embedded/GNUARM/bin/../lib/gcc/arm-elf/4.1.1/../../../../arm-elf/lib/interwork/libc.a(strcmp.o)
 .glue_7t       0x0000cfa0        0x0 /cygdrive/c/Embedded/GNUARM/bin/../lib/gcc/arm-elf/4.1.1/../../../../arm-elf/lib/interwork/libc.a(syscalls.o)
 .glue_7t       0x0000cfa0        0x0 /cygdrive/c/Embedded/GNUARM/bin/../lib/gcc/arm-elf/4.1.1/../../../../arm-elf/lib/interwork/libc.a(writer.o)
 .glue_7t       0x0000cfa0        0x0 /cygdrive/c/Embedded/GNUARM/bin/../lib/gcc/arm-elf/4.1.1/../../../../arm-elf/lib/interwork/libc.a(callocr.o)
 .glue_7t       0x0000cfa0        0x0 /cygdrive/c/Embedded/GNUARM/bin/../lib/gcc/arm-elf/4.1.1/../../../../arm-elf/lib/interwork/libc.a(closer.o)
 .glue_7t       0x0000cfa0        0x0 /cygdrive/c/Embedded/GNUARM/bin/../lib/gcc/arm-elf/4.1.1/../../../../arm-elf/lib/interwork/libc.a(errno.o)
 .glue_7t       0x0000cfa0        0x0 /cygdrive/c/Embedded/GNUARM/bin/../lib/gcc/arm-elf/4.1.1/../../../../arm-elf/lib/interwork/libc.a(fclose.o)
 .glue_7t       0x0000cfa0        0x0 /cygdrive/c/Embedded/GNUARM/bin/../lib/gcc/arm-elf/4.1.1/../../../../arm-elf/lib/interwork/libc.a(fstatr.o)
 .glue_7t       0x0000cfa0        0x0 /cygdrive/c/Embedded/GNUARM/bin/../lib/gcc/arm-elf/4.1.1/../../../../arm-elf/lib/interwork/libc.a(lseekr.o)
 .glue_7t       0x0000cfa0        0x0 /cygdrive/c/Embedded/GNUARM/bin/../lib/gcc/arm-elf/4.1.1/../../../../arm-elf/lib/interwork/libc.a(readr.o)
 .glue_7t       0x0000cfa0        0x0 /cygdrive/c/Embedded/GNUARM/bin/../lib/gcc/arm-elf/4.1.1/../../../../arm-elf/lib/interwork/libc.a(reent.o)
 .glue_7t       0x0000cfa0        0x0 /cygdrive/c/Embedded/GNUARM/bin/../lib/gcc/arm-elf/4.1.1/interwork/libgcc.a(_addsubdf3.o)
 .glue_7t       0x0000cfa0        0x0 /cygdrive/c/Embedded/GNUARM/bin/../lib/gcc/arm-elf/4.1.1/interwork/libgcc.a(_muldivdf3.o)
 .glue_7t       0x0000cfa0        0x0 /cygdrive/c/Embedded/GNUARM/bin/../lib/gcc/arm-elf/4.1.1/interwork/libgcc.a(_cmpdf2.o)
 .glue_7t       0x0000cfa0       0x78 /cygdrive/c/Embedded/GNUARM/bin/../lib/gcc/arm-elf/4.1.1/interwork/libgcc.a(_fixdfsi.o)
                0x0000cfc4                __consolSendNumber_change_to_arm
                0x0000cfc0                __consolSendNumber_from_thumb
                0x0000cfe0                __halRestoreInterrupts_oshal_from_thumb
                0x0000cfb4                __restoreIrq_change_to_arm
                0x0000cff0                __ctxSwitch_oshal_from_thumb
                0x0000cfec                __stkFrameInit_oshal_change_to_arm
                0x0000d004                __initTimer_oshal_change_to_arm
                0x0000d008                __startHighProc_oshal_from_thumb
                0x0000cfcc                ____umodsi3_change_to_arm
                0x0000cfd4                ____udivsi3_change_to_arm
                0x0000d00c                __startHighProc_oshal_change_to_arm
                0x0000cff8                __ctxSwitchIsr_oshal_from_thumb
                0x0000cfac                __disIrq_change_to_arm
                0x0000cfa8                __disIrq_from_thumb
                0x0000cfe4                __halRestoreInterrupts_oshal_change_to_arm
                0x0000cfbc                __simplePrintf_change_to_arm
                0x0000cfc8                ____umodsi3_from_thumb
                0x0000d010                ____divsi3_from_thumb
                0x0000cff4                __ctxSwitch_oshal_change_to_arm
                0x0000cfe8                __stkFrameInit_oshal_from_thumb
                0x0000cfd0                ____udivsi3_from_thumb
                0x0000cfa0                __pf_mount_from_thumb
                0x0000cfa4                __pf_mount_change_to_arm
                0x0000cfb8                __simplePrintf_from_thumb
                0x0000d000                __initTimer_oshal_from_thumb
                0x0000cffc                __ctxSwitchIsr_oshal_change_to_arm
                0x0000cfdc                __halDisableInterrupts_oshal_change_to_arm
                0x0000cfd8                __halDisableInterrupts_oshal_from_thumb
                0x0000cfb0                __restoreIrq_from_thumb
                0x0000d014                ____divsi3_change_to_arm
                0x0000d018                . = ALIGN (0x4)

.rodata         0x0000d018      0xc98
 *(.rodata)
 .rodata        0x0000d018      0x55c lcd.o
                0x0000d018                charMap
 .rodata        0x0000d574       0x10 ../startup/libea_startup_thumb.a(consol.o)
 .rodata        0x0000d584       0x20 /cygdrive/c/Embedded/GNUARM/bin/../lib/gcc/arm-elf/4.1.1/../../../../arm-elf/lib/interwork/libc.a(vfprintf.o)
 .rodata        0x0000d5a4      0x101 /cygdrive/c/Embedded/GNUARM/bin/../lib/gcc/arm-elf/4.1.1/../../../../arm-elf/lib/interwork/libc.a(ctype_.o)
                0x0000d5a4                _ctype_
 *fill*         0x0000d6a5        0x3 00
 .rodata        0x0000d6a8        0x4 /cygdrive/c/Embedded/GNUARM/bin/../lib/gcc/arm-elf/4.1.1/../../../../arm-elf/lib/interwork/libc.a(impure.o)
                0x0000d6a8                _global_impure_ptr
 .rodata        0x0000d6ac       0x34 /cygdrive/c/Embedded/GNUARM/bin/../lib/gcc/arm-elf/4.1.1/../../../../arm-elf/lib/interwork/libc.a(locale.o)
 .rodata        0x0000d6e0      0x124 /cygdrive/c/Embedded/GNUARM/bin/../lib/gcc/arm-elf/4.1.1/../../../../arm-elf/lib/interwork/libc.a(mprec.o)
                0x0000d7d0                __mprec_tinytens
                0x0000d6e0                __mprec_tens
                0x0000d7a8                __mprec_bigtens
 *(.rodata*)
 .rodata.str1.4
                0x0000d804       0x3a main.o
                                 0x3c (size before relaxing)
 *fill*         0x0000d83e        0x2 00
 .rodata.str1.4
                0x0000d840      0x13e testAdc.o
                                0x140 (size before relaxing)
 *fill*         0x0000d97e        0x2 00
 .rodata.str1.4
                0x0000d980       0x18 ../startup/libea_startup_thumb.a(consol.o)
 .rodata.str1.4
                0x0000d998       0xd8 ../startup/libea_startup_thumb.a(framework.o)
 .rodata.str1.4
                0x0000da70       0x5c pff2/pff2_sd.a(diskio.o)
 .rodata.str1.4
                0x0000dacc      0x155 pff2/pff2_sd.a(sd.o)
                                0x158 (size before relaxing)
 .rodata.str1.4
                0x00000000      0x155 /cygdrive/c/Embedded/GNUARM/bin/../lib/gcc/arm-elf/4.1.1/../../../../arm-elf/lib/interwork/libc.a(puts.o)
                                  0x4 (size before relaxing)
 *fill*         0x0000dc21        0x3 00
 .rodata.str1.4
                0x0000dc24       0x47 /cygdrive/c/Embedded/GNUARM/bin/../lib/gcc/arm-elf/4.1.1/../../../../arm-elf/lib/interwork/libc.a(vfprintf.o)
                                 0x64 (size before relaxing)
 *fill*         0x0000dc6b        0x1 00
 .rodata.str1.4
                0x0000dc6c       0x1e /cygdrive/c/Embedded/GNUARM/bin/../lib/gcc/arm-elf/4.1.1/../../../../arm-elf/lib/interwork/libc.a(wctomb_r.o)
                                 0x20 (size before relaxing)
 *fill*         0x0000dc8a        0x2 00
 .rodata.str1.4
                0x0000dc8c       0x10 /cygdrive/c/Embedded/GNUARM/bin/../lib/gcc/arm-elf/4.1.1/../../../../arm-elf/lib/interwork/libc.a(dtoa.o)
                                 0x14 (size before relaxing)
 .rodata.str1.4
                0x0000dc9c        0x2 /cygdrive/c/Embedded/GNUARM/bin/../lib/gcc/arm-elf/4.1.1/../../../../arm-elf/lib/interwork/libc.a(impure.o)
                                  0x4 (size before relaxing)
 *fill*         0x0000dc9e        0x2 00
 .rodata.str1.4
                0x0000dca0        0xb /cygdrive/c/Embedded/GNUARM/bin/../lib/gcc/arm-elf/4.1.1/../../../../arm-elf/lib/interwork/libc.a(locale.o)
                                 0x18 (size before relaxing)
 *fill*         0x0000dcab        0x1 00
 .rodata.str1.4
                0x0000dcac        0x4 /cygdrive/c/Embedded/GNUARM/bin/../lib/gcc/arm-elf/4.1.1/../../../../arm-elf/lib/interwork/libc.a(syscalls.o)
                0x0000dcb0                . = ALIGN (0x4)
                0x0000dcb0                _etext = .
                0x0000dcb0                PROVIDE (etext, .)

.data           0x40000080      0x844 load address 0x0000dcb0
                0x40000080                _data = .
 *(.data)
 .data          0x40000080        0x0 main.o
 .data          0x40000080        0x0 eeprom.o
 .data          0x40000080        0x0 i2c.o
 .data          0x40000080        0x0 uart.o
 .data          0x40000080        0x0 testAdc.o
 .data          0x40000080        0x0 testLcd.o
 .data          0x40000080        0x0 testRGB.o
 .data          0x40000080       0x14 lcd.o
                0x40000080                hexChars
 .data          0x40000094        0x0 lcd_hw.o
 .data          0x40000094        0x5 key.o
 .data          0x40000099        0x0 irq/irq_code.a(irqUart.o)
 .data          0x40000099        0x0 ../startup/libea_startup_thumb.a(consol.o)
 .data          0x40000099        0x0 ../startup/libea_startup_thumb.a(startup.o)
 .data          0x40000099        0x0 ../startup/libea_startup_thumb.a(framework.o)
 .data          0x40000099        0x0 ../pre_emptive_os/pre_emptive_os.a(kernel.o)
 .data          0x40000099        0x0 ../pre_emptive_os/pre_emptive_os.a(prioqueue.o)
 .data          0x40000099        0x0 ../pre_emptive_os/pre_emptive_os.a(timer.o)
 .data          0x40000099        0x0 ../pre_emptive_os/pre_emptive_os.a(stack_usage.o)
 .data          0x40000099        0x0 ../pre_emptive_os/pre_emptive_os.a(a7hal.o)
 .data          0x40000099        0x0 ../pre_emptive_os/pre_emptive_os.a(a7hal_a.o)
 .data          0x40000099        0x0 ../pre_emptive_os/pre_emptive_os.a(count_sem.o)
 .data          0x40000099        0x0 ../pre_emptive_os/pre_emptive_os.a(event.o)
 .data          0x40000099        0x0 pff2/pff2_sd.a(pff.o)
 *fill*         0x40000099        0x1 00
 .data          0x4000009a        0x2 pff2/pff2_sd.a(diskio.o)
                0x4000009a                fb_timeout
 .data          0x4000009c        0x0 pff2/pff2_sd.a(sd.o)
 .data          0x4000009c        0x0 pff2/pff2_sd.a(spi.o)
 .data          0x4000009c        0x0 /cygdrive/c/Embedded/GNUARM/bin/../lib/gcc/arm-elf/4.1.1/interwork/libgcc.a(_udivsi3.o)
 .data          0x4000009c        0x0 /cygdrive/c/Embedded/GNUARM/bin/../lib/gcc/arm-elf/4.1.1/interwork/libgcc.a(_divsi3.o)
 .data          0x4000009c        0x0 /cygdrive/c/Embedded/GNUARM/bin/../lib/gcc/arm-elf/4.1.1/interwork/libgcc.a(_umodsi3.o)
 .data          0x4000009c        0x0 /cygdrive/c/Embedded/GNUARM/bin/../lib/gcc/arm-elf/4.1.1/interwork/libgcc.a(_dvmd_tls.o)
 .data          0x4000009c        0x0 /cygdrive/c/Embedded/GNUARM/bin/../lib/gcc/arm-elf/4.1.1/interwork/libgcc.a(_call_via_rX.o)
 .data          0x4000009c        0x0 /cygdrive/c/Embedded/GNUARM/bin/../lib/gcc/arm-elf/4.1.1/../../../../arm-elf/lib/interwork/libc.a(atoi.o)
 .data          0x4000009c        0x0 /cygdrive/c/Embedded/GNUARM/bin/../lib/gcc/arm-elf/4.1.1/../../../../arm-elf/lib/interwork/libc.a(memcpy.o)
 .data          0x4000009c        0x0 /cygdrive/c/Embedded/GNUARM/bin/../lib/gcc/arm-elf/4.1.1/../../../../arm-elf/lib/interwork/libc.a(printf.o)
 .data          0x4000009c        0x0 /cygdrive/c/Embedded/GNUARM/bin/../lib/gcc/arm-elf/4.1.1/../../../../arm-elf/lib/interwork/libc.a(puts.o)
 .data          0x4000009c        0x0 /cygdrive/c/Embedded/GNUARM/bin/../lib/gcc/arm-elf/4.1.1/../../../../arm-elf/lib/interwork/libc.a(strlen.o)
 .data          0x4000009c        0x0 /cygdrive/c/Embedded/GNUARM/bin/../lib/gcc/arm-elf/4.1.1/../../../../arm-elf/lib/interwork/libc.a(strtol.o)
 .data          0x4000009c        0x0 /cygdrive/c/Embedded/GNUARM/bin/../lib/gcc/arm-elf/4.1.1/../../../../arm-elf/lib/interwork/libc.a(vfprintf.o)
 .data          0x4000009c        0x0 /cygdrive/c/Embedded/GNUARM/bin/../lib/gcc/arm-elf/4.1.1/../../../../arm-elf/lib/interwork/libc.a(wcrtomb.o)
 .data          0x4000009c        0x0 /cygdrive/c/Embedded/GNUARM/bin/../lib/gcc/arm-elf/4.1.1/../../../../arm-elf/lib/interwork/libc.a(wcsrtombs.o)
 .data          0x4000009c        0x0 /cygdrive/c/Embedded/GNUARM/bin/../lib/gcc/arm-elf/4.1.1/../../../../arm-elf/lib/interwork/libc.a(wctomb_r.o)
 .data          0x4000009c        0x0 /cygdrive/c/Embedded/GNUARM/bin/../lib/gcc/arm-elf/4.1.1/../../../../arm-elf/lib/interwork/libc.a(wsetup.o)
 .data          0x4000009c        0x4 /cygdrive/c/Embedded/GNUARM/bin/../lib/gcc/arm-elf/4.1.1/../../../../arm-elf/lib/interwork/libc.a(ctype_.o)
                0x4000009c                __ctype_ptr
 .data          0x400000a0        0x0 /cygdrive/c/Embedded/GNUARM/bin/../lib/gcc/arm-elf/4.1.1/../../../../arm-elf/lib/interwork/libc.a(dtoa.o)
 .data          0x400000a0        0x0 /cygdrive/c/Embedded/GNUARM/bin/../lib/gcc/arm-elf/4.1.1/../../../../arm-elf/lib/interwork/libc.a(fflush.o)
 .data          0x400000a0        0x0 /cygdrive/c/Embedded/GNUARM/bin/../lib/gcc/arm-elf/4.1.1/../../../../arm-elf/lib/interwork/libc.a(findfp.o)
 .data          0x400000a0        0x0 /cygdrive/c/Embedded/GNUARM/bin/../lib/gcc/arm-elf/4.1.1/../../../../arm-elf/lib/interwork/libc.a(freer.o)
 .data          0x400000a0        0x0 /cygdrive/c/Embedded/GNUARM/bin/../lib/gcc/arm-elf/4.1.1/../../../../arm-elf/lib/interwork/libc.a(fvwrite.o)
 .data          0x400000a0        0x0 /cygdrive/c/Embedded/GNUARM/bin/../lib/gcc/arm-elf/4.1.1/../../../../arm-elf/lib/interwork/libc.a(fwalk.o)
 .data          0x400000a0      0x404 /cygdrive/c/Embedded/GNUARM/bin/../lib/gcc/arm-elf/4.1.1/../../../../arm-elf/lib/interwork/libc.a(impure.o)
                0x400000a0                _impure_ptr
 .data          0x400004a4       0x10 /cygdrive/c/Embedded/GNUARM/bin/../lib/gcc/arm-elf/4.1.1/../../../../arm-elf/lib/interwork/libc.a(locale.o)
                0x400004a4                __mb_cur_max
                0x400004a8                __lc_ctype
 .data          0x400004b4        0x0 /cygdrive/c/Embedded/GNUARM/bin/../lib/gcc/arm-elf/4.1.1/../../../../arm-elf/lib/interwork/libc.a(makebuf.o)
 .data          0x400004b4      0x410 /cygdrive/c/Embedded/GNUARM/bin/../lib/gcc/arm-elf/4.1.1/../../../../arm-elf/lib/interwork/libc.a(mallocr.o)
                0x400008c0                __malloc_sbrk_base
                0x400004b4                __malloc_av_
                0x400008bc                __malloc_trim_threshold
 .data          0x400008c4        0x0 /cygdrive/c/Embedded/GNUARM/bin/../lib/gcc/arm-elf/4.1.1/../../../../arm-elf/lib/interwork/libc.a(memchr.o)
 .data          0x400008c4        0x0 /cygdrive/c/Embedded/GNUARM/bin/../lib/gcc/arm-elf/4.1.1/../../../../arm-elf/lib/interwork/libc.a(memmove.o)
 .data          0x400008c4        0x0 /cygdrive/c/Embedded/GNUARM/bin/../lib/gcc/arm-elf/4.1.1/../../../../arm-elf/lib/interwork/libc.a(memset.o)
 .data          0x400008c4        0x0 /cygdrive/c/Embedded/GNUARM/bin/../lib/gcc/arm-elf/4.1.1/../../../../arm-elf/lib/interwork/libc.a(mlock.o)
 .data          0x400008c4        0x0 /cygdrive/c/Embedded/GNUARM/bin/../lib/gcc/arm-elf/4.1.1/../../../../arm-elf/lib/interwork/libc.a(mprec.o)
 .data          0x400008c4        0x0 /cygdrive/c/Embedded/GNUARM/bin/../lib/gcc/arm-elf/4.1.1/../../../../arm-elf/lib/interwork/libc.a(reallocr.o)
 .data          0x400008c4        0x0 /cygdrive/c/Embedded/GNUARM/bin/../lib/gcc/arm-elf/4.1.1/../../../../arm-elf/lib/interwork/libc.a(s_isinf.o)
 .data          0x400008c4        0x0 /cygdrive/c/Embedded/GNUARM/bin/../lib/gcc/arm-elf/4.1.1/../../../../arm-elf/lib/interwork/libc.a(s_isnan.o)
 .data          0x400008c4        0x0 /cygdrive/c/Embedded/GNUARM/bin/../lib/gcc/arm-elf/4.1.1/../../../../arm-elf/lib/interwork/libc.a(sbrkr.o)
 .data          0x400008c4        0x0 /cygdrive/c/Embedded/GNUARM/bin/../lib/gcc/arm-elf/4.1.1/../../../../arm-elf/lib/interwork/libc.a(stdio.o)
 .data          0x400008c4        0x0 /cygdrive/c/Embedded/GNUARM/bin/../lib/gcc/arm-elf/4.1.1/../../../../arm-elf/lib/interwork/libc.a(strcmp.o)
 .data          0x400008c4        0x0 /cygdrive/c/Embedded/GNUARM/bin/../lib/gcc/arm-elf/4.1.1/../../../../arm-elf/lib/interwork/libc.a(syscalls.o)
 .data          0x400008c4        0x0 /cygdrive/c/Embedded/GNUARM/bin/../lib/gcc/arm-elf/4.1.1/../../../../arm-elf/lib/interwork/libc.a(writer.o)
 .data          0x400008c4        0x0 /cygdrive/c/Embedded/GNUARM/bin/../lib/gcc/arm-elf/4.1.1/../../../../arm-elf/lib/interwork/libc.a(callocr.o)
 .data          0x400008c4        0x0 /cygdrive/c/Embedded/GNUARM/bin/../lib/gcc/arm-elf/4.1.1/../../../../arm-elf/lib/interwork/libc.a(closer.o)
 .data          0x400008c4        0x0 /cygdrive/c/Embedded/GNUARM/bin/../lib/gcc/arm-elf/4.1.1/../../../../arm-elf/lib/interwork/libc.a(errno.o)
 .data          0x400008c4        0x0 /cygdrive/c/Embedded/GNUARM/bin/../lib/gcc/arm-elf/4.1.1/../../../../arm-elf/lib/interwork/libc.a(fclose.o)
 .data          0x400008c4        0x0 /cygdrive/c/Embedded/GNUARM/bin/../lib/gcc/arm-elf/4.1.1/../../../../arm-elf/lib/interwork/libc.a(fstatr.o)
 .data          0x400008c4        0x0 /cygdrive/c/Embedded/GNUARM/bin/../lib/gcc/arm-elf/4.1.1/../../../../arm-elf/lib/interwork/libc.a(lseekr.o)
 .data          0x400008c4        0x0 /cygdrive/c/Embedded/GNUARM/bin/../lib/gcc/arm-elf/4.1.1/../../../../arm-elf/lib/interwork/libc.a(readr.o)
 .data          0x400008c4        0x0 /cygdrive/c/Embedded/GNUARM/bin/../lib/gcc/arm-elf/4.1.1/../../../../arm-elf/lib/interwork/libc.a(reent.o)
 .data          0x400008c4        0x0 /cygdrive/c/Embedded/GNUARM/bin/../lib/gcc/arm-elf/4.1.1/interwork/libgcc.a(_addsubdf3.o)
 .data          0x400008c4        0x0 /cygdrive/c/Embedded/GNUARM/bin/../lib/gcc/arm-elf/4.1.1/interwork/libgcc.a(_muldivdf3.o)
 .data          0x400008c4        0x0 /cygdrive/c/Embedded/GNUARM/bin/../lib/gcc/arm-elf/4.1.1/interwork/libgcc.a(_cmpdf2.o)
 .data          0x400008c4        0x0 /cygdrive/c/Embedded/GNUARM/bin/../lib/gcc/arm-elf/4.1.1/interwork/libgcc.a(_fixdfsi.o)
                0x400008c4                . = ALIGN (0x4)
                0x400008c4                _edata = .
                0x400008c4                PROVIDE (edata, .)

.bss            0x400008c4     0x195c
                0x400008c4                _bss = .
                0x400008c4                __bss_start = .
                0x400008c4                __bss_start__ = .
 *(.bss)
 .bss           0x400008c4     0x11a0 main.o
                0x400008cc                kolorDiody
                0x400008c8                msClock
                0x400008c4                wynikInicjalizacjiSd
 .bss           0x40001a64        0x0 eeprom.o
 .bss           0x40001a64        0x0 i2c.o
 .bss           0x40001a64       0x14 uart.o
                0x40001a6c                uart1TxRunning
                0x40001a64                uart1TxHead
                0x40001a68                uart1TxTail
                0x40001a70                uart1RxHead
                0x40001a74                uart1RxTail
 .bss           0x40001a78        0x0 testAdc.o
 .bss           0x40001a78        0x0 testLcd.o
 .bss           0x40001a78        0x0 testRGB.o
 .bss           0x40001a78        0x6 lcd.o
 .bss           0x40001a7e        0x0 lcd_hw.o
 .bss           0x40001a7e      0x134 key.o
 .bss           0x40001bb2        0x0 irq/irq_code.a(irqUart.o)
 .bss           0x40001bb2        0x0 ../startup/libea_startup_thumb.a(consol.o)
 .bss           0x40001bb2        0x0 ../startup/libea_startup_thumb.a(startup.o)
 .bss           0x40001bb2        0x0 ../startup/libea_startup_thumb.a(framework.o)
 *fill*         0x40001bb2        0x2 00
 .bss           0x40001bb4       0x2c ../pre_emptive_os/pre_emptive_os.a(kernel.o)
                0x40001bb4                osLockNesting
                0x40001bb8                pNxtToRun
                0x40001bbc                pRunProc
                0x40001bb5                isrNesting
 .bss           0x40001be0        0x0 ../pre_emptive_os/pre_emptive_os.a(prioqueue.o)
 .bss           0x40001be0      0x348 ../pre_emptive_os/pre_emptive_os.a(timer.o)
 .bss           0x40001f28        0x0 ../pre_emptive_os/pre_emptive_os.a(stack_usage.o)
 .bss           0x40001f28        0x0 ../pre_emptive_os/pre_emptive_os.a(a7hal.o)
 .bss           0x40001f28        0x0 ../pre_emptive_os/pre_emptive_os.a(a7hal_a.o)
 .bss           0x40001f28        0x0 ../pre_emptive_os/pre_emptive_os.a(count_sem.o)
 .bss           0x40001f28        0x0 ../pre_emptive_os/pre_emptive_os.a(event.o)
 .bss           0x40001f28        0x4 pff2/pff2_sd.a(pff.o)
 .bss           0x40001f2c        0x0 pff2/pff2_sd.a(diskio.o)
 .bss           0x40001f2c        0x0 pff2/pff2_sd.a(sd.o)
 .bss           0x40001f2c        0x1 pff2/pff2_sd.a(spi.o)
 .bss           0x40001f2d        0x0 /cygdrive/c/Embedded/GNUARM/bin/../lib/gcc/arm-elf/4.1.1/interwork/libgcc.a(_udivsi3.o)
 .bss           0x40001f2d        0x0 /cygdrive/c/Embedded/GNUARM/bin/../lib/gcc/arm-elf/4.1.1/interwork/libgcc.a(_divsi3.o)
 .bss           0x40001f2d        0x0 /cygdrive/c/Embedded/GNUARM/bin/../lib/gcc/arm-elf/4.1.1/interwork/libgcc.a(_umodsi3.o)
 .bss           0x40001f2d        0x0 /cygdrive/c/Embedded/GNUARM/bin/../lib/gcc/arm-elf/4.1.1/interwork/libgcc.a(_dvmd_tls.o)
 .bss           0x40001f2d        0x0 /cygdrive/c/Embedded/GNUARM/bin/../lib/gcc/arm-elf/4.1.1/interwork/libgcc.a(_call_via_rX.o)
 .bss           0x40001f2d        0x0 /cygdrive/c/Embedded/GNUARM/bin/../lib/gcc/arm-elf/4.1.1/../../../../arm-elf/lib/interwork/libc.a(atoi.o)
 .bss           0x40001f2d        0x0 /cygdrive/c/Embedded/GNUARM/bin/../lib/gcc/arm-elf/4.1.1/../../../../arm-elf/lib/interwork/libc.a(memcpy.o)
 .bss           0x40001f2d        0x0 /cygdrive/c/Embedded/GNUARM/bin/../lib/gcc/arm-elf/4.1.1/../../../../arm-elf/lib/interwork/libc.a(printf.o)
 .bss           0x40001f2d        0x0 /cygdrive/c/Embedded/GNUARM/bin/../lib/gcc/arm-elf/4.1.1/../../../../arm-elf/lib/interwork/libc.a(puts.o)
 .bss           0x40001f2d        0x0 /cygdrive/c/Embedded/GNUARM/bin/../lib/gcc/arm-elf/4.1.1/../../../../arm-elf/lib/interwork/libc.a(strlen.o)
 .bss           0x40001f2d        0x0 /cygdrive/c/Embedded/GNUARM/bin/../lib/gcc/arm-elf/4.1.1/../../../../arm-elf/lib/interwork/libc.a(strtol.o)
 .bss           0x40001f2d        0x0 /cygdrive/c/Embedded/GNUARM/bin/../lib/gcc/arm-elf/4.1.1/../../../../arm-elf/lib/interwork/libc.a(vfprintf.o)
 .bss           0x40001f2d        0x0 /cygdrive/c/Embedded/GNUARM/bin/../lib/gcc/arm-elf/4.1.1/../../../../arm-elf/lib/interwork/libc.a(wcrtomb.o)
 .bss           0x40001f2d        0x0 /cygdrive/c/Embedded/GNUARM/bin/../lib/gcc/arm-elf/4.1.1/../../../../arm-elf/lib/interwork/libc.a(wcsrtombs.o)
 .bss           0x40001f2d        0x0 /cygdrive/c/Embedded/GNUARM/bin/../lib/gcc/arm-elf/4.1.1/../../../../arm-elf/lib/interwork/libc.a(wctomb_r.o)
 .bss           0x40001f2d        0x0 /cygdrive/c/Embedded/GNUARM/bin/../lib/gcc/arm-elf/4.1.1/../../../../arm-elf/lib/interwork/libc.a(wsetup.o)
 .bss           0x40001f2d        0x0 /cygdrive/c/Embedded/GNUARM/bin/../lib/gcc/arm-elf/4.1.1/../../../../arm-elf/lib/interwork/libc.a(ctype_.o)
 .bss           0x40001f2d        0x0 /cygdrive/c/Embedded/GNUARM/bin/../lib/gcc/arm-elf/4.1.1/../../../../arm-elf/lib/interwork/libc.a(dtoa.o)
 .bss           0x40001f2d        0x0 /cygdrive/c/Embedded/GNUARM/bin/../lib/gcc/arm-elf/4.1.1/../../../../arm-elf/lib/interwork/libc.a(fflush.o)
 .bss           0x40001f2d        0x0 /cygdrive/c/Embedded/GNUARM/bin/../lib/gcc/arm-elf/4.1.1/../../../../arm-elf/lib/interwork/libc.a(findfp.o)
 .bss           0x40001f2d        0x0 /cygdrive/c/Embedded/GNUARM/bin/../lib/gcc/arm-elf/4.1.1/../../../../arm-elf/lib/interwork/libc.a(freer.o)
 .bss           0x40001f2d        0x0 /cygdrive/c/Embedded/GNUARM/bin/../lib/gcc/arm-elf/4.1.1/../../../../arm-elf/lib/interwork/libc.a(fvwrite.o)
 .bss           0x40001f2d        0x0 /cygdrive/c/Embedded/GNUARM/bin/../lib/gcc/arm-elf/4.1.1/../../../../arm-elf/lib/interwork/libc.a(fwalk.o)
 .bss           0x40001f2d        0x0 /cygdrive/c/Embedded/GNUARM/bin/../lib/gcc/arm-elf/4.1.1/../../../../arm-elf/lib/interwork/libc.a(impure.o)
 *fill*         0x40001f2d        0x3 00
 .bss           0x40001f30        0xc /cygdrive/c/Embedded/GNUARM/bin/../lib/gcc/arm-elf/4.1.1/../../../../arm-elf/lib/interwork/libc.a(locale.o)
                0x40001f30                __nlocale_changed
                0x40001f34                __mlocale_changed
                0x40001f38                _PathLocale
 .bss           0x40001f3c        0x0 /cygdrive/c/Embedded/GNUARM/bin/../lib/gcc/arm-elf/4.1.1/../../../../arm-elf/lib/interwork/libc.a(makebuf.o)
 .bss           0x40001f3c       0x34 /cygdrive/c/Embedded/GNUARM/bin/../lib/gcc/arm-elf/4.1.1/../../../../arm-elf/lib/interwork/libc.a(mallocr.o)
                0x40001f3c                __malloc_top_pad
                0x40001f40                __malloc_max_sbrked_mem
                0x40001f48                __malloc_current_mallinfo
                0x40001f44                __malloc_max_total_mem
 .bss           0x40001f70        0x0 /cygdrive/c/Embedded/GNUARM/bin/../lib/gcc/arm-elf/4.1.1/../../../../arm-elf/lib/interwork/libc.a(memchr.o)
 .bss           0x40001f70        0x0 /cygdrive/c/Embedded/GNUARM/bin/../lib/gcc/arm-elf/4.1.1/../../../../arm-elf/lib/interwork/libc.a(memmove.o)
 .bss           0x40001f70        0x0 /cygdrive/c/Embedded/GNUARM/bin/../lib/gcc/arm-elf/4.1.1/../../../../arm-elf/lib/interwork/libc.a(memset.o)
 .bss           0x40001f70        0x0 /cygdrive/c/Embedded/GNUARM/bin/../lib/gcc/arm-elf/4.1.1/../../../../arm-elf/lib/interwork/libc.a(mlock.o)
 .bss           0x40001f70        0x0 /cygdrive/c/Embedded/GNUARM/bin/../lib/gcc/arm-elf/4.1.1/../../../../arm-elf/lib/interwork/libc.a(mprec.o)
 .bss           0x40001f70        0x0 /cygdrive/c/Embedded/GNUARM/bin/../lib/gcc/arm-elf/4.1.1/../../../../arm-elf/lib/interwork/libc.a(reallocr.o)
 .bss           0x40001f70        0x0 /cygdrive/c/Embedded/GNUARM/bin/../lib/gcc/arm-elf/4.1.1/../../../../arm-elf/lib/interwork/libc.a(s_isinf.o)
 .bss           0x40001f70        0x0 /cygdrive/c/Embedded/GNUARM/bin/../lib/gcc/arm-elf/4.1.1/../../../../arm-elf/lib/interwork/libc.a(s_isnan.o)
 .bss           0x40001f70        0x0 /cygdrive/c/Embedded/GNUARM/bin/../lib/gcc/arm-elf/4.1.1/../../../../arm-elf/lib/interwork/libc.a(sbrkr.o)
 .bss           0x40001f70        0x0 /cygdrive/c/Embedded/GNUARM/bin/../lib/gcc/arm-elf/4.1.1/../../../../arm-elf/lib/interwork/libc.a(stdio.o)
 .bss           0x40001f70        0x0 /cygdrive/c/Embedded/GNUARM/bin/../lib/gcc/arm-elf/4.1.1/../../../../arm-elf/lib/interwork/libc.a(strcmp.o)
 .bss           0x40001f70       0xb0 /cygdrive/c/Embedded/GNUARM/bin/../lib/gcc/arm-elf/4.1.1/../../../../arm-elf/lib/interwork/libc.a(syscalls.o)
 .bss           0x40002020        0x0 /cygdrive/c/Embedded/GNUARM/bin/../lib/gcc/arm-elf/4.1.1/../../../../arm-elf/lib/interwork/libc.a(writer.o)
 .bss           0x40002020        0x0 /cygdrive/c/Embedded/GNUARM/bin/../lib/gcc/arm-elf/4.1.1/../../../../arm-elf/lib/interwork/libc.a(callocr.o)
 .bss           0x40002020        0x0 /cygdrive/c/Embedded/GNUARM/bin/../lib/gcc/arm-elf/4.1.1/../../../../arm-elf/lib/interwork/libc.a(closer.o)
 .bss           0x40002020        0x0 /cygdrive/c/Embedded/GNUARM/bin/../lib/gcc/arm-elf/4.1.1/../../../../arm-elf/lib/interwork/libc.a(errno.o)
 .bss           0x40002020        0x0 /cygdrive/c/Embedded/GNUARM/bin/../lib/gcc/arm-elf/4.1.1/../../../../arm-elf/lib/interwork/libc.a(fclose.o)
 .bss           0x40002020        0x0 /cygdrive/c/Embedded/GNUARM/bin/../lib/gcc/arm-elf/4.1.1/../../../../arm-elf/lib/interwork/libc.a(fstatr.o)
 .bss           0x40002020        0x0 /cygdrive/c/Embedded/GNUARM/bin/../lib/gcc/arm-elf/4.1.1/../../../../arm-elf/lib/interwork/libc.a(lseekr.o)
 .bss           0x40002020        0x0 /cygdrive/c/Embedded/GNUARM/bin/../lib/gcc/arm-elf/4.1.1/../../../../arm-elf/lib/interwork/libc.a(readr.o)
 .bss           0x40002020        0x0 /cygdrive/c/Embedded/GNUARM/bin/../lib/gcc/arm-elf/4.1.1/../../../../arm-elf/lib/interwork/libc.a(reent.o)
 .bss           0x40002020        0x0 /cygdrive/c/Embedded/GNUARM/bin/../lib/gcc/arm-elf/4.1.1/interwork/libgcc.a(_addsubdf3.o)
 .bss           0x40002020        0x0 /cygdrive/c/Embedded/GNUARM/bin/../lib/gcc/arm-elf/4.1.1/interwork/libgcc.a(_muldivdf3.o)
 .bss           0x40002020        0x0 /cygdrive/c/Embedded/GNUARM/bin/../lib/gcc/arm-elf/4.1.1/interwork/libgcc.a(_cmpdf2.o)
 .bss           0x40002020        0x0 /cygdrive/c/Embedded/GNUARM/bin/../lib/gcc/arm-elf/4.1.1/interwork/libgcc.a(_fixdfsi.o)
 *(COMMON)
 COMMON         0x40002020       0x30 main.o
                0x40002020                fatfs
 COMMON         0x40002050       0x80 uart.o
                0x40002050                uart1RxBuf
                0x40002090                uart1TxBuf
 COMMON         0x400020d0       0x21 lcd.o
                0x400020d0                buf
 *fill*         0x400020f1        0x3 00
 COMMON         0x400020f4        0x8 ../startup/libea_startup_thumb.a(framework.o)
                0x400020f4                pHeapEnd
                0x400020f8                pHeapStart
 COMMON         0x400020fc       0xf0 ../pre_emptive_os/pre_emptive_os.a(kernel.o)
                0x400020fc                processControlBlocks
 COMMON         0x400021ec       0x1c pff2/pff2_sd.a(pff.o)
                0x400021ec                fs
                0x400021f0                remain
                0x400021f4                clst
                0x400021f8                rcnt
                0x400021fc                sect
                0x40002200                rbuff
                0x40002204                dr
 COMMON         0x40002208       0x10 pff2/pff2_sd.a(diskio.o)
                0x40002208                firstblock
                0x4000220c                i
                0x40002210                c
                0x40002211                cardresp
                0x40002214                place
 COMMON         0x40002218        0x3 pff2/pff2_sd.a(sd.o)
                0x40002218                resp16
                0x4000221a                resp8b
 COMMON         0x4000221b        0x1 pff2/pff2_sd.a(spi.o)
                0x4000221b                incoming
 COMMON         0x4000221c        0x4 /cygdrive/c/Embedded/GNUARM/bin/../lib/gcc/arm-elf/4.1.1/../../../../arm-elf/lib/interwork/libc.a(reent.o)
                0x4000221c                errno
                0x40002220                . = ALIGN (0x4)
                0x40002220                . = ALIGN (0x4)
                0x40002220                __bss_end = .
                0x40002220                __bss_end__ = .
                0x40002220                _end = .
                0x40002220                PROVIDE (end, .)

.stab           0x00000000      0x600
 *(.stab)
 .stab          0x00000000      0x3c0 ../startup/libea_startup_thumb.a(startup.o)
 .stab          0x000003c0      0x240 ../pre_emptive_os/pre_emptive_os.a(a7hal_a.o)
                                0x24c (size before relaxing)

.stabstr        0x00000000       0x99
 *(.stabstr)
 .stabstr       0x00000000       0x99 ../startup/libea_startup_thumb.a(startup.o)

.stab.excl
 *(.stab.excl)

.stab.exclstr
 *(.stab.exclstr)

.stab.index
 *(.stab.index)

.stab.indexstr
 *(.stab.indexstr)

.comment        0x00000000      0x4b6
 *(.comment)
 .comment       0x00000000       0x12 main.o
 .comment       0x00000012       0x12 eeprom.o
 .comment       0x00000024       0x12 i2c.o
 .comment       0x00000036       0x12 uart.o
 .comment       0x00000048       0x12 testAdc.o
 .comment       0x0000005a       0x12 testLcd.o
 .comment       0x0000006c       0x12 testRGB.o
 .comment       0x0000007e       0x12 lcd.o
 .comment       0x00000090       0x12 lcd_hw.o
 .comment       0x000000a2       0x12 key.o
 .comment       0x000000b4       0x12 irq/irq_code.a(irqUart.o)
 .comment       0x000000c6       0x12 ../startup/libea_startup_thumb.a(consol.o)
 .comment       0x000000d8       0x12 ../startup/libea_startup_thumb.a(framework.o)
 .comment       0x000000ea       0x12 ../pre_emptive_os/pre_emptive_os.a(kernel.o)
 .comment       0x000000fc       0x12 ../pre_emptive_os/pre_emptive_os.a(prioqueue.o)
 .comment       0x0000010e       0x12 ../pre_emptive_os/pre_emptive_os.a(timer.o)
 .comment       0x00000120       0x12 ../pre_emptive_os/pre_emptive_os.a(stack_usage.o)
 .comment       0x00000132       0x12 ../pre_emptive_os/pre_emptive_os.a(a7hal.o)
 .comment       0x00000144       0x12 ../pre_emptive_os/pre_emptive_os.a(count_sem.o)
 .comment       0x00000156       0x12 ../pre_emptive_os/pre_emptive_os.a(event.o)
 .comment       0x00000168       0x12 pff2/pff2_sd.a(pff.o)
 .comment       0x0000017a       0x12 pff2/pff2_sd.a(diskio.o)
 .comment       0x0000018c       0x12 pff2/pff2_sd.a(sd.o)
 .comment       0x0000019e       0x12 pff2/pff2_sd.a(spi.o)
 .comment       0x000001b0       0x12 /cygdrive/c/Embedded/GNUARM/bin/../lib/gcc/arm-elf/4.1.1/../../../../arm-elf/lib/interwork/libc.a(atoi.o)
 .comment       0x000001c2       0x12 /cygdrive/c/Embedded/GNUARM/bin/../lib/gcc/arm-elf/4.1.1/../../../../arm-elf/lib/interwork/libc.a(memcpy.o)
 .comment       0x000001d4       0x12 /cygdrive/c/Embedded/GNUARM/bin/../lib/gcc/arm-elf/4.1.1/../../../../arm-elf/lib/interwork/libc.a(printf.o)
 .comment       0x000001e6       0x12 /cygdrive/c/Embedded/GNUARM/bin/../lib/gcc/arm-elf/4.1.1/../../../../arm-elf/lib/interwork/libc.a(puts.o)
 .comment       0x000001f8       0x12 /cygdrive/c/Embedded/GNUARM/bin/../lib/gcc/arm-elf/4.1.1/../../../../arm-elf/lib/interwork/libc.a(strlen.o)
 .comment       0x0000020a       0x12 /cygdrive/c/Embedded/GNUARM/bin/../lib/gcc/arm-elf/4.1.1/../../../../arm-elf/lib/interwork/libc.a(strtol.o)
 .comment       0x0000021c       0x12 /cygdrive/c/Embedded/GNUARM/bin/../lib/gcc/arm-elf/4.1.1/../../../../arm-elf/lib/interwork/libc.a(vfprintf.o)
 .comment       0x0000022e       0x12 /cygdrive/c/Embedded/GNUARM/bin/../lib/gcc/arm-elf/4.1.1/../../../../arm-elf/lib/interwork/libc.a(wcrtomb.o)
 .comment       0x00000240       0x12 /cygdrive/c/Embedded/GNUARM/bin/../lib/gcc/arm-elf/4.1.1/../../../../arm-elf/lib/interwork/libc.a(wcsrtombs.o)
 .comment       0x00000252       0x12 /cygdrive/c/Embedded/GNUARM/bin/../lib/gcc/arm-elf/4.1.1/../../../../arm-elf/lib/interwork/libc.a(wctomb_r.o)
 .comment       0x00000264       0x12 /cygdrive/c/Embedded/GNUARM/bin/../lib/gcc/arm-elf/4.1.1/../../../../arm-elf/lib/interwork/libc.a(wsetup.o)
 .comment       0x00000276       0x12 /cygdrive/c/Embedded/GNUARM/bin/../lib/gcc/arm-elf/4.1.1/../../../../arm-elf/lib/interwork/libc.a(ctype_.o)
 .comment       0x00000288       0x12 /cygdrive/c/Embedded/GNUARM/bin/../lib/gcc/arm-elf/4.1.1/../../../../arm-elf/lib/interwork/libc.a(dtoa.o)
 .comment       0x0000029a       0x12 /cygdrive/c/Embedded/GNUARM/bin/../lib/gcc/arm-elf/4.1.1/../../../../arm-elf/lib/interwork/libc.a(fflush.o)
 .comment       0x000002ac       0x12 /cygdrive/c/Embedded/GNUARM/bin/../lib/gcc/arm-elf/4.1.1/../../../../arm-elf/lib/interwork/libc.a(findfp.o)
 .comment       0x000002be       0x12 /cygdrive/c/Embedded/GNUARM/bin/../lib/gcc/arm-elf/4.1.1/../../../../arm-elf/lib/interwork/libc.a(freer.o)
 .comment       0x000002d0       0x12 /cygdrive/c/Embedded/GNUARM/bin/../lib/gcc/arm-elf/4.1.1/../../../../arm-elf/lib/interwork/libc.a(fvwrite.o)
 .comment       0x000002e2       0x12 /cygdrive/c/Embedded/GNUARM/bin/../lib/gcc/arm-elf/4.1.1/../../../../arm-elf/lib/interwork/libc.a(fwalk.o)
 .comment       0x000002f4       0x12 /cygdrive/c/Embedded/GNUARM/bin/../lib/gcc/arm-elf/4.1.1/../../../../arm-elf/lib/interwork/libc.a(impure.o)
 .comment       0x00000306       0x12 /cygdrive/c/Embedded/GNUARM/bin/../lib/gcc/arm-elf/4.1.1/../../../../arm-elf/lib/interwork/libc.a(locale.o)
 .comment       0x00000318       0x12 /cygdrive/c/Embedded/GNUARM/bin/../lib/gcc/arm-elf/4.1.1/../../../../arm-elf/lib/interwork/libc.a(makebuf.o)
 .comment       0x0000032a       0x12 /cygdrive/c/Embedded/GNUARM/bin/../lib/gcc/arm-elf/4.1.1/../../../../arm-elf/lib/interwork/libc.a(mallocr.o)
 .comment       0x0000033c       0x12 /cygdrive/c/Embedded/GNUARM/bin/../lib/gcc/arm-elf/4.1.1/../../../../arm-elf/lib/interwork/libc.a(memchr.o)
 .comment       0x0000034e       0x12 /cygdrive/c/Embedded/GNUARM/bin/../lib/gcc/arm-elf/4.1.1/../../../../arm-elf/lib/interwork/libc.a(memmove.o)
 .comment       0x00000360       0x12 /cygdrive/c/Embedded/GNUARM/bin/../lib/gcc/arm-elf/4.1.1/../../../../arm-elf/lib/interwork/libc.a(memset.o)
 .comment       0x00000372       0x12 /cygdrive/c/Embedded/GNUARM/bin/../lib/gcc/arm-elf/4.1.1/../../../../arm-elf/lib/interwork/libc.a(mlock.o)
 .comment       0x00000384       0x12 /cygdrive/c/Embedded/GNUARM/bin/../lib/gcc/arm-elf/4.1.1/../../../../arm-elf/lib/interwork/libc.a(mprec.o)
 .comment       0x00000396       0x12 /cygdrive/c/Embedded/GNUARM/bin/../lib/gcc/arm-elf/4.1.1/../../../../arm-elf/lib/interwork/libc.a(reallocr.o)
 .comment       0x000003a8       0x12 /cygdrive/c/Embedded/GNUARM/bin/../lib/gcc/arm-elf/4.1.1/../../../../arm-elf/lib/interwork/libc.a(s_isinf.o)
 .comment       0x000003ba       0x12 /cygdrive/c/Embedded/GNUARM/bin/../lib/gcc/arm-elf/4.1.1/../../../../arm-elf/lib/interwork/libc.a(s_isnan.o)
 .comment       0x000003cc       0x12 /cygdrive/c/Embedded/GNUARM/bin/../lib/gcc/arm-elf/4.1.1/../../../../arm-elf/lib/interwork/libc.a(sbrkr.o)
 .comment       0x000003de       0x12 /cygdrive/c/Embedded/GNUARM/bin/../lib/gcc/arm-elf/4.1.1/../../../../arm-elf/lib/interwork/libc.a(stdio.o)
 .comment       0x000003f0       0x12 /cygdrive/c/Embedded/GNUARM/bin/../lib/gcc/arm-elf/4.1.1/../../../../arm-elf/lib/interwork/libc.a(strcmp.o)
 .comment       0x00000402       0x12 /cygdrive/c/Embedded/GNUARM/bin/../lib/gcc/arm-elf/4.1.1/../../../../arm-elf/lib/interwork/libc.a(syscalls.o)
 .comment       0x00000414       0x12 /cygdrive/c/Embedded/GNUARM/bin/../lib/gcc/arm-elf/4.1.1/../../../../arm-elf/lib/interwork/libc.a(writer.o)
 .comment       0x00000426       0x12 /cygdrive/c/Embedded/GNUARM/bin/../lib/gcc/arm-elf/4.1.1/../../../../arm-elf/lib/interwork/libc.a(callocr.o)
 .comment       0x00000438       0x12 /cygdrive/c/Embedded/GNUARM/bin/../lib/gcc/arm-elf/4.1.1/../../../../arm-elf/lib/interwork/libc.a(closer.o)
 .comment       0x0000044a       0x12 /cygdrive/c/Embedded/GNUARM/bin/../lib/gcc/arm-elf/4.1.1/../../../../arm-elf/lib/interwork/libc.a(errno.o)
 .comment       0x0000045c       0x12 /cygdrive/c/Embedded/GNUARM/bin/../lib/gcc/arm-elf/4.1.1/../../../../arm-elf/lib/interwork/libc.a(fclose.o)
 .comment       0x0000046e       0x12 /cygdrive/c/Embedded/GNUARM/bin/../lib/gcc/arm-elf/4.1.1/../../../../arm-elf/lib/interwork/libc.a(fstatr.o)
 .comment       0x00000480       0x12 /cygdrive/c/Embedded/GNUARM/bin/../lib/gcc/arm-elf/4.1.1/../../../../arm-elf/lib/interwork/libc.a(lseekr.o)
 .comment       0x00000492       0x12 /cygdrive/c/Embedded/GNUARM/bin/../lib/gcc/arm-elf/4.1.1/../../../../arm-elf/lib/interwork/libc.a(readr.o)
 .comment       0x000004a4       0x12 /cygdrive/c/Embedded/GNUARM/bin/../lib/gcc/arm-elf/4.1.1/../../../../arm-elf/lib/interwork/libc.a(reent.o)

.debug
 *(.debug)

.line
 *(.line)

.debug_srcinfo
 *(.debug_srcinfo)

.debug_sfnames
 *(.debug_sfnames)

.debug_aranges  0x00000000      0x900
 *(.debug_aranges)
 .debug_aranges
                0x00000000       0x20 main.o
 .debug_aranges
                0x00000020       0x20 eeprom.o
 .debug_aranges
                0x00000040       0x20 i2c.o
 .debug_aranges
                0x00000060       0x20 uart.o
 .debug_aranges
                0x00000080       0x20 testAdc.o
 .debug_aranges
                0x000000a0       0x20 lcd.o
 .debug_aranges
                0x000000c0       0x20 lcd_hw.o
 .debug_aranges
                0x000000e0       0x20 key.o
 .debug_aranges
                0x00000100       0x20 irq/irq_code.a(irqUart.o)
 .debug_aranges
                0x00000120       0x20 ../startup/libea_startup_thumb.a(consol.o)
 .debug_aranges
                0x00000140       0x20 ../startup/libea_startup_thumb.a(framework.o)
 .debug_aranges
                0x00000160       0x20 ../pre_emptive_os/pre_emptive_os.a(kernel.o)
 .debug_aranges
                0x00000180       0x20 ../pre_emptive_os/pre_emptive_os.a(prioqueue.o)
 .debug_aranges
                0x000001a0       0x20 ../pre_emptive_os/pre_emptive_os.a(timer.o)
 .debug_aranges
                0x000001c0       0x20 ../pre_emptive_os/pre_emptive_os.a(stack_usage.o)
 .debug_aranges
                0x000001e0       0x20 ../pre_emptive_os/pre_emptive_os.a(a7hal.o)
 .debug_aranges
                0x00000200       0x20 ../pre_emptive_os/pre_emptive_os.a(count_sem.o)
 .debug_aranges
                0x00000220       0x20 ../pre_emptive_os/pre_emptive_os.a(event.o)
 .debug_aranges
                0x00000240       0x20 pff2/pff2_sd.a(pff.o)
 .debug_aranges
                0x00000260       0x20 pff2/pff2_sd.a(diskio.o)
 .debug_aranges
                0x00000280       0x20 pff2/pff2_sd.a(sd.o)
 .debug_aranges
                0x000002a0       0x20 pff2/pff2_sd.a(spi.o)
 .debug_aranges
                0x000002c0       0x20 /cygdrive/c/Embedded/GNUARM/bin/../lib/gcc/arm-elf/4.1.1/interwork/libgcc.a(_udivsi3.o)
 .debug_aranges
                0x000002e0       0x20 /cygdrive/c/Embedded/GNUARM/bin/../lib/gcc/arm-elf/4.1.1/interwork/libgcc.a(_divsi3.o)
 .debug_aranges
                0x00000300       0x20 /cygdrive/c/Embedded/GNUARM/bin/../lib/gcc/arm-elf/4.1.1/interwork/libgcc.a(_umodsi3.o)
 .debug_aranges
                0x00000320       0x20 /cygdrive/c/Embedded/GNUARM/bin/../lib/gcc/arm-elf/4.1.1/interwork/libgcc.a(_dvmd_tls.o)
 .debug_aranges
                0x00000340       0x20 /cygdrive/c/Embedded/GNUARM/bin/../lib/gcc/arm-elf/4.1.1/interwork/libgcc.a(_call_via_rX.o)
 .debug_aranges
                0x00000360       0x20 /cygdrive/c/Embedded/GNUARM/bin/../lib/gcc/arm-elf/4.1.1/../../../../arm-elf/lib/interwork/libc.a(atoi.o)
 .debug_aranges
                0x00000380       0x20 /cygdrive/c/Embedded/GNUARM/bin/../lib/gcc/arm-elf/4.1.1/../../../../arm-elf/lib/interwork/libc.a(memcpy.o)
 .debug_aranges
                0x000003a0       0x20 /cygdrive/c/Embedded/GNUARM/bin/../lib/gcc/arm-elf/4.1.1/../../../../arm-elf/lib/interwork/libc.a(printf.o)
 .debug_aranges
                0x000003c0       0x20 /cygdrive/c/Embedded/GNUARM/bin/../lib/gcc/arm-elf/4.1.1/../../../../arm-elf/lib/interwork/libc.a(puts.o)
 .debug_aranges
                0x000003e0       0x20 /cygdrive/c/Embedded/GNUARM/bin/../lib/gcc/arm-elf/4.1.1/../../../../arm-elf/lib/interwork/libc.a(strlen.o)
 .debug_aranges
                0x00000400       0x20 /cygdrive/c/Embedded/GNUARM/bin/../lib/gcc/arm-elf/4.1.1/../../../../arm-elf/lib/interwork/libc.a(strtol.o)
 .debug_aranges
                0x00000420       0x20 /cygdrive/c/Embedded/GNUARM/bin/../lib/gcc/arm-elf/4.1.1/../../../../arm-elf/lib/interwork/libc.a(vfprintf.o)
 .debug_aranges
                0x00000440       0x20 /cygdrive/c/Embedded/GNUARM/bin/../lib/gcc/arm-elf/4.1.1/../../../../arm-elf/lib/interwork/libc.a(wcrtomb.o)
 .debug_aranges
                0x00000460       0x20 /cygdrive/c/Embedded/GNUARM/bin/../lib/gcc/arm-elf/4.1.1/../../../../arm-elf/lib/interwork/libc.a(wcsrtombs.o)
 .debug_aranges
                0x00000480       0x20 /cygdrive/c/Embedded/GNUARM/bin/../lib/gcc/arm-elf/4.1.1/../../../../arm-elf/lib/interwork/libc.a(wctomb_r.o)
 .debug_aranges
                0x000004a0       0x20 /cygdrive/c/Embedded/GNUARM/bin/../lib/gcc/arm-elf/4.1.1/../../../../arm-elf/lib/interwork/libc.a(wsetup.o)
 .debug_aranges
                0x000004c0       0x20 /cygdrive/c/Embedded/GNUARM/bin/../lib/gcc/arm-elf/4.1.1/../../../../arm-elf/lib/interwork/libc.a(dtoa.o)
 .debug_aranges
                0x000004e0       0x20 /cygdrive/c/Embedded/GNUARM/bin/../lib/gcc/arm-elf/4.1.1/../../../../arm-elf/lib/interwork/libc.a(fflush.o)
 .debug_aranges
                0x00000500       0x20 /cygdrive/c/Embedded/GNUARM/bin/../lib/gcc/arm-elf/4.1.1/../../../../arm-elf/lib/interwork/libc.a(findfp.o)
 .debug_aranges
                0x00000520       0x20 /cygdrive/c/Embedded/GNUARM/bin/../lib/gcc/arm-elf/4.1.1/../../../../arm-elf/lib/interwork/libc.a(freer.o)
 .debug_aranges
                0x00000540       0x20 /cygdrive/c/Embedded/GNUARM/bin/../lib/gcc/arm-elf/4.1.1/../../../../arm-elf/lib/interwork/libc.a(fvwrite.o)
 .debug_aranges
                0x00000560       0x20 /cygdrive/c/Embedded/GNUARM/bin/../lib/gcc/arm-elf/4.1.1/../../../../arm-elf/lib/interwork/libc.a(fwalk.o)
 .debug_aranges
                0x00000580       0x20 /cygdrive/c/Embedded/GNUARM/bin/../lib/gcc/arm-elf/4.1.1/../../../../arm-elf/lib/interwork/libc.a(locale.o)
 .debug_aranges
                0x000005a0       0x20 /cygdrive/c/Embedded/GNUARM/bin/../lib/gcc/arm-elf/4.1.1/../../../../arm-elf/lib/interwork/libc.a(makebuf.o)
 .debug_aranges
                0x000005c0       0x20 /cygdrive/c/Embedded/GNUARM/bin/../lib/gcc/arm-elf/4.1.1/../../../../arm-elf/lib/interwork/libc.a(mallocr.o)
 .debug_aranges
                0x000005e0       0x20 /cygdrive/c/Embedded/GNUARM/bin/../lib/gcc/arm-elf/4.1.1/../../../../arm-elf/lib/interwork/libc.a(memchr.o)
 .debug_aranges
                0x00000600       0x20 /cygdrive/c/Embedded/GNUARM/bin/../lib/gcc/arm-elf/4.1.1/../../../../arm-elf/lib/interwork/libc.a(memmove.o)
 .debug_aranges
                0x00000620       0x20 /cygdrive/c/Embedded/GNUARM/bin/../lib/gcc/arm-elf/4.1.1/../../../../arm-elf/lib/interwork/libc.a(memset.o)
 .debug_aranges
                0x00000640       0x20 /cygdrive/c/Embedded/GNUARM/bin/../lib/gcc/arm-elf/4.1.1/../../../../arm-elf/lib/interwork/libc.a(mlock.o)
 .debug_aranges
                0x00000660       0x20 /cygdrive/c/Embedded/GNUARM/bin/../lib/gcc/arm-elf/4.1.1/../../../../arm-elf/lib/interwork/libc.a(mprec.o)
 .debug_aranges
                0x00000680       0x20 /cygdrive/c/Embedded/GNUARM/bin/../lib/gcc/arm-elf/4.1.1/../../../../arm-elf/lib/interwork/libc.a(reallocr.o)
 .debug_aranges
                0x000006a0       0x20 /cygdrive/c/Embedded/GNUARM/bin/../lib/gcc/arm-elf/4.1.1/../../../../arm-elf/lib/interwork/libc.a(s_isinf.o)
 .debug_aranges
                0x000006c0       0x20 /cygdrive/c/Embedded/GNUARM/bin/../lib/gcc/arm-elf/4.1.1/../../../../arm-elf/lib/interwork/libc.a(s_isnan.o)
 .debug_aranges
                0x000006e0       0x20 /cygdrive/c/Embedded/GNUARM/bin/../lib/gcc/arm-elf/4.1.1/../../../../arm-elf/lib/interwork/libc.a(sbrkr.o)
 .debug_aranges
                0x00000700       0x20 /cygdrive/c/Embedded/GNUARM/bin/../lib/gcc/arm-elf/4.1.1/../../../../arm-elf/lib/interwork/libc.a(stdio.o)
 .debug_aranges
                0x00000720       0x20 /cygdrive/c/Embedded/GNUARM/bin/../lib/gcc/arm-elf/4.1.1/../../../../arm-elf/lib/interwork/libc.a(strcmp.o)
 .debug_aranges
                0x00000740       0x20 /cygdrive/c/Embedded/GNUARM/bin/../lib/gcc/arm-elf/4.1.1/../../../../arm-elf/lib/interwork/libc.a(syscalls.o)
 .debug_aranges
                0x00000760       0x20 /cygdrive/c/Embedded/GNUARM/bin/../lib/gcc/arm-elf/4.1.1/../../../../arm-elf/lib/interwork/libc.a(writer.o)
 .debug_aranges
                0x00000780       0x20 /cygdrive/c/Embedded/GNUARM/bin/../lib/gcc/arm-elf/4.1.1/../../../../arm-elf/lib/interwork/libc.a(callocr.o)
 .debug_aranges
                0x000007a0       0x20 /cygdrive/c/Embedded/GNUARM/bin/../lib/gcc/arm-elf/4.1.1/../../../../arm-elf/lib/interwork/libc.a(closer.o)
 .debug_aranges
                0x000007c0       0x20 /cygdrive/c/Embedded/GNUARM/bin/../lib/gcc/arm-elf/4.1.1/../../../../arm-elf/lib/interwork/libc.a(errno.o)
 .debug_aranges
                0x000007e0       0x20 /cygdrive/c/Embedded/GNUARM/bin/../lib/gcc/arm-elf/4.1.1/../../../../arm-elf/lib/interwork/libc.a(fclose.o)
 .debug_aranges
                0x00000800       0x20 /cygdrive/c/Embedded/GNUARM/bin/../lib/gcc/arm-elf/4.1.1/../../../../arm-elf/lib/interwork/libc.a(fstatr.o)
 .debug_aranges
                0x00000820       0x20 /cygdrive/c/Embedded/GNUARM/bin/../lib/gcc/arm-elf/4.1.1/../../../../arm-elf/lib/interwork/libc.a(lseekr.o)
 .debug_aranges
                0x00000840       0x20 /cygdrive/c/Embedded/GNUARM/bin/../lib/gcc/arm-elf/4.1.1/../../../../arm-elf/lib/interwork/libc.a(readr.o)
 .debug_aranges
                0x00000860       0x20 /cygdrive/c/Embedded/GNUARM/bin/../lib/gcc/arm-elf/4.1.1/../../../../arm-elf/lib/interwork/libc.a(reent.o)
 .debug_aranges
                0x00000880       0x20 /cygdrive/c/Embedded/GNUARM/bin/../lib/gcc/arm-elf/4.1.1/interwork/libgcc.a(_addsubdf3.o)
 .debug_aranges
                0x000008a0       0x20 /cygdrive/c/Embedded/GNUARM/bin/../lib/gcc/arm-elf/4.1.1/interwork/libgcc.a(_muldivdf3.o)
 .debug_aranges
                0x000008c0       0x20 /cygdrive/c/Embedded/GNUARM/bin/../lib/gcc/arm-elf/4.1.1/interwork/libgcc.a(_cmpdf2.o)
 .debug_aranges
                0x000008e0       0x20 /cygdrive/c/Embedded/GNUARM/bin/../lib/gcc/arm-elf/4.1.1/interwork/libgcc.a(_fixdfsi.o)

.debug_pubnames
                0x00000000     0x164b
 *(.debug_pubnames)
 .debug_pubnames
                0x00000000       0x65 main.o
 .debug_pubnames
                0x00000065       0x65 eeprom.o
 .debug_pubnames
                0x000000ca       0xcc i2c.o
 .debug_pubnames
                0x00000196       0xfa uart.o
 .debug_pubnames
                0x00000290       0x1e testAdc.o
 .debug_pubnames
                0x000002ae      0x10c lcd.o
 .debug_pubnames
                0x000003ba       0x40 lcd_hw.o
 .debug_pubnames
                0x000003fa       0x57 key.o
 .debug_pubnames
                0x00000451       0x39 irq/irq_code.a(irqUart.o)
 .debug_pubnames
                0x0000048a       0xda ../startup/libea_startup_thumb.a(consol.o)
 .debug_pubnames
                0x00000564       0x71 ../startup/libea_startup_thumb.a(framework.o)
 .debug_pubnames
                0x000005d5      0x17f ../pre_emptive_os/pre_emptive_os.a(kernel.o)
 .debug_pubnames
                0x00000754       0x76 ../pre_emptive_os/pre_emptive_os.a(prioqueue.o)
 .debug_pubnames
                0x000007ca       0x55 ../pre_emptive_os/pre_emptive_os.a(timer.o)
 .debug_pubnames
                0x0000081f       0x4e ../pre_emptive_os/pre_emptive_os.a(stack_usage.o)
 .debug_pubnames
                0x0000086d       0xc1 ../pre_emptive_os/pre_emptive_os.a(a7hal.o)
 .debug_pubnames
                0x0000092e       0x4d ../pre_emptive_os/pre_emptive_os.a(count_sem.o)
 .debug_pubnames
                0x0000097b       0x63 ../pre_emptive_os/pre_emptive_os.a(event.o)
 .debug_pubnames
                0x000009de       0xa0 pff2/pff2_sd.a(pff.o)
 .debug_pubnames
                0x00000a7e       0x76 pff2/pff2_sd.a(diskio.o)
 .debug_pubnames
                0x00000af4       0x80 pff2/pff2_sd.a(sd.o)
 .debug_pubnames
                0x00000b74       0x56 pff2/pff2_sd.a(spi.o)
 .debug_pubnames
                0x00000bca       0x27 /cygdrive/c/Embedded/GNUARM/bin/../lib/gcc/arm-elf/4.1.1/../../../../arm-elf/lib/interwork/libc.a(atoi.o)
 .debug_pubnames
                0x00000bf1       0x1d /cygdrive/c/Embedded/GNUARM/bin/../lib/gcc/arm-elf/4.1.1/../../../../arm-elf/lib/interwork/libc.a(memcpy.o)
 .debug_pubnames
                0x00000c0e       0x2b /cygdrive/c/Embedded/GNUARM/bin/../lib/gcc/arm-elf/4.1.1/../../../../arm-elf/lib/interwork/libc.a(printf.o)
 .debug_pubnames
                0x00000c39       0x27 /cygdrive/c/Embedded/GNUARM/bin/../lib/gcc/arm-elf/4.1.1/../../../../arm-elf/lib/interwork/libc.a(puts.o)
 .debug_pubnames
                0x00000c60       0x1d /cygdrive/c/Embedded/GNUARM/bin/../lib/gcc/arm-elf/4.1.1/../../../../arm-elf/lib/interwork/libc.a(strlen.o)
 .debug_pubnames
                0x00000c7d       0x2b /cygdrive/c/Embedded/GNUARM/bin/../lib/gcc/arm-elf/4.1.1/../../../../arm-elf/lib/interwork/libc.a(strtol.o)
 .debug_pubnames
                0x00000ca8       0x2f /cygdrive/c/Embedded/GNUARM/bin/../lib/gcc/arm-elf/4.1.1/../../../../arm-elf/lib/interwork/libc.a(vfprintf.o)
 .debug_pubnames
                0x00000cd7       0x2d /cygdrive/c/Embedded/GNUARM/bin/../lib/gcc/arm-elf/4.1.1/../../../../arm-elf/lib/interwork/libc.a(wcrtomb.o)