Archive member included because of file (symbol)

irq/irq_code.a(irqUart.o)     uart.o (uart1ISR)
../startup/libea_startup_thumb.a(consol.o)
                              testAdc.o (consolSendNumber)
../startup/libea_startup_thumb.a(startup.o)
                              (_startup)
../startup/libea_startup_thumb.a(framework.o)
                              ../startup/libea_startup_thumb.a(startup.o) (exceptionHandlerInit)
../pre_emptive_os/pre_emptive_os.a(kernel.o)
                              main.o (osInit)
../pre_emptive_os/pre_emptive_os.a(prioqueue.o)
                              ../pre_emptive_os/pre_emptive_os.a(kernel.o) (initPrioQueue)
../pre_emptive_os/pre_emptive_os.a(timer.o)
                              ../pre_emptive_os/pre_emptive_os.a(kernel.o) (timerTick)
../pre_emptive_os/pre_emptive_os.a(stack_usage.o)
                              ../pre_emptive_os/pre_emptive_os.a(kernel.o) (createStackPattern)
../pre_emptive_os/pre_emptive_os.a(a7hal.o)
                              ../pre_emptive_os/pre_emptive_os.a(kernel.o) (stkFrameInit_oshal)
../pre_emptive_os/pre_emptive_os.a(a7hal_a.o)
                              ../pre_emptive_os/pre_emptive_os.a(kernel.o) (startHighProc_oshal)
../pre_emptive_os/pre_emptive_os.a(count_sem.o)
                              ../pre_emptive_os/pre_emptive_os.a(timer.o) (osSemInit)
../pre_emptive_os/pre_emptive_os.a(event.o)
                              ../pre_emptive_os/pre_emptive_os.a(count_sem.o) (eventInit)
pff2/pff2_sd.a(pff.o)         functions.o (pf_readdir)
pff2/pff2_sd.a(diskio.o)      pff2/pff2_sd.a(pff.o) (disk_readp)
pff2/pff2_sd.a(sd.o)          pff2/pff2_sd.a(diskio.o) (sdResp8bError)
pff2/pff2_sd.a(spi.o)         pff2/pff2_sd.a(diskio.o) (setSpiSpeed)
/cygdrive/c/Embedded/GNUARM/bin/../lib/gcc/arm-elf/4.1.1/interwork/libgcc.a(_udivsi3.o)
                              lcd.o (__udivsi3)
/cygdrive/c/Embedded/GNUARM/bin/../lib/gcc/arm-elf/4.1.1/interwork/libgcc.a(_divsi3.o)
                              ../pre_emptive_os/pre_emptive_os.a(stack_usage.o) (__divsi3)
/cygdrive/c/Embedded/GNUARM/bin/../lib/gcc/arm-elf/4.1.1/interwork/libgcc.a(_umodsi3.o)
                              lcd.o (__umodsi3)
/cygdrive/c/Embedded/GNUARM/bin/../lib/gcc/arm-elf/4.1.1/interwork/libgcc.a(_dvmd_tls.o)
                              /cygdrive/c/Embedded/GNUARM/bin/../lib/gcc/arm-elf/4.1.1/interwork/libgcc.a(_udivsi3.o) (__div0)
/cygdrive/c/Embedded/GNUARM/bin/../lib/gcc/arm-elf/4.1.1/interwork/libgcc.a(_call_via_rX.o)
                              ../pre_emptive_os/pre_emptive_os.a(timer.o) (_call_via_r4)
/cygdrive/c/Embedded/GNUARM/bin/../lib/gcc/arm-elf/4.1.1/../../../../arm-elf/lib/interwork/libc.a(atoi.o)
                              ../startup/libea_startup_thumb.a(consol.o) (atoi)
/cygdrive/c/Embedded/GNUARM/bin/../lib/gcc/arm-elf/4.1.1/../../../../arm-elf/lib/interwork/libc.a(memcpy.o)
                              ../startup/libea_startup_thumb.a(consol.o) (memcpy)
/cygdrive/c/Embedded/GNUARM/bin/../lib/gcc/arm-elf/4.1.1/../../../../arm-elf/lib/interwork/libc.a(printf.o)
                              pff2/pff2_sd.a(sd.o) (printf)
/cygdrive/c/Embedded/GNUARM/bin/../lib/gcc/arm-elf/4.1.1/../../../../arm-elf/lib/interwork/libc.a(puts.o)
                              pff2/pff2_sd.a(sd.o) (puts)
/cygdrive/c/Embedded/GNUARM/bin/../lib/gcc/arm-elf/4.1.1/../../../../arm-elf/lib/interwork/libc.a(strcat.o)
                              functions.o (strcat)
/cygdrive/c/Embedded/GNUARM/bin/../lib/gcc/arm-elf/4.1.1/../../../../arm-elf/lib/interwork/libc.a(strcpy.o)
                              functions.o (strcpy)
/cygdrive/c/Embedded/GNUARM/bin/../lib/gcc/arm-elf/4.1.1/../../../../arm-elf/lib/interwork/libc.a(strlen.o)
                              functions.o (strlen)
/cygdrive/c/Embedded/GNUARM/bin/../lib/gcc/arm-elf/4.1.1/../../../../arm-elf/lib/interwork/libc.a(strncat.o)
                              functions.o (strncat)
/cygdrive/c/Embedded/GNUARM/bin/../lib/gcc/arm-elf/4.1.1/../../../../arm-elf/lib/interwork/libc.a(strncpy.o)
                              functions.o (strncpy)
/cygdrive/c/Embedded/GNUARM/bin/../lib/gcc/arm-elf/4.1.1/../../../../arm-elf/lib/interwork/libc.a(strtol.o)
                              /cygdrive/c/Embedded/GNUARM/bin/../lib/gcc/arm-elf/4.1.1/../../../../arm-elf/lib/interwork/libc.a(atoi.o) (_strtol_r)
/cygdrive/c/Embedded/GNUARM/bin/../lib/gcc/arm-elf/4.1.1/../../../../arm-elf/lib/interwork/libc.a(vfprintf.o)
                              /cygdrive/c/Embedded/GNUARM/bin/../lib/gcc/arm-elf/4.1.1/../../../../arm-elf/lib/interwork/libc.a(printf.o) (_vfprintf_r)
/cygdrive/c/Embedded/GNUARM/bin/../lib/gcc/arm-elf/4.1.1/../../../../arm-elf/lib/interwork/libc.a(wcrtomb.o)
                              /cygdrive/c/Embedded/GNUARM/bin/../lib/gcc/arm-elf/4.1.1/../../../../arm-elf/lib/interwork/libc.a(vfprintf.o) (_wcrtomb_r)
/cygdrive/c/Embedded/GNUARM/bin/../lib/gcc/arm-elf/4.1.1/../../../../arm-elf/lib/interwork/libc.a(wcsrtombs.o)
[...]
Memory Configuration

Name             Origin             Length             Attributes
FLASH            0x00000000         0x00080000         xr
RAM              0x40000000         0x00008000         rw
*default*        0x00000000         0xffffffff

Linker script and memory map

LOAD main.o
LOAD eeprom.o
LOAD i2c.o
LOAD uart.o
LOAD testAdc.o
LOAD testLcd.o
LOAD testRGB.o
LOAD lcd.o
LOAD lcd_hw.o
LOAD key.o
LOAD functions.o
LOAD irq/irq_code.a
LOAD ../startup/libea_startup_thumb.a
LOAD ../pre_emptive_os/pre_emptive_os.a
LOAD usb/libusb.a
LOAD pff2/pff2_sd.a
START GROUP
LOAD /cygdrive/c/Embedded/GNUARM/bin/../lib/gcc/arm-elf/4.1.1/interwork/libgcc.a
LOAD /cygdrive/c/Embedded/GNUARM/bin/../lib/gcc/arm-elf/4.1.1/../../../../arm-elf/lib/interwork/libc.a
END GROUP

.text           0x00000000     0xd480
 *startup.o(.text)
 .text          0x00000000      0x1d8 ../startup/libea_startup_thumb.a(startup.o)
                0x00000000                _startup
 *(.text)
 .text          0x000001d8      0x484 main.o
                0x000002a8                appTick
                0x000002b8                main
 .text          0x0000065c      0x23c eeprom.o
                0x000007ac                lm75Read
                0x0000065c                eepromWrite
                0x000006c8                eepromPoll
                0x00000820                eepromPageRead
                0x00000714                eepromStartRead
 .text          0x00000898      0x3a0 i2c.o
                0x000008b0                i2cInit
                0x00000af4                i2cRead
                0x00000a20                i2cWriteWithWait
                0x000008fc                i2cStart
                0x00000948                i2cStop
                0x00000898                i2cCheckStatus
                0x0000099c                i2cGetChar
                0x00000aa8                i2cRepeatStart
                0x00000b94                i2cWrite
                0x000009f4                i2cWaitTransmit
                0x00000a50                i2cMyWrite
                0x00000970                i2cPutChar
 .text          0x00000c38      0x204 uart.o
                0x00000d5c                uart1SendChar
                0x00000de0                uart1SendChars
                0x00000e24                uart1SendString
                0x00000e08                uart1SendCh
                0x00000c38                initUart1
                0x00000d10                uart1GetChar
                0x00000d40                uart1GetCh
 .text          0x00000e3c      0x2b4 testAdc.o
                0x00000e74                testAdc
 .text          0x000010f0        0x0 testLcd.o
 .text          0x000010f0        0x0 testRGB.o
 .text          0x000010f0      0x5e0 lcd.o
                0x000010f0                lcdColor
                0x000012d4                lcdPutsNumber
                0x0000132c                lcdWindow
                0x0000156c                lcdClrscr
                0x00001434                lcdRectBrd
                0x00001270                lcdPutchar
                0x00001548                lcdContrast
                0x000015c0                lcdOff
                0x000015dc                lcdInit
                0x00001384                lcdIcon
                0x000011a8                lcdData
                0x00001104                lcdWrdata
                0x000014e4                lcdRect
                0x0000112c                lcdWrcmd
                0x00001314                lcdPuts
                0x0000135c                lcdGotoxy
 .text          0x000016d0       0xd8 lcd_hw.o
                0x000016d0                sendToLCD
                0x0000176c                initSpiForLcd
                0x0000174c                selectLCD
 .text          0x000017a8      0x240 key.o
                0x00001808                checkKey2
                0x00001814                sampleKey
                0x00001988                initKeyProc
                0x000017f8                checkKey
                0x000017a8                getKeys
 .text          0x000019e8      0x13c functions.o
                0x00001a50                listDir
                0x000019e8                filesList
 .text          0x00001b24      0x1e4 irq/irq_code.a(irqUart.o)
                0x00001b24                uart1ISR
                0x00001d00                restoreIrq
                0x00001ce0                disIrq
 .text          0x00001d08      0x67c ../startup/libea_startup_thumb.a(consol.o)
                0x000021c0                consolGetIntNum
                0x00001dfc                consolSendCh
                0x00001fc8                consolGetString
                0x00001e6c                consolSendNumber
                0x00001f84                consolGetCh
                0x00001ddc                consolSendChar
                0x00002040                simplePrintf
                0x00001e40                consolSendString
                0x000022a0                consolScanf
                0x00001fa4                consolGetChar
                0x00001d8c                consolInit
 .text          0x00002384      0x2c0 ../startup/libea_startup_thumb.a(framework.o)
                0x000024b0                InicjalizacjaKonsoli
                0x000023fc                lowLevelInit
                0x00002384                exceptionHandlerInit
 .text          0x00002644      0x4f8 ../pre_emptive_os/pre_emptive_os.a(kernel.o)
                0x000029c0                osTick
                0x00002a84                rmvFromRdyList
                0x000027e0                osGetHighPrioProc
                0x00002aa0                osSuspend
                0x000026f4                osInit
                0x00002ad4                osDeleteProcess
                0x00002720                osISREnter
                0x000027fc                schedule
                0x00002744                osCreateProcess
                0x00002940                addToRdyList
                0x00002690                addToTimeList
                0x00002954                osResume
                0x00002644                osPid
                0x00002b04                osSleep
                0x00002868                osISRExit
                0x000028d0                osStart
                0x000028fc                rmvFromTimeList
                0x00002a1c                osStartProcess
 .text          0x00002b3c      0x124 ../pre_emptive_os/pre_emptive_os.a(prioqueue.o)
                0x00002b3c                initPrioQueue
                0x00002ba4                rmvFromPrioQueue
                0x00002b5c                addToPrioQueue
                0x00002c40                isEmptyPrioQueue
                0x00002c08                getHighPrioQueue
 .text          0x00002c60      0x218 ../pre_emptive_os/pre_emptive_os.a(timer.o)
                0x00002c60                timerTick
                0x00002dd4                osInitTimers
                0x00002d70                osDeleteTimer
                0x00002d44                osCreateTimer
 .text          0x00002e78       0xa4 ../pre_emptive_os/pre_emptive_os.a(stack_usage.o)
                0x00002e78                osStackUsage
                0x00002ebc                createStackPattern
                0x00002edc                checkStackLimit
 .text          0x00002f1c      0x1ec ../pre_emptive_os/pre_emptive_os.a(a7hal.o)
                0x00002f54                stkFrameInit_oshal
                0x00002f1c                timerIsr_oshal
                0x00003034                halRestoreInterrupts_oshal
                0x0000303c                initTimer_oshal
                0x00003024                halEnableInterrupts_oshal
                0x000030d4                handleIRQs_oshal
                0x00003004                halDisableInterrupts_oshal
 .text          0x00003108       0xc4 ../pre_emptive_os/pre_emptive_os.a(a7hal_a.o)
                0x00003114                startHighProc_oshal
                0x0000313c                ctxSwitchIsr_oshal
                0x0000311c                ctxSwitch_oshal
                0x0000315c                generalIRQ_oshal
 .text          0x000031cc      0x144 ../pre_emptive_os/pre_emptive_os.a(count_sem.o)
                0x0000326c                osSemGive
                0x000032d0                osSemTryTake
                0x000031cc                osSemInit
                0x000031e0                osSemTake
 .text          0x00003310       0xd8 ../pre_emptive_os/pre_emptive_os.a(event.o)
                0x00003320                eventWait
                0x00003310                eventInit
                0x00003388                eventIsEmpty
                0x00003358                eventWaitReturn
                0x00003398                eventSignal
 .text          0x000033e8      0xe90 pff2/pff2_sd.a(pff.o)
                0x00003ae0                pf_readdir
                0x000036e4                pf_lseek
                0x0000382c                pf_read
                0x00003f78                pf_open
                0x00003edc                pf_opendir
                0x00004040                pf_mount
 .text          0x00004278      0x1f0 pff2/pff2_sd.a(diskio.o)
                0x00004278                disk_readp
                0x0000440c                disk_initialize
 .text          0x00004468      0x2c0 pff2/pff2_sd.a(sd.o)
                0x00004524                sdCommand
                0x00004468                sdResp8bError
                0x00004694                sdInit
                0x0000446c                sdResp8b
                0x000044d0                sdResp16b
                0x0000459c                sdState
 .text          0x00004728      0x148 pff2/pff2_sd.a(spi.o)
                0x00004744                my_spiSend
                0x000047f4                initSpi
                0x00004728                setSpiSpeed
                0x00004794                spiSend
 .text          0x00004870      0x114 /cygdrive/c/Embedded/GNUARM/bin/../lib/gcc/arm-elf/4.1.1/interwork/libgcc.a(_udivsi3.o)
                0x00004870                __udivsi3
                0x00004870                __aeabi_uidiv
                0x0000496c                __aeabi_uidivmod
 .text          0x00004984      0x144 /cygdrive/c/Embedded/GNUARM/bin/../lib/gcc/arm-elf/4.1.1/interwork/libgcc.a(_divsi3.o)
                0x00004984                __aeabi_idiv
                0x00004984                __divsi3
                0x00004ab0                __aeabi_idivmod
 .text          0x00004ac8       0xd0 /cygdrive/c/Embedded/GNUARM/bin/../lib/gcc/arm-elf/4.1.1/interwork/libgcc.a(_umodsi3.o)
                0x00004ac8                __umodsi3
 .text          0x00004b98        0x4 /cygdrive/c/Embedded/GNUARM/bin/../lib/gcc/arm-elf/4.1.1/interwork/libgcc.a(_dvmd_tls.o)
                0x00004b98                __aeabi_ldiv0
                0x00004b98                __div0
                0x00004b98                __aeabi_idiv0
 .text          0x00004b9c       0x3c /cygdrive/c/Embedded/GNUARM/bin/../lib/gcc/arm-elf/4.1.1/interwork/libgcc.a(_call_via_rX.o)
                0x00004ba4                _call_via_r2
                0x00004bb4                _call_via_r6
                0x00004bb0                _call_via_r5
                0x00004ba8                _call_via_r3
                0x00004bc8                _call_via_fp
                0x00004bbc                _call_via_r8
                0x00004bb8                _call_via_r7
                0x00004b9c                _call_via_r0
                0x00004bc4                _call_via_sl
                0x00004bd0                _call_via_sp
                0x00004bc0                _call_via_r9
                0x00004bac                _call_via_r4
                0x00004ba0                _call_via_r1
                0x00004bcc                _call_via_ip
                0x00004bd4                _call_via_lr
 .text          0x00004bd8       0x30 /cygdrive/c/Embedded/GNUARM/bin/../lib/gcc/arm-elf/4.1.1/../../../../arm-elf/lib/interwork/libc.a(atoi.o)
                0x00004bd8                _atoi_r
                0x00004bf0                atoi
 .text          0x00004c08       0x9c /cygdrive/c/Embedded/GNUARM/bin/../lib/gcc/arm-elf/4.1.1/../../../../arm-elf/lib/interwork/libc.a(memcpy.o)
                0x00004c08                memcpy
 .text          0x00004ca4       0x74 /cygdrive/c/Embedded/GNUARM/bin/../lib/gcc/arm-elf/4.1.1/../../../../arm-elf/lib/interwork/libc.a(printf.o)
                0x00004ca4                printf
                0x00004ce4                _printf_r
 .text          0x00004d18       0x84 /cygdrive/c/Embedded/GNUARM/bin/../lib/gcc/arm-elf/4.1.1/../../../../arm-elf/lib/interwork/libc.a(puts.o)
                0x00004d18                _puts_r
                0x00004d88                puts
 .text          0x00004d9c       0x98 /cygdrive/c/Embedded/GNUARM/bin/../lib/gcc/arm-elf/4.1.1/../../../../arm-elf/lib/interwork/libc.a(strcat.o)
                0x00004d9c                strcat
 .text          0x00004e34       0xa0 /cygdrive/c/Embedded/GNUARM/bin/../lib/gcc/arm-elf/4.1.1/../../../../arm-elf/lib/interwork/libc.a(strcpy.o)
                0x00004e34                strcpy
 .text          0x00004ed4       0x90 /cygdrive/c/Embedded/GNUARM/bin/../lib/gcc/arm-elf/4.1.1/../../../../arm-elf/lib/interwork/libc.a(strlen.o)
                0x00004ed4                strlen
 .text          0x00004f64       0xcc /cygdrive/c/Embedded/GNUARM/bin/../lib/gcc/arm-elf/4.1.1/../../../../arm-elf/lib/interwork/libc.a(strncat.o)
                0x00004f64                strncat
 .text          0x00005030      0x114 /cygdrive/c/Embedded/GNUARM/bin/../lib/gcc/arm-elf/4.1.1/../../../../arm-elf/lib/interwork/libc.a(strncpy.o)
                0x00005030                strncpy
 .text          0x00005144      0x1f0 /cygdrive/c/Embedded/GNUARM/bin/../lib/gcc/arm-elf/4.1.1/../../../../arm-elf/lib/interwork/libc.a(strtol.o)
                0x00005308                strtol
                0x00005144                _strtol_r
 .text          0x00005334     0x1f8c /cygdrive/c/Embedded/GNUARM/bin/../lib/gcc/arm-elf/4.1.1/../../../../arm-elf/lib/interwork/libc.a(vfprintf.o)
                0x00005374                _vfprintf_r
                0x00007294                vfprintf
 .text          0x000072c0       0x84 /cygdrive/c/Embedded/GNUARM/bin/../lib/gcc/arm-elf/4.1.1/../../../../arm-elf/lib/interwork/libc.a(wcrtomb.o)
                0x000072c0                _wcrtomb_r
                0x00007318                wcrtomb
 .text          0x00007344      0x180 /cygdrive/c/Embedded/GNUARM/bin/../lib/gcc/arm-elf/4.1.1/../../../../arm-elf/lib/interwork/libc.a(wcsrtombs.o)
                0x00007344                _wcsrtombs_r
                0x00007480                wcsrtombs
 .text          0x000074c4      0x41c /cygdrive/c/Embedded/GNUARM/bin/../lib/gcc/arm-elf/4.1.1/../../../../arm-elf/lib/interwork/libc.a(wctomb_r.o)
                0x000074c4                _wctomb_r
 .text          0x000078e0      0x100 /cygdrive/c/Embedded/GNUARM/bin/../lib/gcc/arm-elf/4.1.1/../../../../arm-elf/lib/interwork/libc.a(wsetup.o)
                0x000078e0                __swsetup
 .text          0x000079e0        0x0 /cygdrive/c/Embedded/GNUARM/bin/../lib/gcc/arm-elf/4.1.1/../../../../arm-elf/lib/interwork/libc.a(ctype_.o)
 .text          0x000079e0     0x1660 /cygdrive/c/Embedded/GNUARM/bin/../lib/gcc/arm-elf/4.1.1/../../../../arm-elf/lib/interwork/libc.a(dtoa.o)
                0x00007be8                _dtoa_r
 .text          0x00009040       0xe8 /cygdrive/c/Embedded/GNUARM/bin/../lib/gcc/arm-elf/4.1.1/../../../../arm-elf/lib/interwork/libc.a(fflush.o)
                0x00009040                fflush
 .text          0x00009128      0x2a0 /cygdrive/c/Embedded/GNUARM/bin/../lib/gcc/arm-elf/4.1.1/../../../../arm-elf/lib/interwork/libc.a(findfp.o)
                0x00009194                __sinit
                0x00009294                __sfmoreglue
                0x00009284                _cleanup
                0x0000926c                _cleanup_r
                0x00009248                __fp_lock_all
                0x00009184                __sfp_lock_acquire
                0x000092e8                __sfp
                0x00009190                __sinit_lock_release
                0x00009224                __fp_unlock_all
                0x00009188                __sfp_lock_release
                0x0000918c                __sinit_lock_acquire
 .text          0x000093c8      0x3a4 /cygdrive/c/Embedded/GNUARM/bin/../lib/gcc/arm-elf/4.1.1/../../../../arm-elf/lib/interwork/libc.a(freer.o)
                0x000094c8                _free_r
                0x000093c8                _malloc_trim_r
 .text          0x0000976c      0x408 /cygdrive/c/Embedded/GNUARM/bin/../lib/gcc/arm-elf/4.1.1/../../../../arm-elf/lib/interwork/libc.a(fvwrite.o)
                0x0000976c                __sfvwrite
 .text          0x00009b74      0x114 /cygdrive/c/Embedded/GNUARM/bin/../lib/gcc/arm-elf/4.1.1/../../../../arm-elf/lib/interwork/libc.a(fwalk.o)
                0x00009c00                _fwalk
                0x00009b74                _fwalk_reent
 .text          0x00009c88        0x0 /cygdrive/c/Embedded/GNUARM/bin/../lib/gcc/arm-elf/4.1.1/../../../../arm-elf/lib/interwork/libc.a(impure.o)
 .text          0x00009c88       0xb0 /cygdrive/c/Embedded/GNUARM/bin/../lib/gcc/arm-elf/4.1.1/../../../../arm-elf/lib/interwork/libc.a(locale.o)
                0x00009cb4                _setlocale_r
                0x00009c88                __locale_charset
                0x00009c98                _localeconv_r
                0x00009d1c                setlocale
                0x00009ca4                localeconv
 .text          0x00009d38      0x158 /cygdrive/c/Embedded/GNUARM/bin/../lib/gcc/arm-elf/4.1.1/../../../../arm-elf/lib/interwork/libc.a(makebuf.o)
                0x00009d38                __smakebuf
 .text          0x00009e90      0x774 /cygdrive/c/Embedded/GNUARM/bin/../lib/gcc/arm-elf/4.1.1/../../../../arm-elf/lib/interwork/libc.a(mallocr.o)
                0x00009e90                _malloc_r
 .text          0x0000a604      0x100 /cygdrive/c/Embedded/GNUARM/bin/../lib/gcc/arm-elf/4.1.1/../../../../arm-elf/lib/interwork/libc.a(memchr.o)
                0x0000a604                memchr
 .text          0x0000a704       0xe4 /cygdrive/c/Embedded/GNUARM/bin/../lib/gcc/arm-elf/4.1.1/../../../../arm-elf/lib/interwork/libc.a(memmove.o)
                0x0000a704                memmove
 .text          0x0000a7e8       0x98 /cygdrive/c/Embedded/GNUARM/bin/../lib/gcc/arm-elf/4.1.1/../../../../arm-elf/lib/interwork/libc.a(memset.o)
                0x0000a7e8                memset
 .text          0x0000a880        0x8 /cygdrive/c/Embedded/GNUARM/bin/../lib/gcc/arm-elf/4.1.1/../../../../arm-elf/lib/interwork/libc.a(mlock.o)
                0x0000a884                __malloc_unlock
                0x0000a880                __malloc_lock
 .text          0x0000a888      0xc00 /cygdrive/c/Embedded/GNUARM/bin/../lib/gcc/arm-elf/4.1.1/../../../../arm-elf/lib/interwork/libc.a(mprec.o)
                0x0000ab80                _mprec_log10
                0x0000a8a4                _hi0bits
                0x0000abe8                _Balloc
                0x0000ac84                _d2b
                0x0000aff0                _multiply
                0x0000ab04                _ratio
                0x0000b39c                _s2b
                0x0000b1b4                _i2b
                0x0000a8fc                _lo0bits
                0x0000a990                __mcmp
                0x0000b2a4                _pow5mult
                0x0000a9f0                _ulp
                0x0000aa50                _b2d
                0x0000b1d8                _multadd
                0x0000adbc                __mdiff
                0x0000aef0                _lshift
                0x0000a888                _Bfree
 .text          0x0000b488      0x63c /cygdrive/c/Embedded/GNUARM/bin/../lib/gcc/arm-elf/4.1.1/../../../../arm-elf/lib/interwork/libc.a(reallocr.o)
                0x0000b488                _realloc_r
 .text          0x0000bac4       0x3c /cygdrive/c/Embedded/GNUARM/bin/../lib/gcc/arm-elf/4.1.1/../../../../arm-elf/lib/interwork/libc.a(s_isinf.o)
                0x0000bac4                isinf
 .text          0x0000bb00       0x30 /cygdrive/c/Embedded/GNUARM/bin/../lib/gcc/arm-elf/4.1.1/../../../../arm-elf/lib/interwork/libc.a(s_isnan.o)
                0x0000bb00                isnan
 .text          0x0000bb30       0x40 /cygdrive/c/Embedded/GNUARM/bin/../lib/gcc/arm-elf/4.1.1/../../../../arm-elf/lib/interwork/libc.a(sbrkr.o)
                0x0000bb30                _sbrk_r
 .text          0x0000bb70      0x118 /cygdrive/c/Embedded/GNUARM/bin/../lib/gcc/arm-elf/4.1.1/../../../../arm-elf/lib/interwork/libc.a(stdio.o)
                0x0000bb90                __sseek
                0x0000bc40                __sread
                0x0000bb70                __sclose
                0x0000bbdc                __swrite
 .text          0x0000bc88       0xd0 /cygdrive/c/Embedded/GNUARM/bin/../lib/gcc/arm-elf/4.1.1/../../../../arm-elf/lib/interwork/libc.a(strcmp.o)
                0x0000bc88                strcmp
 .text          0x0000bd58      0x748 /cygdrive/c/Embedded/GNUARM/bin/../lib/gcc/arm-elf/4.1.1/../../../../arm-elf/lib/interwork/libc.a(syscalls.o)
                0x0000bd88                _getpid
                0x0000c308                initialise_monitor_handles
                0x0000bda4                isatty
                0x0000be88                _fstat
                0x0000c294                _open
                0x0000bdf0                _sbrk
                0x0000bda0                _raise
                0x0000c3c8                _times
                0x0000c2b4                _stat
                0x0000c130                _lseek
                0x0000bd90                _link
                0x0000bf9c                _swiwrite
                0x0000bdac                _rename
                0x0000c04c                _swilseek
                0x0000bf3c                _swiclose
                0x0000c1e8                _swiopen
                0x0000bd98                _unlink
                0x0000bfdc                _write
                0x0000c454                _kill
                0x0000c408                _gettimeofday
                0x0000c180                _read
                0x0000c480                _exit
                0x0000bdc8                _system
                0x0000c140                _swiread
                0x0000bf8c                _close
 .text          0x0000c4a0       0x44 /cygdrive/c/Embedded/GNUARM/bin/../lib/gcc/arm-elf/4.1.1/../../../../arm-elf/lib/interwork/libc.a(writer.o)
                0x0000c4a0                _write_r
 .text          0x0000c4e4       0xa0 /cygdrive/c/Embedded/GNUARM/bin/../lib/gcc/arm-elf/4.1.1/../../../../arm-elf/lib/interwork/libc.a(callocr.o)
                0x0000c4e4                _calloc_r
 .text          0x0000c584       0x3c /cygdrive/c/Embedded/GNUARM/bin/../lib/gcc/arm-elf/4.1.1/../../../../arm-elf/lib/interwork/libc.a(closer.o)
                0x0000c584                _close_r
 .text          0x0000c5c0       0x10 /cygdrive/c/Embedded/GNUARM/bin/../lib/gcc/arm-elf/4.1.1/../../../../arm-elf/lib/interwork/libc.a(errno.o)
                0x0000c5c0                __errno
 .text          0x0000c5d0      0x12c /cygdrive/c/Embedded/GNUARM/bin/../lib/gcc/arm-elf/4.1.1/../../../../arm-elf/lib/interwork/libc.a(fclose.o)
                0x0000c5d0                _fclose_r
                0x0000c6e8                fclose
 .text          0x0000c6fc       0x40 /cygdrive/c/Embedded/GNUARM/bin/../lib/gcc/arm-elf/4.1.1/../../../../arm-elf/lib/interwork/libc.a(fstatr.o)
                0x0000c6fc                _fstat_r
 .text          0x0000c73c       0x44 /cygdrive/c/Embedded/GNUARM/bin/../lib/gcc/arm-elf/4.1.1/../../../../arm-elf/lib/interwork/libc.a(lseekr.o)
                0x0000c73c                _lseek_r
 .text          0x0000c780       0x44 /cygdrive/c/Embedded/GNUARM/bin/../lib/gcc/arm-elf/4.1.1/../../../../arm-elf/lib/interwork/libc.a(readr.o)
                0x0000c780                _read_r
 .text          0x0000c7c4      0x18c /cygdrive/c/Embedded/GNUARM/bin/../lib/gcc/arm-elf/4.1.1/../../../../arm-elf/lib/interwork/libc.a(reent.o)
                0x0000c840                cleanup_glue
                0x0000c86c                _reclaim_reent
                0x0000c7c4                _wrapup_reent
 .text          0x0000c950      0x430 /cygdrive/c/Embedded/GNUARM/bin/../lib/gcc/arm-elf/4.1.1/interwork/libgcc.a(_addsubdf3.o)
                0x0000cd14                __floatdidf
                0x0000cc94                __floatsidf
                0x0000cc6c                __aeabi_ui2d
                0x0000c950                __aeabi_drsub
                0x0000ccc0                __extendsfdf2
                0x0000c95c                __adddf3
                0x0000cc6c                __floatunsidf
                0x0000c95c                __aeabi_dadd
                0x0000cd00                __aeabi_ul2d
                0x0000c958                __aeabi_dsub
                0x0000cd00                __floatundidf
                0x0000cc94                __aeabi_i2d
                0x0000cd14                __aeabi_l2d
                0x0000ccc0                __aeabi_f2d
                0x0000c958                __subdf3
 .text          0x0000cd80      0x49c /cygdrive/c/Embedded/GNUARM/bin/../lib/gcc/arm-elf/4.1.1/interwork/libgcc.a(_muldivdf3.o)
                0x0000d010                __aeabi_ddiv
                0x0000cd80                __aeabi_dmul
                0x0000d010                __divdf3
                0x0000cd80                __muldf3
 .text          0x0000d21c      0x140 /cygdrive/c/Embedded/GNUARM/bin/../lib/gcc/arm-elf/4.1.1/interwork/libgcc.a(_cmpdf2.o)
                0x0000d314                __aeabi_dcmple
                0x0000d22c                __cmpdf2
                0x0000d22c                __eqdf2
                0x0000d21c                __gtdf2
                0x0000d2cc                __aeabi_cdcmple
                0x0000d2b0                __aeabi_cdrcmple
                0x0000d224                __ltdf2
                0x0000d2fc                __aeabi_dcmplt
                0x0000d224                __ledf2
                0x0000d344                __aeabi_dcmpgt
                0x0000d32c                __aeabi_dcmpge
                0x0000d22c                __nedf2
                0x0000d2e4                __aeabi_dcmpeq
                0x0000d2cc                __aeabi_cdcmpeq
                0x0000d21c                __gedf2
 .text          0x0000d35c       0x5c /cygdrive/c/Embedded/GNUARM/bin/../lib/gcc/arm-elf/4.1.1/interwork/libgcc.a(_fixdfsi.o)
                0x0000d35c                __fixdfsi
                0x0000d35c                __aeabi_d2iz
 *(.glue_7)
 .glue_7        0x0000d3b8        0x0 main.o
 .glue_7        0x0000d3b8        0x0 eeprom.o
 .glue_7        0x0000d3b8        0x0 i2c.o
 .glue_7        0x0000d3b8        0x0 uart.o
 .glue_7        0x0000d3b8        0x0 testAdc.o
 .glue_7        0x0000d3b8        0x0 testLcd.o
 .glue_7        0x0000d3b8        0x0 testRGB.o
 .glue_7        0x0000d3b8        0x0 lcd.o
 .glue_7        0x0000d3b8        0x0 lcd_hw.o
 .glue_7        0x0000d3b8        0x0 key.o
 .glue_7        0x0000d3b8        0x0 functions.o
 .glue_7        0x0000d3b8        0x0 irq/irq_code.a(irqUart.o)
 .glue_7        0x0000d3b8        0x0 ../startup/libea_startup_thumb.a(consol.o)
 .glue_7        0x0000d3b8        0x0 ../startup/libea_startup_thumb.a(startup.o)
 .glue_7        0x0000d3b8        0x0 ../startup/libea_startup_thumb.a(framework.o)
 .glue_7        0x0000d3b8        0x0 ../pre_emptive_os/pre_emptive_os.a(kernel.o)
 .glue_7        0x0000d3b8        0x0 ../pre_emptive_os/pre_emptive_os.a(prioqueue.o)
 .glue_7        0x0000d3b8        0x0 ../pre_emptive_os/pre_emptive_os.a(timer.o)
 .glue_7        0x0000d3b8        0x0 ../pre_emptive_os/pre_emptive_os.a(stack_usage.o)
 .glue_7        0x0000d3b8        0x0 ../pre_emptive_os/pre_emptive_os.a(a7hal.o)
 .glue_7        0x0000d3b8        0x0 ../pre_emptive_os/pre_emptive_os.a(a7hal_a.o)
 .glue_7        0x0000d3b8        0x0 ../pre_emptive_os/pre_emptive_os.a(count_sem.o)
 .glue_7        0x0000d3b8        0x0 ../pre_emptive_os/pre_emptive_os.a(event.o)
 .glue_7        0x0000d3b8        0x0 pff2/pff2_sd.a(pff.o)
 .glue_7        0x0000d3b8        0x0 pff2/pff2_sd.a(diskio.o)
 .glue_7        0x0000d3b8        0x0 pff2/pff2_sd.a(sd.o)
 .glue_7        0x0000d3b8        0x0 pff2/pff2_sd.a(spi.o)
 .glue_7        0x0000d3b8        0x0 /cygdrive/c/Embedded/GNUARM/bin/../lib/gcc/arm-elf/4.1.1/interwork/libgcc.a(_udivsi3.o)
 .glue_7        0x0000d3b8        0x0 /cygdrive/c/Embedded/GNUARM/bin/../lib/gcc/arm-elf/4.1.1/interwork/libgcc.a(_divsi3.o)
 .glue_7        0x0000d3b8        0x0 /cygdrive/c/Embedded/GNUARM/bin/../lib/gcc/arm-elf/4.1.1/interwork/libgcc.a(_umodsi3.o)
 .glue_7        0x0000d3b8        0x0 /cygdrive/c/Embedded/GNUARM/bin/../lib/gcc/arm-elf/4.1.1/interwork/libgcc.a(_dvmd_tls.o)
 .glue_7        0x0000d3b8        0x0 /cygdrive/c/Embedded/GNUARM/bin/../lib/gcc/arm-elf/4.1.1/interwork/libgcc.a(_call_via_rX.o)
 .glue_7        0x0000d3b8        0x0 /cygdrive/c/Embedded/GNUARM/bin/../lib/gcc/arm-elf/4.1.1/../../../../arm-elf/lib/interwork/libc.a(atoi.o)
 .glue_7        0x0000d3b8        0x0 /cygdrive/c/Embedded/GNUARM/bin/../lib/gcc/arm-elf/4.1.1/../../../../arm-elf/lib/interwork/libc.a(memcpy.o)
 .glue_7        0x0000d3b8        0x0 /cygdrive/c/Embedded/GNUARM/bin/../lib/gcc/arm-elf/4.1.1/../../../../arm-elf/lib/interwork/libc.a(printf.o)
 .glue_7        0x0000d3b8        0x0 /cygdrive/c/Embedded/GNUARM/bin/../lib/gcc/arm-elf/4.1.1/../../../../arm-elf/lib/interwork/libc.a(puts.o)
 .glue_7        0x0000d3b8        0x0 /cygdrive/c/Embedded/GNUARM/bin/../lib/gcc/arm-elf/4.1.1/../../../../arm-elf/lib/interwork/libc.a(strcat.o)
 .glue_7        0x0000d3b8        0x0 /cygdrive/c/Embedded/GNUARM/bin/../lib/gcc/arm-elf/4.1.1/../../../../arm-elf/lib/interwork/libc.a(strcpy.o)
 .glue_7        0x0000d3b8        0x0 /cygdrive/c/Embedded/GNUARM/bin/../lib/gcc/arm-elf/4.1.1/../../../../arm-elf/lib/interwork/libc.a(strlen.o)
 .glue_7        0x0000d3b8        0x0 /cygdrive/c/Embedded/GNUARM/bin/../lib/gcc/arm-elf/4.1.1/../../../../arm-elf/lib/interwork/libc.a(strncat.o)
 .glue_7        0x0000d3b8        0x0 /cygdrive/c/Embedded/GNUARM/bin/../lib/gcc/arm-elf/4.1.1/../../../../arm-elf/lib/interwork/libc.a(strncpy.o)
 .glue_7        0x0000d3b8        0x0 /cygdrive/c/Embedded/GNUARM/bin/../lib/gcc/arm-elf/4.1.1/../../../../arm-elf/lib/interwork/libc.a(strtol.o)
 .glue_7        0x0000d3b8        0x0 /cygdrive/c/Embedded/GNUARM/bin/../lib/gcc/arm-elf/4.1.1/../../../../arm-elf/lib/interwork/libc.a(vfprintf.o)
 .glue_7        0x0000d3b8        0x0 /cygdrive/c/Embedded/GNUARM/bin/../lib/gcc/arm-elf/4.1.1/../../../../arm-elf/lib/interwork/libc.a(wcrtomb.o)
 .glue_7        0x0000d3b8        0x0 /cygdrive/c/Embedded/GNUARM/bin/../lib/gcc/arm-elf/4.1.1/../../../../arm-elf/lib/interwork/libc.a(wcsrtombs.o)
 .glue_7        0x0000d3b8        0x0 /cygdrive/c/Embedded/GNUARM/bin/../lib/gcc/arm-elf/4.1.1/../../../../arm-elf/lib/interwork/libc.a(wctomb_r.o)
 .glue_7        0x0000d3b8        0x0 /cygdrive/c/Embedded/GNUARM/bin/../lib/gcc/arm-elf/4.1.1/../../../../arm-elf/lib/interwork/libc.a(wsetup.o)
 .glue_7        0x0000d3b8        0x0 /cygdrive/c/Embedded/GNUARM/bin/../lib/gcc/arm-elf/4.1.1/../../../../arm-elf/lib/interwork/libc.a(ctype_.o)
 .glue_7        0x0000d3b8        0x0 /cygdrive/c/Embedded/GNUARM/bin/../lib/gcc/arm-elf/4.1.1/../../../../arm-elf/lib/interwork/libc.a(dtoa.o)
 .glue_7        0x0000d3b8        0x0 /cygdrive/c/Embedded/GNUARM/bin/../lib/gcc/arm-elf/4.1.1/../../../../arm-elf/lib/interwork/libc.a(fflush.o)
 .glue_7        0x0000d3b8        0x0 /cygdrive/c/Embedded/GNUARM/bin/../lib/gcc/arm-elf/4.1.1/../../../../arm-elf/lib/interwork/libc.a(findfp.o)
 .glue_7        0x0000d3b8        0x0 /cygdrive/c/Embedded/GNUARM/bin/../lib/gcc/arm-elf/4.1.1/../../../../arm-elf/lib/interwork/libc.a(freer.o)
 .glue_7        0x0000d3b8        0x0 /cygdrive/c/Embedded/GNUARM/bin/../lib/gcc/arm-elf/4.1.1/../../../../arm-elf/lib/interwork/libc.a(fvwrite.o)
 .glue_7        0x0000d3b8        0x0 /cygdrive/c/Embedded/GNUARM/bin/../lib/gcc/arm-elf/4.1.1/../../../../arm-elf/lib/interwork/libc.a(fwalk.o)
 .glue_7        0x0000d3b8        0x0 /cygdrive/c/Embedded/GNUARM/bin/../lib/gcc/arm-elf/4.1.1/../../../../arm-elf/lib/interwork/libc.a(impure.o)
 .glue_7        0x0000d3b8        0x0 /cygdrive/c/Embedded/GNUARM/bin/../lib/gcc/arm-elf/4.1.1/../../../../arm-elf/lib/interwork/libc.a(locale.o)
 .glue_7        0x0000d3b8        0x0 /cygdrive/c/Embedded/GNUARM/bin/../lib/gcc/arm-elf/4.1.1/../../../../arm-elf/lib/interwork/libc.a(makebuf.o)
 .glue_7        0x0000d3b8        0x0 /cygdrive/c/Embedded/GNUARM/bin/../lib/gcc/arm-elf/4.1.1/../../../../arm-elf/lib/interwork/libc.a(mallocr.o)
 .glue_7        0x0000d3b8        0x0 /cygdrive/c/Embedded/GNUARM/bin/../lib/gcc/arm-elf/4.1.1/../../../../arm-elf/lib/interwork/libc.a(memchr.o)
 .glue_7        0x0000d3b8        0x0 /cygdrive/c/Embedded/GNUARM/bin/../lib/gcc/arm-elf/4.1.1/../../../../arm-elf/lib/interwork/libc.a(memmove.o)
 .glue_7        0x0000d3b8        0x0 /cygdrive/c/Embedded/GNUARM/bin/../lib/gcc/arm-elf/4.1.1/../../../../arm-elf/lib/interwork/libc.a(memset.o)
 .glue_7        0x0000d3b8        0x0 /cygdrive/c/Embedded/GNUARM/bin/../lib/gcc/arm-elf/4.1.1/../../../../arm-elf/lib/interwork/libc.a(mlock.o)
 .glue_7        0x0000d3b8        0x0 /cygdrive/c/Embedded/GNUARM/bin/../lib/gcc/arm-elf/4.1.1/../../../../arm-elf/lib/interwork/libc.a(mprec.o)
 .glue_7        0x0000d3b8        0x0 /cygdrive/c/Embedded/GNUARM/bin/../lib/gcc/arm-elf/4.1.1/../../../../arm-elf/lib/interwork/libc.a(reallocr.o)
 .glue_7        0x0000d3b8        0x0 /cygdrive/c/Embedded/GNUARM/bin/../lib/gcc/arm-elf/4.1.1/../../../../arm-elf/lib/interwork/libc.a(s_isinf.o)
 .glue_7        0x0000d3b8        0x0 /cygdrive/c/Embedded/GNUARM/bin/../lib/gcc/arm-elf/4.1.1/../../../../arm-elf/lib/interwork/libc.a(s_isnan.o)
 .glue_7        0x0000d3b8        0x0 /cygdrive/c/Embedded/GNUARM/bin/../lib/gcc/arm-elf/4.1.1/../../../../arm-elf/lib/interwork/libc.a(sbrkr.o)
 .glue_7        0x0000d3b8        0x0 /cygdrive/c/Embedded/GNUARM/bin/../lib/gcc/arm-elf/4.1.1/../../../../arm-elf/lib/interwork/libc.a(stdio.o)
 .glue_7        0x0000d3b8        0x0 /cygdrive/c/Embedded/GNUARM/bin/../lib/gcc/arm-elf/4.1.1/../../../../arm-elf/lib/interwork/libc.a(strcmp.o)
 .glue_7        0x0000d3b8        0x0 /cygdrive/c/Embedded/GNUARM/bin/../lib/gcc/arm-elf/4.1.1/../../../../arm-elf/lib/interwork/libc.a(syscalls.o)
 .glue_7        0x0000d3b8        0x0 /cygdrive/c/Embedded/GNUARM/bin/../lib/gcc/arm-elf/4.1.1/../../../../arm-elf/lib/interwork/libc.a(writer.o)
 .glue_7        0x0000d3b8        0x0 /cygdrive/c/Embedded/GNUARM/bin/../lib/gcc/arm-elf/4.1.1/../../../../arm-elf/lib/interwork/libc.a(callocr.o)
 .glue_7        0x0000d3b8        0x0 /cygdrive/c/Embedded/GNUARM/bin/../lib/gcc/arm-elf/4.1.1/../../../../arm-elf/lib/interwork/libc.a(closer.o)
 .glue_7        0x0000d3b8        0x0 /cygdrive/c/Embedded/GNUARM/bin/../lib/gcc/arm-elf/4.1.1/../../../../arm-elf/lib/interwork/libc.a(errno.o)
 .glue_7        0x0000d3b8        0x0 /cygdrive/c/Embedded/GNUARM/bin/../lib/gcc/arm-elf/4.1.1/../../../../arm-elf/lib/interwork/libc.a(fclose.o)
 .glue_7        0x0000d3b8        0x0 /cygdrive/c/Embedded/GNUARM/bin/../lib/gcc/arm-elf/4.1.1/../../../../arm-elf/lib/interwork/libc.a(fstatr.o)
 .glue_7        0x0000d3b8        0x0 /cygdrive/c/Embedded/GNUARM/bin/../lib/gcc/arm-elf/4.1.1/../../../../arm-elf/lib/interwork/libc.a(lseekr.o)
 .glue_7        0x0000d3b8        0x0 /cygdrive/c/Embedded/GNUARM/bin/../lib/gcc/arm-elf/4.1.1/../../../../arm-elf/lib/interwork/libc.a(readr.o)
 .glue_7        0x0000d3b8        0x0 /cygdrive/c/Embedded/GNUARM/bin/../lib/gcc/arm-elf/4.1.1/../../../../arm-elf/lib/interwork/libc.a(reent.o)
 .glue_7        0x0000d3b8        0x0 /cygdrive/c/Embedded/GNUARM/bin/../lib/gcc/arm-elf/4.1.1/interwork/libgcc.a(_addsubdf3.o)
 .glue_7        0x0000d3b8        0x0 /cygdrive/c/Embedded/GNUARM/bin/../lib/gcc/arm-elf/4.1.1/interwork/libgcc.a(_muldivdf3.o)
 .glue_7        0x0000d3b8        0x0 /cygdrive/c/Embedded/GNUARM/bin/../lib/gcc/arm-elf/4.1.1/interwork/libgcc.a(_cmpdf2.o)
 .glue_7        0x0000d3b8       0x18 /cygdrive/c/Embedded/GNUARM/bin/../lib/gcc/arm-elf/4.1.1/interwork/libgcc.a(_fixdfsi.o)
                0x0000d3c4                __osISRExit_from_arm
                0x0000d3b8                __osTick_from_arm
 *(.glue_7t)
 .glue_7t       0x0000d3d0        0x0 main.o
 .glue_7t       0x0000d3d0        0x0 eeprom.o
 .glue_7t       0x0000d3d0        0x0 i2c.o
 .glue_7t       0x0000d3d0        0x0 uart.o
 .glue_7t       0x0000d3d0        0x0 testAdc.o
 .glue_7t       0x0000d3d0        0x0 testLcd.o
 .glue_7t       0x0000d3d0        0x0 testRGB.o
 .glue_7t       0x0000d3d0        0x0 lcd.o
 .glue_7t       0x0000d3d0        0x0 lcd_hw.o
 .glue_7t       0x0000d3d0        0x0 key.o
 .glue_7t       0x0000d3d0        0x0 functions.o
 .glue_7t       0x0000d3d0        0x0 irq/irq_code.a(irqUart.o)
 .glue_7t       0x0000d3d0        0x0 ../startup/libea_startup_thumb.a(consol.o)
 .glue_7t       0x0000d3d0        0x0 ../startup/libea_startup_thumb.a(startup.o)
 .glue_7t       0x0000d3d0        0x0 ../startup/libea_startup_thumb.a(framework.o)
 .glue_7t       0x0000d3d0        0x0 ../pre_emptive_os/pre_emptive_os.a(kernel.o)
 .glue_7t       0x0000d3d0        0x0 ../pre_emptive_os/pre_emptive_os.a(prioqueue.o)
 .glue_7t       0x0000d3d0        0x0 ../pre_emptive_os/pre_emptive_os.a(timer.o)
 .glue_7t       0x0000d3d0        0x0 ../pre_emptive_os/pre_emptive_os.a(stack_usage.o)
 .glue_7t       0x0000d3d0        0x0 ../pre_emptive_os/pre_emptive_os.a(a7hal.o)
 .glue_7t       0x0000d3d0        0x0 ../pre_emptive_os/pre_emptive_os.a(a7hal_a.o)
 .glue_7t       0x0000d3d0        0x0 ../pre_emptive_os/pre_emptive_os.a(count_sem.o)
 .glue_7t       0x0000d3d0        0x0 ../pre_emptive_os/pre_emptive_os.a(event.o)
 .glue_7t       0x0000d3d0        0x0 pff2/pff2_sd.a(pff.o)
 .glue_7t       0x0000d3d0        0x0 pff2/pff2_sd.a(diskio.o)
 .glue_7t       0x0000d3d0        0x0 pff2/pff2_sd.a(sd.o)
 .glue_7t       0x0000d3d0        0x0 pff2/pff2_sd.a(spi.o)
 .glue_7t       0x0000d3d0        0x0 /cygdrive/c/Embedded/GNUARM/bin/../lib/gcc/arm-elf/4.1.1/interwork/libgcc.a(_udivsi3.o)
 .glue_7t       0x0000d3d0        0x0 /cygdrive/c/Embedded/GNUARM/bin/../lib/gcc/arm-elf/4.1.1/interwork/libgcc.a(_divsi3.o)
 .glue_7t       0x0000d3d0        0x0 /cygdrive/c/Embedded/GNUARM/bin/../lib/gcc/arm-elf/4.1.1/interwork/libgcc.a(_umodsi3.o)
 .glue_7t       0x0000d3d0        0x0 /cygdrive/c/Embedded/GNUARM/bin/../lib/gcc/arm-elf/4.1.1/interwork/libgcc.a(_dvmd_tls.o)
 .glue_7t       0x0000d3d0        0x0 /cygdrive/c/Embedded/GNUARM/bin/../lib/gcc/arm-elf/4.1.1/interwork/libgcc.a(_call_via_rX.o)
 .glue_7t       0x0000d3d0        0x0 /cygdrive/c/Embedded/GNUARM/bin/../lib/gcc/arm-elf/4.1.1/../../../../arm-elf/lib/interwork/libc.a(atoi.o)
 .glue_7t       0x0000d3d0        0x0 /cygdrive/c/Embedded/GNUARM/bin/../lib/gcc/arm-elf/4.1.1/../../../../arm-elf/lib/interwork/libc.a(memcpy.o)
 .glue_7t       0x0000d3d0        0x0 /cygdrive/c/Embedded/GNUARM/bin/../lib/gcc/arm-elf/4.1.1/../../../../arm-elf/lib/interwork/libc.a(printf.o)
 .glue_7t       0x0000d3d0        0x0 /cygdrive/c/Embedded/GNUARM/bin/../lib/gcc/arm-elf/4.1.1/../../../../arm-elf/lib/interwork/libc.a(puts.o)
 .glue_7t       0x0000d3d0        0x0 /cygdrive/c/Embedded/GNUARM/bin/../lib/gcc/arm-elf/4.1.1/../../../../arm-elf/lib/interwork/libc.a(strcat.o)
 .glue_7t       0x0000d3d0        0x0 /cygdrive/c/Embedded/GNUARM/bin/../lib/gcc/arm-elf/4.1.1/../../../../arm-elf/lib/interwork/libc.a(strcpy.o)
 .glue_7t       0x0000d3d0        0x0 /cygdrive/c/Embedded/GNUARM/bin/../lib/gcc/arm-elf/4.1.1/../../../../arm-elf/lib/interwork/libc.a(strlen.o)
 .glue_7t       0x0000d3d0        0x0 /cygdrive/c/Embedded/GNUARM/bin/../lib/gcc/arm-elf/4.1.1/../../../../arm-elf/lib/interwork/libc.a(strncat.o)
 .glue_7t       0x0000d3d0        0x0 /cygdrive/c/Embedded/GNUARM/bin/../lib/gcc/arm-elf/4.1.1/../../../../arm-elf/lib/interwork/libc.a(strncpy.o)
 .glue_7t       0x0000d3d0        0x0 /cygdrive/c/Embedded/GNUARM/bin/../lib/gcc/arm-elf/4.1.1/../../../../arm-elf/lib/interwork/libc.a(strtol.o)
 .glue_7t       0x0000d3d0        0x0 /cygdrive/c/Embedded/GNUARM/bin/../lib/gcc/arm-elf/4.1.1/../../../../arm-elf/lib/interwork/libc.a(vfprintf.o)
 .glue_7t       0x0000d3d0        0x0 /cygdrive/c/Embedded/GNUARM/bin/../lib/gcc/arm-elf/4.1.1/../../../../arm-elf/lib/interwork/libc.a(wcrtomb.o)
 .glue_7t       0x0000d3d0        0x0 /cygdrive/c/Embedded/GNUARM/bin/../lib/gcc/arm-elf/4.1.1/../../../../arm-elf/lib/interwork/libc.a(wcsrtombs.o)
 .glue_7t       0x0000d3d0        0x0 /cygdrive/c/Embedded/GNUARM/bin/../lib/gcc/arm-elf/4.1.1/../../../../arm-elf/lib/interwork/libc.a(wctomb_r.o)
 .glue_7t       0x0000d3d0        0x0 /cygdrive/c/Embedded/GNUARM/bin/../lib/gcc/arm-elf/4.1.1/../../../../arm-elf/lib/interwork/libc.a(wsetup.o)
 .glue_7t       0x0000d3d0        0x0 /cygdrive/c/Embedded/GNUARM/bin/../lib/gcc/arm-elf/4.1.1/../../../../arm-elf/lib/interwork/libc.a(ctype_.o)
 .glue_7t       0x0000d3d0        0x0 /cygdrive/c/Embedded/GNUARM/bin/../lib/gcc/arm-elf/4.1.1/../../../../arm-elf/lib/interwork/libc.a(dtoa.o)
 .glue_7t       0x0000d3d0        0x0 /cygdrive/c/Embedded/GNUARM/bin/../lib/gcc/arm-elf/4.1.1/../../../../arm-elf/lib/interwork/libc.a(fflush.o)
 .glue_7t       0x0000d3d0        0x0 /cygdrive/c/Embedded/GNUARM/bin/../lib/gcc/arm-elf/4.1.1/../../../../arm-elf/lib/interwork/libc.a(findfp.o)
 .glue_7t       0x0000d3d0        0x0 /cygdrive/c/Embedded/GNUARM/bin/../lib/gcc/arm-elf/4.1.1/../../../../arm-elf/lib/interwork/libc.a(freer.o)
 .glue_7t       0x0000d3d0        0x0 /cygdrive/c/Embedded/GNUARM/bin/../lib/gcc/arm-elf/4.1.1/../../../../arm-elf/lib/interwork/libc.a(fvwrite.o)
 .glue_7t       0x0000d3d0        0x0 /cygdrive/c/Embedded/GNUARM/bin/../lib/gcc/arm-elf/4.1.1/../../../../arm-elf/lib/interwork/libc.a(fwalk.o)
 .glue_7t       0x0000d3d0        0x0 /cygdrive/c/Embedded/GNUARM/bin/../lib/gcc/arm-elf/4.1.1/../../../../arm-elf/lib/interwork/libc.a(impure.o)
 .glue_7t       0x0000d3d0        0x0 /cygdrive/c/Embedded/GNUARM/bin/../lib/gcc/arm-elf/4.1.1/../../../../arm-elf/lib/interwork/libc.a(locale.o)
 .glue_7t       0x0000d3d0        0x0 /cygdrive/c/Embedded/GNUARM/bin/../lib/gcc/arm-elf/4.1.1/../../../../arm-elf/lib/interwork/libc.a(makebuf.o)
 .glue_7t       0x0000d3d0        0x0 /cygdrive/c/Embedded/GNUARM/bin/../lib/gcc/arm-elf/4.1.1/../../../../arm-elf/lib/interwork/libc.a(mallocr.o)
 .glue_7t       0x0000d3d0        0x0 /cygdrive/c/Embedded/GNUARM/bin/../lib/gcc/arm-elf/4.1.1/../../../../arm-elf/lib/interwork/libc.a(memchr.o)
 .glue_7t       0x0000d3d0        0x0 /cygdrive/c/Embedded/GNUARM/bin/../lib/gcc/arm-elf/4.1.1/../../../../arm-elf/lib/interwork/libc.a(memmove.o)
 .glue_7t       0x0000d3d0        0x0 /cygdrive/c/Embedded/GNUARM/bin/../lib/gcc/arm-elf/4.1.1/../../../../arm-elf/lib/interwork/libc.a(memset.o)
 .glue_7t       0x0000d3d0        0x0 /cygdrive/c/Embedded/GNUARM/bin/../lib/gcc/arm-elf/4.1.1/../../../../arm-elf/lib/interwork/libc.a(mlock.o)
 .glue_7t       0x0000d3d0        0x0 /cygdrive/c/Embedded/GNUARM/bin/../lib/gcc/arm-elf/4.1.1/../../../../arm-elf/lib/interwork/libc.a(mprec.o)
 .glue_7t       0x0000d3d0        0x0 /cygdrive/c/Embedded/GNUARM/bin/../lib/gcc/arm-elf/4.1.1/../../../../arm-elf/lib/interwork/libc.a(reallocr.o)
 .glue_7t       0x0000d3d0        0x0 /cygdrive/c/Embedded/GNUARM/bin/../lib/gcc/arm-elf/4.1.1/../../../../arm-elf/lib/interwork/libc.a(s_isinf.o)
 .glue_7t       0x0000d3d0        0x0 /cygdrive/c/Embedded/GNUARM/bin/../lib/gcc/arm-elf/4.1.1/../../../../arm-elf/lib/interwork/libc.a(s_isnan.o)
 .glue_7t       0x0000d3d0        0x0 /cygdrive/c/Embedded/GNUARM/bin/../lib/gcc/arm-elf/4.1.1/../../../../arm-elf/lib/interwork/libc.a(sbrkr.o)
 .glue_7t       0x0000d3d0        0x0 /cygdrive/c/Embedded/GNUARM/bin/../lib/gcc/arm-elf/4.1.1/../../../../arm-elf/lib/interwork/libc.a(stdio.o)
 .glue_7t       0x0000d3d0        0x0 /cygdrive/c/Embedded/GNUARM/bin/../lib/gcc/arm-elf/4.1.1/../../../../arm-elf/lib/interwork/libc.a(strcmp.o)
 .glue_7t       0x0000d3d0        0x0 /cygdrive/c/Embedded/GNUARM/bin/../lib/gcc/arm-elf/4.1.1/../../../../arm-elf/lib/interwork/libc.a(syscalls.o)
 .glue_7t       0x0000d3d0        0x0 /cygdrive/c/Embedded/GNUARM/bin/../lib/gcc/arm-elf/4.1.1/../../../../arm-elf/lib/interwork/libc.a(writer.o)
 .glue_7t       0x0000d3d0        0x0 /cygdrive/c/Embedded/GNUARM/bin/../lib/gcc/arm-elf/4.1.1/../../../../arm-elf/lib/interwork/libc.a(callocr.o)
 .glue_7t       0x0000d3d0        0x0 /cygdrive/c/Embedded/GNUARM/bin/../lib/gcc/arm-elf/4.1.1/../../../../arm-elf/lib/interwork/libc.a(closer.o)
 .glue_7t       0x0000d3d0        0x0 /cygdrive/c/Embedded/GNUARM/bin/../lib/gcc/arm-elf/4.1.1/../../../../arm-elf/lib/interwork/libc.a(errno.o)
 .glue_7t       0x0000d3d0        0x0 /cygdrive/c/Embedded/GNUARM/bin/../lib/gcc/arm-elf/4.1.1/../../../../arm-elf/lib/interwork/libc.a(fclose.o)
 .glue_7t       0x0000d3d0        0x0 /cygdrive/c/Embedded/GNUARM/bin/../lib/gcc/arm-elf/4.1.1/../../../../arm-elf/lib/interwork/libc.a(fstatr.o)
 .glue_7t       0x0000d3d0        0x0 /cygdrive/c/Embedded/GNUARM/bin/../lib/gcc/arm-elf/4.1.1/../../../../arm-elf/lib/interwork/libc.a(lseekr.o)
 .glue_7t       0x0000d3d0        0x0 /cygdrive/c/Embedded/GNUARM/bin/../lib/gcc/arm-elf/4.1.1/../../../../arm-elf/lib/interwork/libc.a(readr.o)
 .glue_7t       0x0000d3d0        0x0 /cygdrive/c/Embedded/GNUARM/bin/../lib/gcc/arm-elf/4.1.1/../../../../arm-elf/lib/interwork/libc.a(reent.o)
 .glue_7t       0x0000d3d0        0x0 /cygdrive/c/Embedded/GNUARM/bin/../lib/gcc/arm-elf/4.1.1/interwork/libgcc.a(_addsubdf3.o)
 .glue_7t       0x0000d3d0        0x0 /cygdrive/c/Embedded/GNUARM/bin/../lib/gcc/arm-elf/4.1.1/interwork/libgcc.a(_muldivdf3.o)
 .glue_7t       0x0000d3d0        0x0 /cygdrive/c/Embedded/GNUARM/bin/../lib/gcc/arm-elf/4.1.1/interwork/libgcc.a(_cmpdf2.o)
 .glue_7t       0x0000d3d0       0xb0 /cygdrive/c/Embedded/GNUARM/bin/../lib/gcc/arm-elf/4.1.1/interwork/libgcc.a(_fixdfsi.o)
                0x0000d42c                __strcpy_change_to_arm
                0x0000d43c                __strncat_change_to_arm
                0x0000d3f4                __consolSendNumber_change_to_arm
                0x0000d3f0                __consolSendNumber_from_thumb
                0x0000d418                __strncpy_from_thumb
                0x0000d448                __halRestoreInterrupts_oshal_from_thumb
                0x0000d424                __strlen_change_to_arm
                0x0000d3e4                __restoreIrq_change_to_arm
                0x0000d458                __ctxSwitch_oshal_from_thumb
                0x0000d454                __stkFrameInit_oshal_change_to_arm
                0x0000d46c                __initTimer_oshal_change_to_arm
                0x0000d470                __startHighProc_oshal_from_thumb
                0x0000d410                __pf_readdir_from_thumb
                0x0000d3fc                ____umodsi3_change_to_arm
                0x0000d428                __strcpy_from_thumb
                0x0000d414                __pf_readdir_change_to_arm
                0x0000d404                ____udivsi3_change_to_arm
                0x0000d474                __startHighProc_oshal_change_to_arm
                0x0000d460                __ctxSwitchIsr_oshal_from_thumb
                0x0000d3dc                __disIrq_change_to_arm
                0x0000d430                __strcat_from_thumb
                0x0000d438                __strncat_from_thumb
                0x0000d3d8                __disIrq_from_thumb
                0x0000d44c                __halRestoreInterrupts_oshal_change_to_arm
                0x0000d3ec                __simplePrintf_change_to_arm
                0x0000d3f8                ____umodsi3_from_thumb
                0x0000d478                ____divsi3_from_thumb
                0x0000d45c                __ctxSwitch_oshal_change_to_arm
                0x0000d450                __stkFrameInit_oshal_from_thumb
                0x0000d400                ____udivsi3_from_thumb
                0x0000d3d0                __pf_mount_from_thumb
                0x0000d3d4                __pf_mount_change_to_arm
                0x0000d3e8                __simplePrintf_from_thumb
                0x0000d40c                __pf_opendir_change_to_arm
                0x0000d468                __initTimer_oshal_from_thumb
                0x0000d408                __pf_opendir_from_thumb
                0x0000d434                __strcat_change_to_arm
                0x0000d420                __strlen_from_thumb
                0x0000d464                __ctxSwitchIsr_oshal_change_to_arm
                0x0000d444                __halDisableInterrupts_oshal_change_to_arm
                0x0000d440                __halDisableInterrupts_oshal_from_thumb
                0x0000d3e0                __restoreIrq_from_thumb
                0x0000d41c                __strncpy_change_to_arm
                0x0000d47c                ____divsi3_change_to_arm
                0x0000d480                . = ALIGN (0x4)

.rodata         0x0000d480      0xd6c
 *(.rodata)
 .rodata        0x0000d480      0x55c lcd.o
                0x0000d480                charMap
 .rodata        0x0000d9dc       0x10 ../startup/libea_startup_thumb.a(consol.o)
 .rodata        0x0000d9ec       0x20 /cygdrive/c/Embedded/GNUARM/bin/../lib/gcc/arm-elf/4.1.1/../../../../arm-elf/lib/interwork/libc.a(vfprintf.o)
 .rodata        0x0000da0c      0x101 /cygdrive/c/Embedded/GNUARM/bin/../lib/gcc/arm-elf/4.1.1/../../../../arm-elf/lib/interwork/libc.a(ctype_.o)
                0x0000da0c                _ctype_
 *fill*         0x0000db0d        0x3 00
 .rodata        0x0000db10        0x4 /cygdrive/c/Embedded/GNUARM/bin/../lib/gcc/arm-elf/4.1.1/../../../../arm-elf/lib/interwork/libc.a(impure.o)
                0x0000db10                _global_impure_ptr
 .rodata        0x0000db14       0x34 /cygdrive/c/Embedded/GNUARM/bin/../lib/gcc/arm-elf/4.1.1/../../../../arm-elf/lib/interwork/libc.a(locale.o)
 .rodata        0x0000db48      0x124 /cygdrive/c/Embedded/GNUARM/bin/../lib/gcc/arm-elf/4.1.1/../../../../arm-elf/lib/interwork/libc.a(mprec.o)
                0x0000dc38                __mprec_tinytens
                0x0000db48                __mprec_tens
                0x0000dc10                __mprec_bigtens
 *(.rodata*)
 .rodata.str1.4
                0x0000dc6c       0x7b main.o
                                 0x7c (size before relaxing)
 *fill*         0x0000dce7        0x1 00
 .rodata.str1.4
                0x0000dce8      0x13e testAdc.o
                                0x140 (size before relaxing)
 *fill*         0x0000de26        0x2 00
 .rodata.str1.4
                0x0000de28       0x8e functions.o
                                 0x90 (size before relaxing)
 *fill*         0x0000deb6        0x2 00
 .rodata.str1.4
                0x0000deb8       0x18 ../startup/libea_startup_thumb.a(consol.o)
 .rodata.str1.4
                0x0000ded0       0xd8 ../startup/libea_startup_thumb.a(framework.o)
 .rodata.str1.4
                0x0000dfa8       0x5c pff2/pff2_sd.a(diskio.o)
 .rodata.str1.4
                0x0000e004      0x155 pff2/pff2_sd.a(sd.o)
                                0x158 (size before relaxing)
 .rodata.str1.4
                0x00000000      0x155 /cygdrive/c/Embedded/GNUARM/bin/../lib/gcc/arm-elf/4.1.1/../../../../arm-elf/lib/interwork/libc.a(puts.o)
                                  0x4 (size before relaxing)
 *fill*         0x0000e159        0x3 00
 .rodata.str1.4
                0x0000e15c       0x4b /cygdrive/c/Embedded/GNUARM/bin/../lib/gcc/arm-elf/4.1.1/../../../../arm-elf/lib/interwork/libc.a(vfprintf.o)
                                 0x64 (size before relaxing)
 *fill*         0x0000e1a7        0x1 00
 .rodata.str1.4
                0x0000e1a8       0x1e /cygdrive/c/Embedded/GNUARM/bin/../lib/gcc/arm-elf/4.1.1/../../../../arm-elf/lib/interwork/libc.a(wctomb_r.o)
                                 0x20 (size before relaxing)
 *fill*         0x0000e1c6        0x2 00
 .rodata.str1.4
                0x0000e1c8       0x10 /cygdrive/c/Embedded/GNUARM/bin/../lib/gcc/arm-elf/4.1.1/../../../../arm-elf/lib/interwork/libc.a(dtoa.o)
                                 0x14 (size before relaxing)
 .rodata.str1.4
                0x0000e1d8        0x2 /cygdrive/c/Embedded/GNUARM/bin/../lib/gcc/arm-elf/4.1.1/../../../../arm-elf/lib/interwork/libc.a(impure.o)
                                  0x4 (size before relaxing)
 *fill*         0x0000e1da        0x2 00
 .rodata.str1.4
                0x0000e1dc        0xb /cygdrive/c/Embedded/GNUARM/bin/../lib/gcc/arm-elf/4.1.1/../../../../arm-elf/lib/interwork/libc.a(locale.o)
                                 0x18 (size before relaxing)
 *fill*         0x0000e1e7        0x1 00
 .rodata.str1.4
                0x0000e1e8        0x4 /cygdrive/c/Embedded/GNUARM/bin/../lib/gcc/arm-elf/4.1.1/../../../../arm-elf/lib/interwork/libc.a(syscalls.o)
                0x0000e1ec                . = ALIGN (0x4)
                0x0000e1ec                _etext = .
                0x0000e1ec                PROVIDE (etext, .)

.data           0x40000080      0x864 load address 0x0000e1ec
                0x40000080                _data = .
 *(.data)
 .data          0x40000080       0x20 main.o
                0x40000090                C_TEXT_POKAZ
                0x40000088                C_TEXT_TEST1
                0x4000009c                TEXT_ILOSC
                0x40000098                C_TEXT_WCZYTANIE2
                0x40000080                C_TEXT_INIT
                0x40000084                C_TEXT_BRAKPLIKOW
                0x4000008c                C_TEXT_TEST2
                0x40000094                C_TEXT_WCZYTANIE1
 .data          0x400000a0        0x0 eeprom.o
 .data          0x400000a0        0x0 i2c.o
 .data          0x400000a0        0x0 uart.o
 .data          0x400000a0        0x0 testAdc.o
 .data          0x400000a0        0x0 testLcd.o
 .data          0x400000a0        0x0 testRGB.o
 .data          0x400000a0       0x14 lcd.o
                0x400000a0                hexChars
 .data          0x400000b4        0x0 lcd_hw.o
 .data          0x400000b4        0x5 key.o
 .data          0x400000b9        0x0 functions.o
 .data          0x400000b9        0x0 irq/irq_code.a(irqUart.o)
 .data          0x400000b9        0x0 ../startup/libea_startup_thumb.a(consol.o)
 .data          0x400000b9        0x0 ../startup/libea_startup_thumb.a(startup.o)
 .data          0x400000b9        0x0 ../startup/libea_startup_thumb.a(framework.o)
 .data          0x400000b9        0x0 ../pre_emptive_os/pre_emptive_os.a(kernel.o)
 .data          0x400000b9        0x0 ../pre_emptive_os/pre_emptive_os.a(prioqueue.o)
 .data          0x400000b9        0x0 ../pre_emptive_os/pre_emptive_os.a(timer.o)
 .data          0x400000b9        0x0 ../pre_emptive_os/pre_emptive_os.a(stack_usage.o)
 .data          0x400000b9        0x0 ../pre_emptive_os/pre_emptive_os.a(a7hal.o)
 .data          0x400000b9        0x0 ../pre_emptive_os/pre_emptive_os.a(a7hal_a.o)
 .data          0x400000b9        0x0 ../pre_emptive_os/pre_emptive_os.a(count_sem.o)
 .data          0x400000b9        0x0 ../pre_emptive_os/pre_emptive_os.a(event.o)
 .data          0x400000b9        0x0 pff2/pff2_sd.a(pff.o)
 *fill*         0x400000b9        0x1 00
 .data          0x400000ba        0x2 pff2/pff2_sd.a(diskio.o)
                0x400000ba                fb_timeout
 .data          0x400000bc        0x0 pff2/pff2_sd.a(sd.o)
 .data          0x400000bc        0x0 pff2/pff2_sd.a(spi.o)
 .data          0x400000bc        0x0 /cygdrive/c/Embedded/GNUARM/bin/../lib/gcc/arm-elf/4.1.1/interwork/libgcc.a(_udivsi3.o)
 .data          0x400000bc        0x0 /cygdrive/c/Embedded/GNUARM/bin/../lib/gcc/arm-elf/4.1.1/interwork/libgcc.a(_divsi3.o)
 .data          0x400000bc        0x0 /cygdrive/c/Embedded/GNUARM/bin/../lib/gcc/arm-elf/4.1.1/interwork/libgcc.a(_umodsi3.o)
 .data          0x400000bc        0x0 /cygdrive/c/Embedded/GNUARM/bin/../lib/gcc/arm-elf/4.1.1/interwork/libgcc.a(_dvmd_tls.o)
 .data          0x400000bc        0x0 /cygdrive/c/Embedded/GNUARM/bin/../lib/gcc/arm-elf/4.1.1/interwork/libgcc.a(_call_via_rX.o)
 .data          0x400000bc        0x0 /cygdrive/c/Embedded/GNUARM/bin/../lib/gcc/arm-elf/4.1.1/../../../../arm-elf/lib/interwork/libc.a(atoi.o)
 .data          0x400000bc        0x0 /cygdrive/c/Embedded/GNUARM/bin/../lib/gcc/arm-elf/4.1.1/../../../../arm-elf/lib/interwork/libc.a(memcpy.o)
 .data          0x400000bc        0x0 /cygdrive/c/Embedded/GNUARM/bin/../lib/gcc/arm-elf/4.1.1/../../../../arm-elf/lib/interwork/libc.a(printf.o)
 .data          0x400000bc        0x0 /cygdrive/c/Embedded/GNUARM/bin/../lib/gcc/arm-elf/4.1.1/../../../../arm-elf/lib/interwork/libc.a(puts.o)
 .data          0x400000bc        0x0 /cygdrive/c/Embedded/GNUARM/bin/../lib/gcc/arm-elf/4.1.1/../../../../arm-elf/lib/interwork/libc.a(strcat.o)
 .data          0x400000bc        0x0 /cygdrive/c/Embedded/GNUARM/bin/../lib/gcc/arm-elf/4.1.1/../../../../arm-elf/lib/interwork/libc.a(strcpy.o)
 .data          0x400000bc        0x0 /cygdrive/c/Embedded/GNUARM/bin/../lib/gcc/arm-elf/4.1.1/../../../../arm-elf/lib/interwork/libc.a(strlen.o)
 .data          0x400000bc        0x0 /cygdrive/c/Embedded/GNUARM/bin/../lib/gcc/arm-elf/4.1.1/../../../../arm-elf/lib/interwork/libc.a(strncat.o)
 .data          0x400000bc        0x0 /cygdrive/c/Embedded/GNUARM/bin/../lib/gcc/arm-elf/4.1.1/../../../../arm-elf/lib/interwork/libc.a(strncpy.o)
 .data          0x400000bc        0x0 /cygdrive/c/Embedded/GNUARM/bin/../lib/gcc/arm-elf/4.1.1/../../../../arm-elf/lib/interwork/libc.a(strtol.o)
 .data          0x400000bc        0x0 /cygdrive/c/Embedded/GNUARM/bin/../lib/gcc/arm-elf/4.1.1/../../../../arm-elf/lib/interwork/libc.a(vfprintf.o)
 .data          0x400000bc        0x0 /cygdrive/c/Embedded/GNUARM/bin/../lib/gcc/arm-elf/4.1.1/../../../../arm-elf/lib/interwork/libc.a(wcrtomb.o)
 .data          0x400000bc        0x0 /cygdrive/c/Embedded/GNUARM/bin/../lib/gcc/arm-elf/4.1.1/../../../../arm-elf/lib/interwork/libc.a(wcsrtombs.o)
 .data          0x400000bc        0x0 /cygdrive/c/Embedded/GNUARM/bin/../lib/gcc/arm-elf/4.1.1/../../../../arm-elf/lib/interwork/libc.a(wctomb_r.o)
 .data          0x400000bc        0x0 /cygdrive/c/Embedded/GNUARM/bin/../lib/gcc/arm-elf/4.1.1/../../../../arm-elf/lib/interwork/libc.a(wsetup.o)
 .data          0x400000bc        0x4 /cygdrive/c/Embedded/GNUARM/bin/../lib/gcc/arm-elf/4.1.1/../../../../arm-elf/lib/interwork/libc.a(ctype_.o)
                0x400000bc                __ctype_ptr
 .data          0x400000c0        0x0 /cygdrive/c/Embedded/GNUARM/bin/../lib/gcc/arm-elf/4.1.1/../../../../arm-elf/lib/interwork/libc.a(dtoa.o)
 .data          0x400000c0        0x0 /cygdrive/c/Embedded/GNUARM/bin/../lib/gcc/arm-elf/4.1.1/../../../../arm-elf/lib/interwork/libc.a(fflush.o)
 .data          0x400000c0        0x0 /cygdrive/c/Embedded/GNUARM/bin/../lib/gcc/arm-elf/4.1.1/../../../../arm-elf/lib/interwork/libc.a(findfp.o)
 .data          0x400000c0        0x0 /cygdrive/c/Embedded/GNUARM/bin/../lib/gcc/arm-elf/4.1.1/../../../../arm-elf/lib/interwork/libc.a(freer.o)
 .data          0x400000c0        0x0 /cygdrive/c/Embedded/GNUARM/bin/../lib/gcc/arm-elf/4.1.1/../../../../arm-elf/lib/interwork/libc.a(fvwrite.o)
 .data          0x400000c0        0x0 /cygdrive/c/Embedded/GNUARM/bin/../lib/gcc/arm-elf/4.1.1/../../../../arm-elf/lib/interwork/libc.a(fwalk.o)
 .data          0x400000c0      0x404 /cygdrive/c/Embedded/GNUARM/bin/../lib/gcc/arm-elf/4.1.1/../../../../arm-elf/lib/interwork/libc.a(impure.o)
                0x400000c0                _impure_ptr
 .data          0x400004c4       0x10 /cygdrive/c/Embedded/GNUARM/bin/../lib/gcc/arm-elf/4.1.1/../../../../arm-elf/lib/interwork/libc.a(locale.o)
                0x400004c4                __mb_cur_max
                0x400004c8                __lc_ctype
 .data          0x400004d4        0x0 /cygdrive/c/Embedded/GNUARM/bin/../lib/gcc/arm-elf/4.1.1/../../../../arm-elf/lib/interwork/libc.a(makebuf.o)
 .data          0x400004d4      0x410 /cygdrive/c/Embedded/GNUARM/bin/../lib/gcc/arm-elf/4.1.1/../../../../arm-elf/lib/interwork/libc.a(mallocr.o)
                0x400008e0                __malloc_sbrk_base
                0x400004d4                __malloc_av_
                0x400008dc                __malloc_trim_threshold
 .data          0x400008e4        0x0 /cygdrive/c/Embedded/GNUARM/bin/../lib/gcc/arm-elf/4.1.1/../../../../arm-elf/lib/interwork/libc.a(memchr.o)
 .data          0x400008e4        0x0 /cygdrive/c/Embedded/GNUARM/bin/../lib/gcc/arm-elf/4.1.1/../../../../arm-elf/lib/interwork/libc.a(memmove.o)
 .data          0x400008e4        0x0 /cygdrive/c/Embedded/GNUARM/bin/../lib/gcc/arm-elf/4.1.1/../../../../arm-elf/lib/interwork/libc.a(memset.o)
 .data          0x400008e4        0x0 /cygdrive/c/Embedded/GNUARM/bin/../lib/gcc/arm-elf/4.1.1/../../../../arm-elf/lib/interwork/libc.a(mlock.o)
 .data          0x400008e4        0x0 /cygdrive/c/Embedded/GNUARM/bin/../lib/gcc/arm-elf/4.1.1/../../../../arm-elf/lib/interwork/libc.a(mprec.o)
 .data          0x400008e4        0x0 /cygdrive/c/Embedded/GNUARM/bin/../lib/gcc/arm-elf/4.1.1/../../../../arm-elf/lib/interwork/libc.a(reallocr.o)
 .data          0x400008e4        0x0 /cygdrive/c/Embedded/GNUARM/bin/../lib/gcc/arm-elf/4.1.1/../../../../arm-elf/lib/interwork/libc.a(s_isinf.o)
 .data          0x400008e4        0x0 /cygdrive/c/Embedded/GNUARM/bin/../lib/gcc/arm-elf/4.1.1/../../../../arm-elf/lib/interwork/libc.a(s_isnan.o)
 .data          0x400008e4        0x0 /cygdrive/c/Embedded/GNUARM/bin/../lib/gcc/arm-elf/4.1.1/../../../../arm-elf/lib/interwork/libc.a(sbrkr.o)
 .data          0x400008e4        0x0 /cygdrive/c/Embedded/GNUARM/bin/../lib/gcc/arm-elf/4.1.1/../../../../arm-elf/lib/interwork/libc.a(stdio.o)
 .data          0x400008e4        0x0 /cygdrive/c/Embedded/GNUARM/bin/../lib/gcc/arm-elf/4.1.1/../../../../arm-elf/lib/interwork/libc.a(strcmp.o)
 .data          0x400008e4        0x0 /cygdrive/c/Embedded/GNUARM/bin/../lib/gcc/arm-elf/4.1.1/../../../../arm-elf/lib/interwork/libc.a(syscalls.o)
 .data          0x400008e4        0x0 /cygdrive/c/Embedded/GNUARM/bin/../lib/gcc/arm-elf/4.1.1/../../../../arm-elf/lib/interwork/libc.a(writer.o)
 .data          0x400008e4        0x0 /cygdrive/c/Embedded/GNUARM/bin/../lib/gcc/arm-elf/4.1.1/../../../../arm-elf/lib/interwork/libc.a(callocr.o)
 .data          0x400008e4        0x0 /cygdrive/c/Embedded/GNUARM/bin/../lib/gcc/arm-elf/4.1.1/../../../../arm-elf/lib/interwork/libc.a(closer.o)
 .data          0x400008e4        0x0 /cygdrive/c/Embedded/GNUARM/bin/../lib/gcc/arm-elf/4.1.1/../../../../arm-elf/lib/interwork/libc.a(errno.o)
 .data          0x400008e4        0x0 /cygdrive/c/Embedded/GNUARM/bin/../lib/gcc/arm-elf/4.1.1/../../../../arm-elf/lib/interwork/libc.a(fclose.o)
 .data          0x400008e4        0x0 /cygdrive/c/Embedded/GNUARM/bin/../lib/gcc/arm-elf/4.1.1/../../../../arm-elf/lib/interwork/libc.a(fstatr.o)
 .data          0x400008e4        0x0 /cygdrive/c/Embedded/GNUARM/bin/../lib/gcc/arm-elf/4.1.1/../../../../arm-elf/lib/interwork/libc.a(lseekr.o)
 .data          0x400008e4        0x0 /cygdrive/c/Embedded/GNUARM/bin/../lib/gcc/arm-elf/4.1.1/../../../../arm-elf/lib/interwork/libc.a(readr.o)
 .data          0x400008e4        0x0 /cygdrive/c/Embedded/GNUARM/bin/../lib/gcc/arm-elf/4.1.1/../../../../arm-elf/lib/interwork/libc.a(reent.o)
 .data          0x400008e4        0x0 /cygdrive/c/Embedded/GNUARM/bin/../lib/gcc/arm-elf/4.1.1/interwork/libgcc.a(_addsubdf3.o)
 .data          0x400008e4        0x0 /cygdrive/c/Embedded/GNUARM/bin/../lib/gcc/arm-elf/4.1.1/interwork/libgcc.a(_muldivdf3.o)
 .data          0x400008e4        0x0 /cygdrive/c/Embedded/GNUARM/bin/../lib/gcc/arm-elf/4.1.1/interwork/libgcc.a(_cmpdf2.o)
 .data          0x400008e4        0x0 /cygdrive/c/Embedded/GNUARM/bin/../lib/gcc/arm-elf/4.1.1/interwork/libgcc.a(_fixdfsi.o)
                0x400008e4                . = ALIGN (0x4)
                0x400008e4                _edata = .
                0x400008e4                PROVIDE (edata, .)

.bss            0x400008e4     0x1960
                0x400008e4                _bss = .
                0x400008e4                __bss_start = .
                0x400008e4                __bss_start__ = .
 *(.bss)
 .bss           0x400008e4     0x11a4 main.o
                0x400008f0                filesCount
                0x400008ec                kolorDiody
                0x400008e8                msClock
                0x400008e4                wynikInicjalizacjiSd
 .bss           0x40001a88        0x0 eeprom.o
 .bss           0x40001a88        0x0 i2c.o
 .bss           0x40001a88       0x14 uart.o
                0x40001a90                uart1TxRunning
                0x40001a88                uart1TxHead
                0x40001a8c                uart1TxTail
                0x40001a94                uart1RxHead
                0x40001a98                uart1RxTail
 .bss           0x40001a9c        0x0 testAdc.o
 .bss           0x40001a9c        0x0 testLcd.o
 .bss           0x40001a9c        0x0 testRGB.o
 .bss           0x40001a9c        0x6 lcd.o
 .bss           0x40001aa2        0x0 lcd_hw.o
 .bss           0x40001aa2      0x134 key.o
 .bss           0x40001bd6        0x0 functions.o
 .bss           0x40001bd6        0x0 irq/irq_code.a(irqUart.o)
 .bss           0x40001bd6        0x0 ../startup/libea_startup_thumb.a(consol.o)
 .bss           0x40001bd6        0x0 ../startup/libea_startup_thumb.a(startup.o)
 .bss           0x40001bd6        0x0 ../startup/libea_startup_thumb.a(framework.o)
 *fill*         0x40001bd6        0x2 00
 .bss           0x40001bd8       0x2c ../pre_emptive_os/pre_emptive_os.a(kernel.o)
                0x40001bd8                osLockNesting
                0x40001bdc                pNxtToRun
                0x40001be0                pRunProc
                0x40001bd9                isrNesting
 .bss           0x40001c04        0x0 ../pre_emptive_os/pre_emptive_os.a(prioqueue.o)
 .bss           0x40001c04      0x348 ../pre_emptive_os/pre_emptive_os.a(timer.o)
 .bss           0x40001f4c        0x0 ../pre_emptive_os/pre_emptive_os.a(stack_usage.o)
 .bss           0x40001f4c        0x0 ../pre_emptive_os/pre_emptive_os.a(a7hal.o)
 .bss           0x40001f4c        0x0 ../pre_emptive_os/pre_emptive_os.a(a7hal_a.o)
 .bss           0x40001f4c        0x0 ../pre_emptive_os/pre_emptive_os.a(count_sem.o)
 .bss           0x40001f4c        0x0 ../pre_emptive_os/pre_emptive_os.a(event.o)
 .bss           0x40001f4c        0x4 pff2/pff2_sd.a(pff.o)
 .bss           0x40001f50        0x0 pff2/pff2_sd.a(diskio.o)
 .bss           0x40001f50        0x0 pff2/pff2_sd.a(sd.o)
 .bss           0x40001f50        0x1 pff2/pff2_sd.a(spi.o)
 .bss           0x40001f51        0x0 /cygdrive/c/Embedded/GNUARM/bin/../lib/gcc/arm-elf/4.1.1/interwork/libgcc.a(_udivsi3.o)
 .bss           0x40001f51        0x0 /cygdrive/c/Embedded/GNUARM/bin/../lib/gcc/arm-elf/4.1.1/interwork/libgcc.a(_divsi3.o)
 .bss           0x40001f51        0x0 /cygdrive/c/Embedded/GNUARM/bin/../lib/gcc/arm-elf/4.1.1/interwork/libgcc.a(_umodsi3.o)
 .bss           0x40001f51        0x0 /cygdrive/c/Embedded/GNUARM/bin/../lib/gcc/arm-elf/4.1.1/interwork/libgcc.a(_dvmd_tls.o)
 .bss           0x40001f51        0x0 /cygdrive/c/Embedded/GNUARM/bin/../lib/gcc/arm-elf/4.1.1/interwork/libgcc.a(_call_via_rX.o)
 .bss           0x40001f51        0x0 /cygdrive/c/Embedded/GNUARM/bin/../lib/gcc/arm-elf/4.1.1/../../../../arm-elf/lib/interwork/libc.a(atoi.o)
 .bss           0x40001f51        0x0 /cygdrive/c/Embedded/GNUARM/bin/../lib/gcc/arm-elf/4.1.1/../../../../arm-elf/lib/interwork/libc.a(memcpy.o)
 .bss           0x40001f51        0x0 /cygdrive/c/Embedded/GNUARM/bin/../lib/gcc/arm-elf/4.1.1/../../../../arm-elf/lib/interwork/libc.a(printf.o)
 .bss           0x40001f51        0x0 /cygdrive/c/Embedded/GNUARM/bin/../lib/gcc/arm-elf/4.1.1/../../../../arm-elf/lib/interwork/libc.a(puts.o)
 .bss           0x40001f51        0x0 /cygdrive/c/Embedded/GNUARM/bin/../lib/gcc/arm-elf/4.1.1/../../../../arm-elf/lib/interwork/libc.a(strcat.o)
 .bss           0x40001f51        0x0 /cygdrive/c/Embedded/GNUARM/bin/../lib/gcc/arm-elf/4.1.1/../../../../arm-elf/lib/interwork/libc.a(strcpy.o)
 .bss           0x40001f51        0x0 /cygdrive/c/Embedded/GNUARM/bin/../lib/gcc/arm-elf/4.1.1/../../../../arm-elf/lib/interwork/libc.a(strlen.o)
 .bss           0x40001f51        0x0 /cygdrive/c/Embedded/GNUARM/bin/../lib/gcc/arm-elf/4.1.1/../../../../arm-elf/lib/interwork/libc.a(strncat.o)
 .bss           0x40001f51        0x0 /cygdrive/c/Embedded/GNUARM/bin/../lib/gcc/arm-elf/4.1.1/../../../../arm-elf/lib/interwork/libc.a(strncpy.o)
 .bss           0x40001f51        0x0 /cygdrive/c/Embedded/GNUARM/bin/../lib/gcc/arm-elf/4.1.1/../../../../arm-elf/lib/interwork/libc.a(strtol.o)
 .bss           0x40001f51        0x0 /cygdrive/c/Embedded/GNUARM/bin/../lib/gcc/arm-elf/4.1.1/../../../../arm-elf/lib/interwork/libc.a(vfprintf.o)
 .bss           0x40001f51        0x0 /cygdrive/c/Embedded/GNUARM/bin/../lib/gcc/arm-elf/4.1.1/../../../../arm-elf/lib/interwork/libc.a(wcrtomb.o)
 .bss           0x40001f51        0x0 /cygdrive/c/Embedded/GNUARM/bin/../lib/gcc/arm-elf/4.1.1/../../../../arm-elf/lib/interwork/libc.a(wcsrtombs.o)
 .bss           0x40001f51        0x0 /cygdrive/c/Embedded/GNUARM/bin/../lib/gcc/arm-elf/4.1.1/../../../../arm-elf/lib/interwork/libc.a(wctomb_r.o)
 .bss           0x40001f51        0x0 /cygdrive/c/Embedded/GNUARM/bin/../lib/gcc/arm-elf/4.1.1/../../../../arm-elf/lib/interwork/libc.a(wsetup.o)
 .bss           0x40001f51        0x0 /cygdrive/c/Embedded/GNUARM/bin/../lib/gcc/arm-elf/4.1.1/../../../../arm-elf/lib/interwork/libc.a(ctype_.o)
 .bss           0x40001f51        0x0 /cygdrive/c/Embedded/GNUARM/bin/../lib/gcc/arm-elf/4.1.1/../../../../arm-elf/lib/interwork/libc.a(dtoa.o)
 .bss           0x40001f51        0x0 /cygdrive/c/Embedded/GNUARM/bin/../lib/gcc/arm-elf/4.1.1/../../../../arm-elf/lib/interwork/libc.a(fflush.o)
 .bss           0x40001f51        0x0 /cygdrive/c/Embedded/GNUARM/bin/../lib/gcc/arm-elf/4.1.1/../../../../arm-elf/lib/interwork/libc.a(findfp.o)
 .bss           0x40001f51        0x0 /cygdrive/c/Embedded/GNUARM/bin/../lib/gcc/arm-elf/4.1.1/../../../../arm-elf/lib/interwork/libc.a(freer.o)
 .bss           0x40001f51        0x0 /cygdrive/c/Embedded/GNUARM/bin/../lib/gcc/arm-elf/4.1.1/../../../../arm-elf/lib/interwork/libc.a(fvwrite.o)
 .bss           0x40001f51        0x0 /cygdrive/c/Embedded/GNUARM/bin/../lib/gcc/arm-elf/4.1.1/../../../../arm-elf/lib/interwork/libc.a(fwalk.o)
 .bss           0x40001f51        0x0 /cygdrive/c/Embedded/GNUARM/bin/../lib/gcc/arm-elf/4.1.1/../../../../arm-elf/lib/interwork/libc.a(impure.o)
 *fill*         0x40001f51        0x3 00
 .bss           0x40001f54        0xc /cygdrive/c/Embedded/GNUARM/bin/../lib/gcc/arm-elf/4.1.1/../../../../arm-elf/lib/interwork/libc.a(locale.o)
                0x40001f54                __nlocale_changed
                0x40001f58                __mlocale_changed
                0x40001f5c                _PathLocale
 .bss           0x40001f60        0x0 /cygdrive/c/Embedded/GNUARM/bin/../lib/gcc/arm-elf/4.1.1/../../../../arm-elf/lib/interwork/libc.a(makebuf.o)
 .bss           0x40001f60       0x34 /cygdrive/c/Embedded/GNUARM/bin/../lib/gcc/arm-elf/4.1.1/../../../../arm-elf/lib/interwork/libc.a(mallocr.o)
                0x40001f60                __malloc_top_pad
                0x40001f64                __malloc_max_sbrked_mem
                0x40001f6c                __malloc_current_mallinfo
                0x40001f68                __malloc_max_total_mem
 .bss           0x40001f94        0x0 /cygdrive/c/Embedded/GNUARM/bin/../lib/gcc/arm-elf/4.1.1/../../../../arm-elf/lib/interwork/libc.a(memchr.o)
 .bss           0x40001f94        0x0 /cygdrive/c/Embedded/GNUARM/bin/../lib/gcc/arm-elf/4.1.1/../../../../arm-elf/lib/interwork/libc.a(memmove.o)
 .bss           0x40001f94        0x0 /cygdrive/c/Embedded/GNUARM/bin/../lib/gcc/arm-elf/4.1.1/../../../../arm-elf/lib/interwork/libc.a(memset.o)
 .bss           0x40001f94        0x0 /cygdrive/c/Embedded/GNUARM/bin/../lib/gcc/arm-elf/4.1.1/../../../../arm-elf/lib/interwork/libc.a(mlock.o)
 .bss           0x40001f94        0x0 /cygdrive/c/Embedded/GNUARM/bin/../lib/gcc/arm-elf/4.1.1/../../../../arm-elf/lib/interwork/libc.a(mprec.o)
 .bss           0x40001f94        0x0 /cygdrive/c/Embedded/GNUARM/bin/../lib/gcc/arm-elf/4.1.1/../../../../arm-elf/lib/interwork/libc.a(reallocr.o)
 .bss           0x40001f94        0x0 /cygdrive/c/Embedded/GNUARM/bin/../lib/gcc/arm-elf/4.1.1/../../../../arm-elf/lib/interwork/libc.a(s_isinf.o)
 .bss           0x40001f94        0x0 /cygdrive/c/Embedded/GNUARM/bin/../lib/gcc/arm-elf/4.1.1/../../../../arm-elf/lib/interwork/libc.a(s_isnan.o)
 .bss           0x40001f94        0x0 /cygdrive/c/Embedded/GNUARM/bin/../lib/gcc/arm-elf/4.1.1/../../../../arm-elf/lib/interwork/libc.a(sbrkr.o)
 .bss           0x40001f94        0x0 /cygdrive/c/Embedded/GNUARM/bin/../lib/gcc/arm-elf/4.1.1/../../../../arm-elf/lib/interwork/libc.a(stdio.o)
 .bss           0x40001f94        0x0 /cygdrive/c/Embedded/GNUARM/bin/../lib/gcc/arm-elf/4.1.1/../../../../arm-elf/lib/interwork/libc.a(strcmp.o)
 .bss           0x40001f94       0xb0 /cygdrive/c/Embedded/GNUARM/bin/../lib/gcc/arm-elf/4.1.1/../../../../arm-elf/lib/interwork/libc.a(syscalls.o)
 .bss           0x40002044        0x0 /cygdrive/c/Embedded/GNUARM/bin/../lib/gcc/arm-elf/4.1.1/../../../../arm-elf/lib/interwork/libc.a(writer.o)
 .bss           0x40002044        0x0 /cygdrive/c/Embedded/GNUARM/bin/../lib/gcc/arm-elf/4.1.1/../../../../arm-elf/lib/interwork/libc.a(callocr.o)
 .bss           0x40002044        0x0 /cygdrive/c/Embedded/GNUARM/bin/../lib/gcc/arm-elf/4.1.1/../../../../arm-elf/lib/interwork/libc.a(closer.o)
 .bss           0x40002044        0x0 /cygdrive/c/Embedded/GNUARM/bin/../lib/gcc/arm-elf/4.1.1/../../../../arm-elf/lib/interwork/libc.a(errno.o)
 .bss           0x40002044        0x0 /cygdrive/c/Embedded/GNUARM/bin/../lib/gcc/arm-elf/4.1.1/../../../../arm-elf/lib/interwork/libc.a(fclose.o)
 .bss           0x40002044        0x0 /cygdrive/c/Embedded/GNUARM/bin/../lib/gcc/arm-elf/4.1.1/../../../../arm-elf/lib/interwork/libc.a(fstatr.o)
 .bss           0x40002044        0x0 /cygdrive/c/Embedded/GNUARM/bin/../lib/gcc/arm-elf/4.1.1/../../../../arm-elf/lib/interwork/libc.a(lseekr.o)
 .bss           0x40002044        0x0 /cygdrive/c/Embedded/GNUARM/bin/../lib/gcc/arm-elf/4.1.1/../../../../arm-elf/lib/interwork/libc.a(readr.o)
 .bss           0x40002044        0x0 /cygdrive/c/Embedded/GNUARM/bin/../lib/gcc/arm-elf/4.1.1/../../../../arm-elf/lib/interwork/libc.a(reent.o)
 .bss           0x40002044        0x0 /cygdrive/c/Embedded/GNUARM/bin/../lib/gcc/arm-elf/4.1.1/interwork/libgcc.a(_addsubdf3.o)
 .bss           0x40002044        0x0 /cygdrive/c/Embedded/GNUARM/bin/../lib/gcc/arm-elf/4.1.1/interwork/libgcc.a(_muldivdf3.o)
 .bss           0x40002044        0x0 /cygdrive/c/Embedded/GNUARM/bin/../lib/gcc/arm-elf/4.1.1/interwork/libgcc.a(_cmpdf2.o)
 .bss           0x40002044        0x0 /cygdrive/c/Embedded/GNUARM/bin/../lib/gcc/arm-elf/4.1.1/interwork/libgcc.a(_fixdfsi.o)
 *(COMMON)
 COMMON         0x40002044       0x30 main.o
                0x40002044                fatfs
 COMMON         0x40002074       0x80 uart.o
                0x40002074                uart1RxBuf
                0x400020b4                uart1TxBuf
 COMMON         0x400020f4       0x21 lcd.o
                0x400020f4                buf
 *fill*         0x40002115        0x3 00
 COMMON         0x40002118        0x8 ../startup/libea_startup_thumb.a(framework.o)
                0x40002118                pHeapEnd
                0x4000211c                pHeapStart
 COMMON         0x40002120       0xf0 ../pre_emptive_os/pre_emptive_os.a(kernel.o)
                0x40002120                processControlBlocks
 COMMON         0x40002210       0x1c pff2/pff2_sd.a(pff.o)
                0x40002210                fs
                0x40002214                remain
                0x40002218                clst
                0x4000221c                rcnt
                0x40002220                sect
                0x40002224                rbuff
                0x40002228                dr
 COMMON         0x4000222c       0x10 pff2/pff2_sd.a(diskio.o)
                0x4000222c                firstblock
                0x40002230                i
                0x40002234                c
                0x40002235                cardresp
                0x40002238                place
 COMMON         0x4000223c        0x3 pff2/pff2_sd.a(sd.o)
                0x4000223c                resp16
                0x4000223e                resp8b
 COMMON         0x4000223f        0x1 pff2/pff2_sd.a(spi.o)
                0x4000223f                incoming
 COMMON         0x40002240        0x4 /cygdrive/c/Embedded/GNUARM/bin/../lib/gcc/arm-elf/4.1.1/../../../../arm-elf/lib/interwork/libc.a(reent.o)
                0x40002240                errno
                0x40002244                . = ALIGN (0x4)
                0x40002244                . = ALIGN (0x4)
                0x40002244                __bss_end = .
                0x40002244                __bss_end__ = .
                0x40002244                _end = .
                0x40002244                PROVIDE (end, .)

.stab           0x00000000      0x600
 *(.stab)
 .stab          0x00000000      0x3c0 ../startup/libea_startup_thumb.a(startup.o)
 .stab          0x000003c0      0x240 ../pre_emptive_os/pre_emptive_os.a(a7hal_a.o)
                                0x24c (size before relaxing)

.stabstr        0x00000000       0x99
 *(.stabstr)
 .stabstr       0x00000000       0x99 ../startup/libea_startup_thumb.a(startup.o)

.stab.excl
 *(.stab.excl)

.stab.exclstr
 *(.stab.exclstr)

.stab.index
 *(.stab.index)

.stab.indexstr
 *(.stab.indexstr)

.comment        0x00000000      0x510
 *(.comment)
 .comment       0x00000000       0x12 main.o
 .comment       0x00000012       0x12 eeprom.o
 .comment       0x00000024       0x12 i2c.o
 .comment       0x00000036       0x12 uart.o
 .comment       0x00000048       0x12 testAdc.o
 .comment       0x0000005a       0x12 testLcd.o
 .comment       0x0000006c       0x12 testRGB.o
 .comment       0x0000007e       0x12 lcd.o
 .comment       0x00000090       0x12 lcd_hw.o
 .comment       0x000000a2       0x12 key.o
 .comment       0x000000b4       0x12 functions.o
 .comment       0x000000c6       0x12 irq/irq_code.a(irqUart.o)
 .comment       0x000000d8       0x12 ../startup/libea_startup_thumb.a(consol.o)
 .comment       0x000000ea       0x12 ../startup/libea_startup_thumb.a(framework.o)
 .comment       0x000000fc       0x12 ../pre_emptive_os/pre_emptive_os.a(kernel.o)
 .comment       0x0000010e       0x12 ../pre_emptive_os/pre_emptive_os.a(prioqueue.o)
 .comment       0x00000120       0x12 ../pre_emptive_os/pre_emptive_os.a(timer.o)
 .comment       0x00000132       0x12 ../pre_emptive_os/pre_emptive_os.a(stack_usage.o)
 .comment       0x00000144       0x12 ../pre_emptive_os/pre_emptive_os.a(a7hal.o)
 .comment       0x00000156       0x12 ../pre_emptive_os/pre_emptive_os.a(count_sem.o)
 .comment       0x00000168       0x12 ../pre_emptive_os/pre_emptive_os.a(event.o)
 .comment       0x0000017a       0x12 pff2/pff2_sd.a(pff.o)
 .comment       0x0000018c       0x12 pff2/pff2_sd.a(diskio.o)
 .comment       0x0000019e       0x12 pff2/pff2_sd.a(sd.o)
 .comment       0x000001b0       0x12 pff2/pff2_sd.a(spi.o)
 .comment       0x000001c2       0x12 /cygdrive/c/Embedded/GNUARM/bin/../lib/gcc/arm-elf/4.1.1/../../../../arm-elf/lib/interwork/libc.a(atoi.o)
 .comment       0x000001d4       0x12 /cygdrive/c/Embedded/GNUARM/bin/../lib/gcc/arm-elf/4.1.1/../../../../arm-elf/lib/interwork/libc.a(memcpy.o)
 .comment       0x000001e6       0x12 /cygdrive/c/Embedded/GNUARM/bin/../lib/gcc/arm-elf/4.1.1/../../../../arm-elf/lib/interwork/libc.a(printf.o)
 .comment       0x000001f8       0x12 /cygdrive/c/Embedded/GNUARM/bin/../lib/gcc/arm-elf/4.1.1/../../../../arm-elf/lib/interwork/libc.a(puts.o)
 .comment       0x0000020a       0x12 /cygdrive/c/Embedded/GNUARM/bin/../lib/gcc/arm-elf/4.1.1/../../../../arm-elf/lib/interwork/libc.a(strcat.o)
 .comment       0x0000021c       0x12 /cygdrive/c/Embedded/GNUARM/bin/../lib/gcc/arm-elf/4.1.1/../../../../arm-elf/lib/interwork/libc.a(strcpy.o)
 .comment       0x0000022e       0x12 /cygdrive/c/Embedded/GNUARM/bin/../lib/gcc/arm-elf/4.1.1/../../../../arm-elf/lib/interwork/libc.a(strlen.o)
 .comment       0x00000240       0x12 /cygdrive/c/Embedded/GNUARM/bin/../lib/gcc/arm-elf/4.1.1/../../../../arm-elf/lib/interwork/libc.a(strncat.o)
 .comment       0x00000252       0x12 /cygdrive/c/Embedded/GNUARM/bin/../lib/gcc/arm-elf/4.1.1/../../../../arm-elf/lib/interwork/libc.a(strncpy.o)
 .comment       0x00000264       0x12 /cygdrive/c/Embedded/GNUARM/bin/../lib/gcc/arm-elf/4.1.1/../../../../arm-elf/lib/interwork/libc.a(strtol.o)
 .comment       0x00000276       0x12 /cygdrive/c/Embedded/GNUARM/bin/../lib/gcc/arm-elf/4.1.1/../../../../arm-elf/lib/interwork/libc.a(vfprintf.o)
 .comment       0x00000288       0x12 /cygdrive/c/Embedded/GNUARM/bin/../lib/gcc/arm-elf/4.1.1/../../../../arm-elf/lib/interwork/libc.a(wcrtomb.o)
 .comment       0x0000029a       0x12 /cygdrive/c/Embedded/GNUARM/bin/../lib/gcc/arm-elf/4.1.1/../../../../arm-elf/lib/interwork/libc.a(wcsrtombs.o)
 .comment       0x000002ac       0x12 /cygdrive/c/Embedded/GNUARM/bin/../lib/gcc/arm-elf/4.1.1/../../../../arm-elf/lib/interwork/libc.a(wctomb_r.o)
 .comment       0x000002be       0x12 /cygdrive/c/Embedded/GNUARM/bin/../lib/gcc/arm-elf/4.1.1/../../../../arm-elf/lib/interwork/libc.a(wsetup.o)
 .comment       0x000002d0       0x12 /cygdrive/c/Embedded/GNUARM/bin/../lib/gcc/arm-elf/4.1.1/../../../../arm-elf/lib/interwork/libc.a(ctype_.o)
 .comment       0x000002e2       0x12 /cygdrive/c/Embedded/GNUARM/bin/../lib/gcc/arm-elf/4.1.1/../../../../arm-elf/lib/interwork/libc.a(dtoa.o)
 .comment       0x000002f4       0x12 /cygdrive/c/Embedded/GNUARM/bin/../lib/gcc/arm-elf/4.1.1/../../../../arm-elf/lib/interwork/libc.a(fflush.o)
 .comment       0x00000306       0x12 /cygdrive/c/Embedded/GNUARM/bin/../lib/gcc/arm-elf/4.1.1/../../../../arm-elf/lib/interwork/libc.a(findfp.o)
 .comment       0x00000318       0x12 /cygdrive/c/Embedded/GNUARM/bin/../lib/gcc/arm-elf/4.1.1/../../../../arm-elf/lib/interwork/libc.a(freer.o)
 .comment       0x0000032a       0x12 /cygdrive/c/Embedded/GNUARM/bin/../lib/gcc/arm-elf/4.1.1/../../../../arm-elf/lib/interwork/libc.a(fvwrite.o)
 .comment       0x0000033c       0x12 /cygdrive/c/Embedded/GNUARM/bin/../lib/gcc/arm-elf/4.1.1/../../../../arm-elf/lib/interwork/libc.a(fwalk.o)
 .comment       0x0000034e       0x12 /cygdrive/c/Embedded/GNUARM/bin/../lib/gcc/arm-elf/4.1.1/../../../../arm-elf/lib/interwork/libc.a(impure.o)
 .comment       0x00000360       0x12 /cygdrive/c/Embedded/GNUARM/bin/../lib/gcc/arm-elf/4.1.1/../../../../arm-elf/lib/interwork/libc.a(locale.o)
 .comment       0x00000372       0x12 /cygdrive/c/Embedded/GNUARM/bin/../lib/gcc/arm-elf/4.1.1/../../../../arm-elf/lib/interwork/libc.a(makebuf.o)
 .comment       0x00000384       0x12 /cygdrive/c/Embedded/GNUARM/bin/../lib/gcc/arm-elf/4.1.1/../../../../arm-elf/lib/interwork/libc.a(mallocr.o)
 .comment       0x00000396       0x12 /cygdrive/c/Embedded/GNUARM/bin/../lib/gcc/arm-elf/4.1.1/../../../../arm-elf/lib/interwork/libc.a(memchr.o)
 .comment       0x000003a8       0x12 /cygdrive/c/Embedded/GNUARM/bin/../lib/gcc/arm-elf/4.1.1/../../../../arm-elf/lib/interwork/libc.a(memmove.o)
 .comment       0x000003ba       0x12 /cygdrive/c/Embedded/GNUARM/bin/../lib/gcc/arm-elf/4.1.1/../../../../arm-elf/lib/interwork/libc.a(memset.o)
 .comment       0x000003cc       0x12 /cygdrive/c/Embedded/GNUARM/bin/../lib/gcc/arm-elf/4.1.1/../../../../arm-elf/lib/interwork/libc.a(mlock.o)
 .comment       0x000003de       0x12 /cygdrive/c/Embedded/GNUARM/bin/../lib/gcc/arm-elf/4.1.1/../../../../arm-elf/lib/interwork/libc.a(mprec.o)
 .comment       0x000003f0       0x12 /cygdrive/c/Embedded/GNUARM/bin/../lib/gcc/arm-elf/4.1.1/../../../../arm-elf/lib/interwork/libc.a(reallocr.o)
 .comment       0x00000402       0x12 /cygdrive/c/Embedded/GNUARM/bin/../lib/gcc/arm-elf/4.1.1/../../../../arm-elf/lib/interwork/libc.a(s_isinf.o)
 .comment       0x00000414       0x12 /cygdrive/c/Embedded/GNUARM/bin/../lib/gcc/arm-elf/4.1.1/../../../../arm-elf/lib/interwork/libc.a(s_isnan.o)
 .comment       0x00000426       0x12 /cygdrive/c/Embedded/GNUARM/bin/../lib/gcc/arm-elf/4.1.1/../../../../arm-elf/lib/interwork/libc.a(sbrkr.o)
 .comment       0x00000438       0x12 /cygdrive/c/Embedded/GNUARM/bin/../lib/gcc/arm-elf/4.1.1/../../../../arm-elf/lib/interwork/libc.a(stdio.o)
 .comment       0x0000044a       0x12 /cygdrive/c/Embedded/GNUARM/bin/../lib/gcc/arm-elf/4.1.1/../../../../arm-elf/lib/interwork/libc.a(strcmp.o)
 .comment       0x0000045c       0x12 /cygdrive/c/Embedded/GNUARM/bin/../lib/gcc/arm-elf/4.1.1/../../../../arm-elf/lib/interwork/libc.a(syscalls.o)
 .comment       0x0000046e       0x12 /cygdrive/c/Embedded/GNUARM/bin/../lib/gcc/arm-elf/4.1.1/../../../../arm-elf/lib/interwork/libc.a(writer.o)
 .comment       0x00000480       0x12 /cygdrive/c/Embedded/GNUARM/bin/../lib/gcc/arm-elf/4.1.1/../../../../arm-elf/lib/interwork/libc.a(callocr.o)
 .comment       0x00000492       0x12 /cygdrive/c/Embedded/GNUARM/bin/../lib/gcc/arm-elf/4.1.1/../../../../arm-elf/lib/interwork/libc.a(closer.o)
 .comment       0x000004a4       0x12 /cygdrive/c/Embedded/GNUARM/bin/../lib/gcc/arm-elf/4.1.1/../../../../arm-elf/lib/interwork/libc.a(errno.o)
 .comment       0x000004b6       0x12 /cygdrive/c/Embedded/GNUARM/bin/../lib/gcc/arm-elf/4.1.1/../../../../arm-elf/lib/interwork/libc.a(fclose.o)
 .comment       0x000004c8       0x12 /cygdrive/c/Embedded/GNUARM/bin/../lib/gcc/arm-elf/4.1.1/../../../../arm-elf/lib/interwork/libc.a(fstatr.o)
 .comment       0x000004da       0x12 /cygdrive/c/Embedded/GNUARM/bin/../lib/gcc/arm-elf/4.1.1/../../../../arm-elf/lib/interwork/libc.a(lseekr.o)
 .comment       0x000004ec       0x12 /cygdrive/c/Embedded/GNUARM/bin/../lib/gcc/arm-elf/4.1.1/../../../../arm-elf/lib/interwork/libc.a(readr.o)
 .comment       0x000004fe       0x12 /cygdrive/c/Embedded/GNUARM/bin/../lib/gcc/arm-elf/4.1.1/../../../../arm-elf/lib/interwork/libc.a(reent.o)

.debug
 *(.debug)

.line
 *(.line)

.debug_srcinfo
 *(.debug_srcinfo)

.debug_sfnames
 *(.debug_sfnames)

.debug_aranges  0x00000000      0x9a0
 *(.debug_aranges)
 .debug_aranges
                0x00000000       0x20 main.o
 .debug_aranges
                0x00000020       0x20 eeprom.o
 .debug_aranges
                0x00000040       0x20 i2c.o
 .debug_aranges
                0x00000060       0x20 uart.o
 .debug_aranges
                0x00000080       0x20 testAdc.o
 .debug_aranges
                0x000000a0       0x20 lcd.o
 .debug_aranges
                0x000000c0       0x20 lcd_hw.o
 .debug_aranges
                0x000000e0       0x20 key.o
 .debug_aranges
                0x00000100       0x20 functions.o
 .debug_aranges
                0x00000120       0x20 irq/irq_code.a(irqUart.o)
 .debug_aranges
                0x00000140       0x20 ../startup/libea_startup_thumb.a(consol.o)
 .debug_aranges
                0x00000160       0x20 ../startup/libea_startup_thumb.a(framework.o)
 .debug_aranges
                0x00000180       0x20 ../pre_emptive_os/pre_emptive_os.a(kernel.o)
 .debug_aranges
                0x000001a0       0x20 ../pre_emptive_os/pre_emptive_os.a(prioqueue.o)
 .debug_aranges
                0x000001c0       0x20 ../pre_emptive_os/pre_emptive_os.a(timer.o)
 .debug_aranges
                0x000001e0       0x20 ../pre_emptive_os/pre_emptive_os.a(stack_usage.o)
 .debug_aranges
                0x00000200       0x20 ../pre_emptive_os/pre_emptive_os.a(a7hal.o)
 .debug_aranges
                0x00000220       0x20 ../pre_emptive_os/pre_emptive_os.a(count_sem.o)
 .debug_aranges
                0x00000240       0x20 ../pre_emptive_os/pre_emptive_os.a(event.o)
 .debug_aranges
                0x00000260       0x20 pff2/pff2_sd.a(pff.o)
 .debug_aranges
                0x00000280       0x20 pff2/pff2_sd.a(diskio.o)
 .debug_aranges
                0x000002a0       0x20 pff2/pff2_sd.a(sd.o)
 .debug_aranges
                0x000002c0       0x20 pff2/pff2_sd.a(spi.o)
 .debug_aranges
                0x000002e0       0x20 /cygdrive/c/Embedded/GNUARM/bin/../lib/gcc/arm-elf/4.1.1/interwork/libgcc.a(_udivsi3.o)
 .debug_aranges
                0x00000300       0x20 /cygdrive/c/Embedded/GNUARM/bin/../lib/gcc/arm-elf/4.1.1/interwork/libgcc.a(_divsi3.o)
 .debug_aranges
                0x00000320       0x20 /cygdrive/c/Embedded/GNUARM/bin/../lib/gcc/arm-elf/4.1.1/interwork/libgcc.a(_umodsi3.o)
 .debug_aranges
                0x00000340       0x20 /cygdrive/c/Embedded/GNUARM/bin/../lib/gcc/arm-elf/4.1.1/interwork/libgcc.a(_dvmd_tls.o)
 .debug_aranges
                0x00000360       0x20 /cygdrive/c/Embedded/GNUARM/bin/../lib/gcc/arm-elf/4.1.1/interwork/libgcc.a(_call_via_rX.o)
 .debug_aranges
                0x00000380       0x20 /cygdrive/c/Embedded/GNUARM/bin/../lib/gcc/arm-elf/4.1.1/../../../../arm-elf/lib/interwork/libc.a(atoi.o)
 .debug_aranges
                0x000003a0       0x20 /cygdrive/c/Embedded/GNUARM/bin/../lib/gcc/arm-elf/4.1.1/../../../../arm-elf/lib/interwork/libc.a(memcpy.o)
 .debug_aranges
                0x000003c0       0x20 /cygdrive/c/Embedded/GNUARM/bin/../lib/gcc/arm-elf/4.1.1/../../../../arm-elf/lib/interwork/libc.a(printf.o)
 .debug_aranges
                0x000003e0       0x20 /cygdrive/c/Embedded/GNUARM/bin/../lib/gcc/arm-elf/4.1.1/../../../../arm-elf/lib/interwork/libc.a(puts.o)
 .debug_aranges
                0x00000400       0x20 /cygdrive/c/Embedded/GNUARM/bin/../lib/gcc/arm-elf/4.1.1/../../../../arm-elf/lib/interwork/libc.a(strcat.o)
 .debug_aranges
                0x00000420       0x20 /cygdrive/c/Embedded/GNUARM/bin/../lib/gcc/arm-elf/4.1.1/../../../../arm-elf/lib/interwork/libc.a(strcpy.o)
 .debug_aranges
                0x00000440       0x20 /cygdrive/c/Embedded/GNUARM/bin/../lib/gcc/arm-elf/4.1.1/../../../../arm-elf/lib/interwork/libc.a(strlen.o)
 .debug_aranges
                0x00000460       0x20 /cygdrive/c/Embedded/GNUARM/bin/../lib/gcc/arm-elf/4.1.1/../../../../arm-elf/lib/interwork/libc.a(strncat.o)
 .debug_aranges
                0x00000480       0x20 /cygdrive/c/Embedded/GNUARM/bin/../lib/gcc/arm-elf/4.1.1/../../../../arm-elf/lib/interwork/libc.a(strncpy.o)
 .debug_aranges
                0x000004a0       0x20 /cygdrive/c/Embedded/GNUARM/bin/../lib/gcc/arm-elf/4.1.1/../../../../arm-elf/lib/interwork/libc.a(strtol.o)
 .debug_aranges
                0x000004c0       0x20 /cygdrive/c/Embedded/GNUARM/bin/../lib/gcc/arm-elf/4.1.1/../../../../arm-elf/lib/interwork/libc.a(vfprintf.o)
 .debug_aranges
                0x000004e0       0x20 /cygdrive/c/Embedded/GNUARM/bin/../lib/gcc/arm-elf/4.1.1/../../../../arm-elf/lib/interwork/libc.a(wcrtomb.o)
 .debug_aranges
                0x00000500       0x20 /cygdrive/c/Embedded/GNUARM/bin/../lib/gcc/arm-elf/4.1.1/../../../../arm-elf/lib/interwork/libc.a(wcsrtombs.o)
 .debug_aranges
                0x00000520       0x20 /cygdrive/c/Embedded/GNUARM/bin/../lib/gcc/arm-elf/4.1.1/../../../../arm-elf/lib/interwork/libc.a(wctomb_r.o)
 .debug_aranges
                0x00000540       0x20 /cygdrive/c/Embedded/GNUARM/bin/../lib/gcc/arm-elf/4.1.1/../../../../arm-elf/lib/interwork/libc.a(wsetup.o)
 .debug_aranges
                0x00000560       0x20 /cygdrive/c/Embedded/GNUARM/bin/../lib/gcc/arm-elf/4.1.1/../../../../arm-elf/lib/interwork/libc.a(dtoa.o)
 .debug_aranges
                0x00000580       0x20 /cygdrive/c/Embedded/GNUARM/bin/../lib/gcc/arm-elf/4.1.1/../../../../arm-elf/lib/interwork/libc.a(fflush.o)
 .debug_aranges
                0x000005a0       0x20 /cygdrive/c/Embedded/GNUARM/bin/../lib/gcc/arm-elf/4.1.1/../../../../arm-elf/lib/interwork/libc.a(findfp.o)
 .debug_aranges
                0x000005c0       0x20 /cygdrive/c/Embedded/GNUARM/bin/../lib/gcc/arm-elf/4.1.1/../../../../arm-elf/lib/interwork/libc.a(freer.o)
 .debug_aranges
                0x000005e0       0x20 /cygdrive/c/Embedded/GNUARM/bin/../lib/gcc/arm-elf/4.1.1/../../../../arm-elf/lib/interwork/libc.a(fvwrite.o)
 .debug_aranges
                0x00000600       0x20 /cygdrive/c/Embedded/GNUARM/bin/../lib/gcc/arm-elf/4.1.1/../../../../arm-elf/lib/interwork/libc.a(fwalk.o)
 .debug_aranges
                0x00000620       0x20 /cygdrive/c/Embedded/GNUARM/bin/../lib/gcc/arm-elf/4.1.1/../../../../arm-elf/lib/interwork/libc.a(locale.o)
 .debug_aranges
                0x00000640       0x20 /cygdrive/c/Embedded/GNUARM/bin/../lib/gcc/arm-elf/4.1.1/../../../../arm-elf/lib/interwork/libc.a(makebuf.o)
 .debug_aranges
                0x00000660       0x20 /cygdrive/c/Embedded/GNUARM/bin/../lib/gcc/arm-elf/4.1.1/../../../../arm-elf/lib/interwork/libc.a(mallocr.o)
 .debug_aranges
                0x00000680       0x20 /cygdrive/c/Embedded/GNUARM/bin/../lib/gcc/arm-elf/4.1.1/../../../../arm-elf/lib/interwork/libc.a(memchr.o)
 .debug_aranges
                0x000006a0       0x20 /cygdrive/c/Embedded/GNUARM/bin/../lib/gcc/arm-elf/4.1.1/../../../../arm-elf/lib/interwork/libc.a(memmove.o)
 .debug_aranges
                0x000006c0       0x20 /cygdrive/c/Embedded/GNUARM/bin/../lib/gcc/arm-elf/4.1.1/../../../../arm-elf/lib/interwork/libc.a(memset.o)
 .debug_aranges
                0x000006e0       0x20 /cygdrive/c/Embedded/GNUARM/bin/../lib/gcc/arm-elf/4.1.1/../../../../arm-elf/lib/interwork/libc.a(mlock.o)
 .debug_aranges